00:00 +0: loading C:/Users/Thibaut/Desktop/PriorisProject/test/data/providers/list_providers_test.dart                                                                                                 00:01 +0: loading C:/Users/Thibaut/Desktop/PriorisProject/test/data/providers/list_providers_test.dart                                                                                                 00:02 +0: loading C:/Users/Thibaut/Desktop/PriorisProject/test/data/providers/list_providers_test.dart                                                                                                 00:03 +0: loading C:/Users/Thibaut/Desktop/PriorisProject/test/data/providers/list_providers_test.dart                                                                                                 00:04 +0: loading C:/Users/Thibaut/Desktop/PriorisProject/test/data/providers/list_providers_test.dart                                                                                                 00:05 +0: loading C:/Users/Thibaut/Desktop/PriorisProject/test/data/providers/list_providers_test.dart                                                                                                 00:06 +0: loading C:/Users/Thibaut/Desktop/PriorisProject/test/data/providers/list_providers_test.dart                                                                                                 00:06 +0: C:/Users/Thibaut/Desktop/PriorisProject/test/data/providers/list_providers_test.dart: List Providers Repository Providers should provide CustomListRepository                                00:06 +1: C:/Users/Thibaut/Desktop/PriorisProject/test/data/providers/list_providers_test.dart: List Providers Repository Providers should provide CustomListRepository                                00:06 +1: C:/Users/Thibaut/Desktop/PriorisProject/test/data/providers/list_providers_test.dart: List Providers Repository Providers should provide ListItemRepository                                  00:06 +2: C:/Users/Thibaut/Desktop/PriorisProject/test/data/providers/list_providers_test.dart: List Providers Repository Providers should provide ListItemRepository                                  00:06 +2: C:/Users/Thibaut/Desktop/PriorisProject/test/data/providers/list_providers_test.dart: List Providers All Custom Lists Provider should return empty list initially                            00:06 +3: C:/Users/Thibaut/Desktop/PriorisProject/test/data/providers/list_providers_test.dart: List Providers All Custom Lists Provider should return empty list initially                            00:06 +3: C:/Users/Thibaut/Desktop/PriorisProject/test/data/providers/list_providers_test.dart: List Providers All Custom Lists Provider should return lists after adding                              00:06 +4: C:/Users/Thibaut/Desktop/PriorisProject/test/data/providers/list_providers_test.dart: List Providers All Custom Lists Provider should return lists after adding                              00:06 +4: C:/Users/Thibaut/Desktop/PriorisProject/test/data/providers/list_providers_test.dart: List Providers Custom Lists By Type Provider should filter lists by type                               00:06 +5: C:/Users/Thibaut/Desktop/PriorisProject/test/data/providers/list_providers_test.dart: List Providers Custom Lists By Type Provider should filter lists by type                               00:06 +5: C:/Users/Thibaut/Desktop/PriorisProject/test/data/providers/list_providers_test.dart: List Providers Custom Lists With Progress Provider should return lists with calculated progress        00:06 +6: C:/Users/Thibaut/Desktop/PriorisProject/test/data/providers/list_providers_test.dart: List Providers Custom Lists With Progress Provider should return lists with calculated progress        00:06 +6: C:/Users/Thibaut/Desktop/PriorisProject/test/data/providers/list_providers_test.dart: List Providers Completed Custom Lists Provider should return only completed lists                      00:06 +7: C:/Users/Thibaut/Desktop/PriorisProject/test/data/providers/list_providers_test.dart: List Providers Completed Custom Lists Provider should return only completed lists                      00:06 +7: C:/Users/Thibaut/Desktop/PriorisProject/test/data/providers/list_providers_test.dart: List Providers Incomplete Custom Lists Provider should return only incomplete lists                    00:06 +8: C:/Users/Thibaut/Desktop/PriorisProject/test/data/providers/list_providers_test.dart: List Providers Incomplete Custom Lists Provider should return only incomplete lists                    00:06 +8: C:/Users/Thibaut/Desktop/PriorisProject/test/data/providers/list_providers_test.dart: List Providers Custom Lists Stats Provider should return correct statistics                            00:06 +9: C:/Users/Thibaut/Desktop/PriorisProject/test/data/providers/list_providers_test.dart: List Providers Custom Lists Stats Provider should return correct statistics                            00:06 +9: C:/Users/Thibaut/Desktop/PriorisProject/test/data/providers/list_providers_test.dart: List Providers Custom Lists Search Provider should search lists by name                                00:06 +10: C:/Users/Thibaut/Desktop/PriorisProject/test/data/providers/list_providers_test.dart: List Providers Custom Lists Search Provider should search lists by name                               00:06 +10: C:/Users/Thibaut/Desktop/PriorisProject/test/data/providers/list_providers_test.dart: List Providers Custom Lists Search Provider should search lists by description                        00:06 +11: C:/Users/Thibaut/Desktop/PriorisProject/test/data/providers/list_providers_test.dart: List Providers Custom Lists Search Provider should search lists by description                        00:06 +11: C:/Users/Thibaut/Desktop/PriorisProject/test/data/providers/list_providers_test.dart: List Providers Custom Lists Filtered Provider should filter lists by type                             00:06 +12: C:/Users/Thibaut/Desktop/PriorisProject/test/data/providers/list_providers_test.dart: List Providers Custom Lists Filtered Provider should filter lists by type                             00:06 +12: C:/Users/Thibaut/Desktop/PriorisProject/test/data/providers/list_providers_test.dart: List Providers Custom Lists Filtered Provider should filter lists by progress                         00:06 +13: C:/Users/Thibaut/Desktop/PriorisProject/test/data/providers/list_providers_test.dart: List Providers Custom Lists Filtered Provider should filter lists by progress                         00:06 +13: C:/Users/Thibaut/Desktop/PriorisProject/test/data/providers/list_providers_test.dart: List Providers Custom Lists Sorted Provider should sort lists by progress                             00:06 +14: C:/Users/Thibaut/Desktop/PriorisProject/test/data/providers/list_providers_test.dart: List Providers Custom Lists Sorted Provider should sort lists by progress                             00:07 +14: C:/Users/Thibaut/Desktop/PriorisProject/test/data/providers/list_providers_test.dart: List Providers Custom Lists Sorted Provider should sort lists by progress                             00:08 +14: C:/Users/Thibaut/Desktop/PriorisProject/test/data/providers/list_providers_test.dart: List Providers Custom Lists Sorted Provider should sort lists by progress                             00:09 +14: C:/Users/Thibaut/Desktop/PriorisProject/test/data/providers/list_providers_test.dart: List Providers Custom Lists Sorted Provider should sort lists by progress                             00:10 +14: C:/Users/Thibaut/Desktop/PriorisProject/test/data/providers/list_providers_test.dart: List Providers Custom Lists Sorted Provider should sort lists by progress                             00:11 +14: C:/Users/Thibaut/Desktop/PriorisProject/test/data/providers/list_providers_test.dart: List Providers Custom Lists Sorted Provider should sort lists by progress                             00:12 +14: C:/Users/Thibaut/Desktop/PriorisProject/test/data/providers/list_providers_test.dart: List Providers Custom Lists Sorted Provider should sort lists by progress                             00:13 +14: C:/Users/Thibaut/Desktop/PriorisProject/test/data/providers/list_providers_test.dart: List Providers Custom Lists Sorted Provider should sort lists by progress                             00:14 +14: C:/Users/Thibaut/Desktop/PriorisProject/test/data/providers/list_providers_test.dart: List Providers Custom Lists Sorted Provider should sort lists by progress                             00:14 +14: loading C:/Users/Thibaut/Desktop/PriorisProject/test/data/repositories/list_item_repository_test.dart                                                                                       00:14 +14: C:/Users/Thibaut/Desktop/PriorisProject/test/data/repositories/list_item_repository_test.dart: InMemoryListItemRepository ajout et récupération                                             00:14 +15: C:/Users/Thibaut/Desktop/PriorisProject/test/data/repositories/list_item_repository_test.dart: InMemoryListItemRepository ajout et récupération                                             00:14 +15: C:/Users/Thibaut/Desktop/PriorisProject/test/data/repositories/list_item_repository_test.dart: InMemoryListItemRepository getById retourne l'item correct                                   00:14 +16: C:/Users/Thibaut/Desktop/PriorisProject/test/data/repositories/list_item_repository_test.dart: InMemoryListItemRepository getById retourne l'item correct                                   00:14 +16: C:/Users/Thibaut/Desktop/PriorisProject/test/data/repositories/list_item_repository_test.dart: InMemoryListItemRepository add lève une erreur si id déjà présent                            00:14 +17: C:/Users/Thibaut/Desktop/PriorisProject/test/data/repositories/list_item_repository_test.dart: InMemoryListItemRepository add lève une erreur si id déjà présent                            00:14 +17: C:/Users/Thibaut/Desktop/PriorisProject/test/data/repositories/list_item_repository_test.dart: InMemoryListItemRepository update modifie l'item existant                                    00:14 +18: C:/Users/Thibaut/Desktop/PriorisProject/test/data/repositories/list_item_repository_test.dart: InMemoryListItemRepository update modifie l'item existant                                    00:14 +18: C:/Users/Thibaut/Desktop/PriorisProject/test/data/repositories/list_item_repository_test.dart: InMemoryListItemRepository update lève une erreur si id inconnu                              00:14 +19: C:/Users/Thibaut/Desktop/PriorisProject/test/data/repositories/list_item_repository_test.dart: InMemoryListItemRepository update lève une erreur si id inconnu                              00:14 +19: C:/Users/Thibaut/Desktop/PriorisProject/test/data/repositories/list_item_repository_test.dart: InMemoryListItemRepository delete supprime l'item                                            00:14 +20: C:/Users/Thibaut/Desktop/PriorisProject/test/data/repositories/list_item_repository_test.dart: InMemoryListItemRepository delete supprime l'item                                            00:14 +20: C:/Users/Thibaut/Desktop/PriorisProject/test/data/repositories/list_item_repository_test.dart: InMemoryListItemRepository delete ne lève pas d'erreur si id inconnu                         00:14 +21: C:/Users/Thibaut/Desktop/PriorisProject/test/data/repositories/list_item_repository_test.dart: InMemoryListItemRepository delete ne lève pas d'erreur si id inconnu                         00:15 +21: C:/Users/Thibaut/Desktop/PriorisProject/test/data/repositories/list_item_repository_test.dart: InMemoryListItemRepository delete ne lève pas d'erreur si id inconnu                         00:15 +21: loading C:/Users/Thibaut/Desktop/PriorisProject/test/domain/models/custom_list_builder_test.dart                                                                                            00:15 +21: C:/Users/Thibaut/Desktop/PriorisProject/test/domain/models/custom_list_builder_test.dart: CustomListBuilder Construction de base cree une liste avec les valeurs minimales                  00:15 +22: C:/Users/Thibaut/Desktop/PriorisProject/test/domain/models/custom_list_builder_test.dart: CustomListBuilder Construction de base cree une liste avec les valeurs minimales                  00:15 +22: C:/Users/Thibaut/Desktop/PriorisProject/test/domain/models/custom_list_builder_test.dart: CustomListBuilder Construction de base cree une liste avec toutes les proprietes                  00:15 +23: C:/Users/Thibaut/Desktop/PriorisProject/test/domain/models/custom_list_builder_test.dart: CustomListBuilder Construction de base cree une liste avec toutes les proprietes                  00:15 +23: C:/Users/Thibaut/Desktop/PriorisProject/test/domain/models/custom_list_builder_test.dart: CustomListBuilder Gestion des items ajoute des items a la liste                                   00:15 +24: C:/Users/Thibaut/Desktop/PriorisProject/test/domain/models/custom_list_builder_test.dart: CustomListBuilder Gestion des items ajoute des items a la liste                                   00:15 +24: C:/Users/Thibaut/Desktop/PriorisProject/test/domain/models/custom_list_builder_test.dart: CustomListBuilder Validation lance une exception si l'ID est vide                                 00:15 +25: C:/Users/Thibaut/Desktop/PriorisProject/test/domain/models/custom_list_builder_test.dart: CustomListBuilder Validation lance une exception si l'ID est vide                                 00:15 +25: C:/Users/Thibaut/Desktop/PriorisProject/test/domain/models/custom_list_builder_test.dart: CustomListBuilder Validation lance une exception si le nom est vide                               00:15 +26: C:/Users/Thibaut/Desktop/PriorisProject/test/domain/models/custom_list_builder_test.dart: CustomListBuilder Validation lance une exception si le nom est vide                               00:15 +26: C:/Users/Thibaut/Desktop/PriorisProject/test/domain/models/custom_list_builder_test.dart: CustomListBuilder Validation lance une exception si les dates sont incoherentes                   00:15 +27: C:/Users/Thibaut/Desktop/PriorisProject/test/domain/models/custom_list_builder_test.dart: CustomListBuilder Validation lance une exception si les dates sont incoherentes                   00:16 +27: C:/Users/Thibaut/Desktop/PriorisProject/test/domain/models/custom_list_builder_test.dart: CustomListBuilder Validation lance une exception si les dates sont incoherentes                   00:16 +27: loading C:/Users/Thibaut/Desktop/PriorisProject/test/domain/models/custom_list_comprehensive_test.dart                                                                                      00:16 +27: C:/Users/Thibaut/Desktop/PriorisProject/test/domain/models/custom_list_comprehensive_test.dart: ... - Tests Complets Constructeur et propriétés crée une liste avec toutes les propriétés   00:16 +28: C:/Users/Thibaut/Desktop/PriorisProject/test/domain/models/custom_list_comprehensive_test.dart: ... - Tests Complets Constructeur et propriétés crée une liste avec toutes les propriétés   00:16 +28: C:/Users/Thibaut/Desktop/PriorisProject/test/domain/models/custom_list_comprehensive_test.dart: ... - Tests Complets Constructeur et propriétés crée une liste avec des valeurs minimales   00:16 +29: C:/Users/Thibaut/Desktop/PriorisProject/test/domain/models/custom_list_comprehensive_test.dart: ... - Tests Complets Constructeur et propriétés crée une liste avec des valeurs minimales   00:16 +29: C:/Users/Thibaut/Desktop/PriorisProject/test/domain/models/custom_list_comprehensive_test.dart: CustomList Model - Tests Complets Constructeur et propriétés gère les dates correctement    00:16 +30: C:/Users/Thibaut/Desktop/PriorisProject/test/domain/models/custom_list_comprehensive_test.dart: CustomList Model - Tests Complets Constructeur et propriétés gère les dates correctement    00:16 +30: C:/Users/Thibaut/Desktop/PriorisProject/test/domain/models/custom_list_comprehensive_test.dart: CustomList Model - Tests Complets Méthodes de calcul calcule le nombre total d'éléments     00:16 +31: C:/Users/Thibaut/Desktop/PriorisProject/test/domain/models/custom_list_comprehensive_test.dart: CustomList Model - Tests Complets Méthodes de calcul calcule le nombre total d'éléments     00:16 +31: C:/Users/Thibaut/Desktop/PriorisProject/test/domain/models/custom_list_comprehensive_test.dart: CustomList Model - Tests Complets Méthodes de calcul calcule le nombre d'éléments terminés  00:16 +32: C:/Users/Thibaut/Desktop/PriorisProject/test/domain/models/custom_list_comprehensive_test.dart: CustomList Model - Tests Complets Méthodes de calcul calcule le nombre d'éléments terminés  00:16 +32: C:/Users/Thibaut/Desktop/PriorisProject/test/domain/models/custom_list_comprehensive_test.dart: CustomList Model - Tests Complets Méthodes de calcul calcule le nombre d'éléments en cours  00:16 +33: C:/Users/Thibaut/Desktop/PriorisProject/test/domain/models/custom_list_comprehensive_test.dart: CustomList Model - Tests Complets Méthodes de calcul calcule le nombre d'éléments en cours  00:16 +33: C:/Users/Thibaut/Desktop/PriorisProject/test/domain/models/custom_list_comprehensive_test.dart: CustomList Model - Tests Complets Méthodes de calcul calcule le pourcentage de progression  00:16 +34: C:/Users/Thibaut/Desktop/PriorisProject/test/domain/models/custom_list_comprehensive_test.dart: CustomList Model - Tests Complets Méthodes de calcul calcule le pourcentage de progression  00:16 +34: C:/Users/Thibaut/Desktop/PriorisProject/test/domain/models/custom_list_comprehensive_test.dart: CustomList Model - Tests Complets Méthodes de calcul gère la progression avec liste vide    00:16 +35: C:/Users/Thibaut/Desktop/PriorisProject/test/domain/models/custom_list_comprehensive_test.dart: CustomList Model - Tests Complets Méthodes de calcul gère la progression avec liste vide    00:16 +35: C:/Users/Thibaut/Desktop/PriorisProject/test/domain/models/custom_list_comprehensive_test.dart: CustomList Model - Tests Complets Méthodes de recherche et filtrage trouve un élément par ID00:16 +36: C:/Users/Thibaut/Desktop/PriorisProject/test/domain/models/custom_list_comprehensive_test.dart: CustomList Model - Tests Complets Méthodes de recherche et filtrage trouve un élément par ID00:16 +36: C:/Users/Thibaut/Desktop/PriorisProject/test/domain/models/custom_list_comprehensive_test.dart: ... Tests Complets Méthodes de recherche et filtrage filtre les éléments par score ELO élevé00:16 +37: C:/Users/Thibaut/Desktop/PriorisProject/test/domain/models/custom_list_comprehensive_test.dart: ... Tests Complets Méthodes de recherche et filtrage filtre les éléments par score ELO élevé00:16 +37: C:/Users/Thibaut/Desktop/PriorisProject/test/domain/models/custom_list_comprehensive_test.dart: ... Model - Tests Complets Méthodes de recherche et filtrage filtre les éléments par statut 00:16 +38: C:/Users/Thibaut/Desktop/PriorisProject/test/domain/models/custom_list_comprehensive_test.dart: ... Model - Tests Complets Méthodes de recherche et filtrage filtre les éléments par statut 00:16 +38: C:/Users/Thibaut/Desktop/PriorisProject/test/domain/models/custom_list_comprehensive_test.dart: ... - Tests Complets Méthodes de recherche et filtrage recherche dans le titre des éléments 00:16 +39: C:/Users/Thibaut/Desktop/PriorisProject/test/domain/models/custom_list_comprehensive_test.dart: ... - Tests Complets Méthodes de recherche et filtrage recherche dans le titre des éléments 00:16 +39: C:/Users/Thibaut/Desktop/PriorisProject/test/domain/models/custom_list_comprehensive_test.dart: ... Complets Méthodes de recherche et filtrage recherche dans la description des éléments   00:16 +40: C:/Users/Thibaut/Desktop/PriorisProject/test/domain/models/custom_list_comprehensive_test.dart: ... Complets Méthodes de recherche et filtrage recherche dans la description des éléments   00:16 +40: C:/Users/Thibaut/Desktop/PriorisProject/test/domain/models/custom_list_comprehensive_test.dart: CustomList Model - Tests Complets Méthodes de modification ajoute un nouvel élément         00:16 +41: C:/Users/Thibaut/Desktop/PriorisProject/test/domain/models/custom_list_comprehensive_test.dart: CustomList Model - Tests Complets Méthodes de modification ajoute un nouvel élément         00:16 +41: C:/Users/Thibaut/Desktop/PriorisProject/test/domain/models/custom_list_comprehensive_test.dart: CustomList Model - Tests Complets Méthodes de modification supprime un élément              00:16 +42: C:/Users/Thibaut/Desktop/PriorisProject/test/domain/models/custom_list_comprehensive_test.dart: CustomList Model - Tests Complets Méthodes de modification supprime un élément              00:16 +42: C:/Users/Thibaut/Desktop/PriorisProject/test/domain/models/custom_list_comprehensive_test.dart: CustomList Model - Tests Complets Méthodes de modification met à jour un élément            00:16 +43: C:/Users/Thibaut/Desktop/PriorisProject/test/domain/models/custom_list_comprehensive_test.dart: CustomList Model - Tests Complets Méthodes de modification met à jour un élément            00:16 +43: C:/Users/Thibaut/Desktop/PriorisProject/test/domain/models/custom_list_comprehensive_test.dart: CustomList Model - Tests Complets Méthodes de modification change le type de liste          00:16 +44: C:/Users/Thibaut/Desktop/PriorisProject/test/domain/models/custom_list_comprehensive_test.dart: CustomList Model - Tests Complets Méthodes de modification change le type de liste          00:16 +44: C:/Users/Thibaut/Desktop/PriorisProject/test/domain/models/custom_list_comprehensive_test.dart: CustomList Model - Tests Complets Méthodes de modification met à jour la description        00:16 +45: C:/Users/Thibaut/Desktop/PriorisProject/test/domain/models/custom_list_comprehensive_test.dart: CustomList Model - Tests Complets Méthodes de modification met à jour la description        00:16 +45: C:/Users/Thibaut/Desktop/PriorisProject/test/domain/models/custom_list_comprehensive_test.dart: CustomList Model - Tests Complets Validation et intégrité valide l'ID non vide              00:16 +46: C:/Users/Thibaut/Desktop/PriorisProject/test/domain/models/custom_list_comprehensive_test.dart: CustomList Model - Tests Complets Validation et intégrité valide l'ID non vide              00:16 +46: C:/Users/Thibaut/Desktop/PriorisProject/test/domain/models/custom_list_comprehensive_test.dart: CustomList Model - Tests Complets Validation et intégrité valide le nom non vide            00:16 +47: C:/Users/Thibaut/Desktop/PriorisProject/test/domain/models/custom_list_comprehensive_test.dart: CustomList Model - Tests Complets Validation et intégrité valide le nom non vide            00:16 +47: C:/Users/Thibaut/Desktop/PriorisProject/test/domain/models/custom_list_comprehensive_test.dart: CustomList Model - Tests Complets Validation et intégrité valide les dates cohérentes       00:16 +48: C:/Users/Thibaut/Desktop/PriorisProject/test/domain/models/custom_list_comprehensive_test.dart: CustomList Model - Tests Complets Validation et intégrité valide les dates cohérentes       00:16 +48: C:/Users/Thibaut/Desktop/PriorisProject/test/domain/models/custom_list_comprehensive_test.dart: CustomList Model - Tests Complets Validation et intégrité valide les éléments uniques par ID00:16 +49: C:/Users/Thibaut/Desktop/PriorisProject/test/domain/models/custom_list_comprehensive_test.dart: CustomList Model - Tests Complets Validation et intégrité valide les éléments uniques par ID00:16 +49: C:/Users/Thibaut/Desktop/PriorisProject/test/domain/models/custom_list_comprehensive_test.dart: CustomList Model - Tests Complets Comparaison et égalité compare deux listes identiques     00:16 +50: C:/Users/Thibaut/Desktop/PriorisProject/test/domain/models/custom_list_comprehensive_test.dart: CustomList Model - Tests Complets Comparaison et égalité compare deux listes identiques     00:16 +50: C:/Users/Thibaut/Desktop/PriorisProject/test/domain/models/custom_list_comprehensive_test.dart: CustomList Model - Tests Complets Comparaison et égalité compare deux listes différentes    00:16 +51: C:/Users/Thibaut/Desktop/PriorisProject/test/domain/models/custom_list_comprehensive_test.dart: CustomList Model - Tests Complets Comparaison et égalité compare deux listes différentes    00:16 +51: C:/Users/Thibaut/Desktop/PriorisProject/test/domain/models/custom_list_comprehensive_test.dart: CustomList Model - Tests Complets Sérialisation et désérialisation convertit en Map         00:16 +52: C:/Users/Thibaut/Desktop/PriorisProject/test/domain/models/custom_list_comprehensive_test.dart: CustomList Model - Tests Complets Sérialisation et désérialisation convertit en Map         00:16 +52: C:/Users/Thibaut/Desktop/PriorisProject/test/domain/models/custom_list_comprehensive_test.dart: CustomList Model - Tests Complets Sérialisation et désérialisation crée depuis un Map       00:16 +53: C:/Users/Thibaut/Desktop/PriorisProject/test/domain/models/custom_list_comprehensive_test.dart: CustomList Model - Tests Complets Sérialisation et désérialisation crée depuis un Map       00:16 +53: C:/Users/Thibaut/Desktop/PriorisProject/test/domain/models/custom_list_comprehensive_test.dart: ... Complets Sérialisation et désérialisation gère les valeurs nulles dans la sérialisation 00:16 +54: C:/Users/Thibaut/Desktop/PriorisProject/test/domain/models/custom_list_comprehensive_test.dart: ... Complets Sérialisation et désérialisation gère les valeurs nulles dans la sérialisation 00:16 +54: C:/Users/Thibaut/Desktop/PriorisProject/test/domain/models/custom_list_comprehensive_test.dart: ... Complets Performance et optimisation gère efficacement de grandes listes d'éléments     00:16 +55: C:/Users/Thibaut/Desktop/PriorisProject/test/domain/models/custom_list_comprehensive_test.dart: ... Complets Performance et optimisation gère efficacement de grandes listes d'éléments     00:16 +55: C:/Users/Thibaut/Desktop/PriorisProject/test/domain/models/custom_list_comprehensive_test.dart: ... Model - Tests Complets Performance et optimisation optimise les recherches fréquentes   00:16 +56: C:/Users/Thibaut/Desktop/PriorisProject/test/domain/models/custom_list_comprehensive_test.dart: ... Model - Tests Complets Performance et optimisation optimise les recherches fréquentes   00:16 +56: loading C:/Users/Thibaut/Desktop/PriorisProject/test/domain/models/custom_list_repository_test.dart                                                                                         00:16 +56: C:/Users/Thibaut/Desktop/PriorisProject/test/domain/models/custom_list_repository_test.dart: InMemoryCustomListRepository should start empty                                                00:16 +57: C:/Users/Thibaut/Desktop/PriorisProject/test/domain/models/custom_list_repository_test.dart: InMemoryCustomListRepository should start empty                                                00:16 +57: C:/Users/Thibaut/Desktop/PriorisProject/test/domain/models/custom_list_repository_test.dart: InMemoryCustomListRepository should save and retrieve a list                                   00:16 +58: C:/Users/Thibaut/Desktop/PriorisProject/test/domain/models/custom_list_repository_test.dart: InMemoryCustomListRepository should save and retrieve a list                                   00:16 +58: C:/Users/Thibaut/Desktop/PriorisProject/test/domain/models/custom_list_repository_test.dart: InMemoryCustomListRepository should save multiple lists                                        00:16 +59: C:/Users/Thibaut/Desktop/PriorisProject/test/domain/models/custom_list_repository_test.dart: InMemoryCustomListRepository should save multiple lists                                        00:16 +59: C:/Users/Thibaut/Desktop/PriorisProject/test/domain/models/custom_list_repository_test.dart: InMemoryCustomListRepository should update a list                                              00:16 +60: C:/Users/Thibaut/Desktop/PriorisProject/test/domain/models/custom_list_repository_test.dart: InMemoryCustomListRepository should update a list                                              00:16 +60: C:/Users/Thibaut/Desktop/PriorisProject/test/domain/models/custom_list_repository_test.dart: InMemoryCustomListRepository should not update non-existent list                               00:16 +61: C:/Users/Thibaut/Desktop/PriorisProject/test/domain/models/custom_list_repository_test.dart: InMemoryCustomListRepository should not update non-existent list                               00:16 +61: C:/Users/Thibaut/Desktop/PriorisProject/test/domain/models/custom_list_repository_test.dart: InMemoryCustomListRepository should delete a list                                              00:16 +62: C:/Users/Thibaut/Desktop/PriorisProject/test/domain/models/custom_list_repository_test.dart: InMemoryCustomListRepository should delete a list                                              00:16 +62: C:/Users/Thibaut/Desktop/PriorisProject/test/domain/models/custom_list_repository_test.dart: InMemoryCustomListRepository should not delete non-existent list                               00:16 +63: C:/Users/Thibaut/Desktop/PriorisProject/test/domain/models/custom_list_repository_test.dart: InMemoryCustomListRepository should not delete non-existent list                               00:16 +63: C:/Users/Thibaut/Desktop/PriorisProject/test/domain/models/custom_list_repository_test.dart: InMemoryCustomListRepository should filter lists by type                                       00:16 +64: C:/Users/Thibaut/Desktop/PriorisProject/test/domain/models/custom_list_repository_test.dart: InMemoryCustomListRepository should filter lists by type                                       00:16 +64: C:/Users/Thibaut/Desktop/PriorisProject/test/domain/models/custom_list_repository_test.dart: InMemoryCustomListRepository should clear all lists                                            00:16 +65: C:/Users/Thibaut/Desktop/PriorisProject/test/domain/models/custom_list_repository_test.dart: InMemoryCustomListRepository should clear all lists                                            00:17 +65: C:/Users/Thibaut/Desktop/PriorisProject/test/domain/models/custom_list_repository_test.dart: InMemoryCustomListRepository should clear all lists                                            00:17 +65: loading C:/Users/Thibaut/Desktop/PriorisProject/test/domain/models/custom_list_test.dart                                                                                                    00:17 +65: C:/Users/Thibaut/Desktop/PriorisProject/test/domain/models/custom_list_test.dart: CustomList Constructor should create CustomList with all properties                                       00:17 +66: C:/Users/Thibaut/Desktop/PriorisProject/test/domain/models/custom_list_test.dart: CustomList Constructor should create CustomList with all properties                                       00:17 +66: C:/Users/Thibaut/Desktop/PriorisProject/test/domain/models/custom_list_test.dart: CustomList Constructor should create CustomList with minimal properties                                   00:17 +67: C:/Users/Thibaut/Desktop/PriorisProject/test/domain/models/custom_list_test.dart: CustomList Constructor should create CustomList with minimal properties                                   00:17 +67: C:/Users/Thibaut/Desktop/PriorisProject/test/domain/models/custom_list_test.dart: CustomList copyWith should return same instance when no parameters provided                               00:17 +68: C:/Users/Thibaut/Desktop/PriorisProject/test/domain/models/custom_list_test.dart: CustomList copyWith should return same instance when no parameters provided                               00:17 +68: C:/Users/Thibaut/Desktop/PriorisProject/test/domain/models/custom_list_test.dart: CustomList copyWith should copy with modified properties                                                  00:17 +69: C:/Users/Thibaut/Desktop/PriorisProject/test/domain/models/custom_list_test.dart: CustomList copyWith should copy with modified properties                                                  00:17 +69: C:/Users/Thibaut/Desktop/PriorisProject/test/domain/models/custom_list_test.dart: CustomList copyWith should copy with modified items                                                       00:17 +70: C:/Users/Thibaut/Desktop/PriorisProject/test/domain/models/custom_list_test.dart: CustomList copyWith should copy with modified items                                                       00:17 +70: C:/Users/Thibaut/Desktop/PriorisProject/test/domain/models/custom_list_test.dart: CustomList addItem should add new item to list                                                            00:17 +71: C:/Users/Thibaut/Desktop/PriorisProject/test/domain/models/custom_list_test.dart: CustomList addItem should add new item to list                                                            00:17 +71: C:/Users/Thibaut/Desktop/PriorisProject/test/domain/models/custom_list_test.dart: CustomList addItem should not add duplicate item                                                          00:17 +72: C:/Users/Thibaut/Desktop/PriorisProject/test/domain/models/custom_list_test.dart: CustomList addItem should not add duplicate item                                                          00:17 +72: C:/Users/Thibaut/Desktop/PriorisProject/test/domain/models/custom_list_test.dart: CustomList addItem should not modify other properties when adding item                                    00:17 +73: C:/Users/Thibaut/Desktop/PriorisProject/test/domain/models/custom_list_test.dart: CustomList addItem should not modify other properties when adding item                                    00:17 +73: C:/Users/Thibaut/Desktop/PriorisProject/test/domain/models/custom_list_test.dart: CustomList removeItem should remove existing item by id                                                   00:17 +74: C:/Users/Thibaut/Desktop/PriorisProject/test/domain/models/custom_list_test.dart: CustomList removeItem should remove existing item by id                                                   00:17 +74: C:/Users/Thibaut/Desktop/PriorisProject/test/domain/models/custom_list_test.dart: CustomList removeItem should not remove non-existent item                                                 00:17 +75: C:/Users/Thibaut/Desktop/PriorisProject/test/domain/models/custom_list_test.dart: CustomList removeItem should not remove non-existent item                                                 00:17 +75: C:/Users/Thibaut/Desktop/PriorisProject/test/domain/models/custom_list_test.dart: CustomList removeItem should not modify other properties when removing item                               00:17 +76: C:/Users/Thibaut/Desktop/PriorisProject/test/domain/models/custom_list_test.dart: CustomList removeItem should not modify other properties when removing item                               00:17 +76: C:/Users/Thibaut/Desktop/PriorisProject/test/domain/models/custom_list_test.dart: CustomList updateItem should update existing item                                                         00:17 +77: C:/Users/Thibaut/Desktop/PriorisProject/test/domain/models/custom_list_test.dart: CustomList updateItem should update existing item                                                         00:17 +77: C:/Users/Thibaut/Desktop/PriorisProject/test/domain/models/custom_list_test.dart: CustomList updateItem should not update non-existent item                                                 00:17 +78: C:/Users/Thibaut/Desktop/PriorisProject/test/domain/models/custom_list_test.dart: CustomList updateItem should not update non-existent item                                                 00:17 +78: C:/Users/Thibaut/Desktop/PriorisProject/test/domain/models/custom_list_test.dart: CustomList getCompletedItems should return only completed items                                           00:17 +79: C:/Users/Thibaut/Desktop/PriorisProject/test/domain/models/custom_list_test.dart: CustomList getCompletedItems should return only completed items                                           00:17 +79: C:/Users/Thibaut/Desktop/PriorisProject/test/domain/models/custom_list_test.dart: CustomList getCompletedItems should return empty list when no completed items                             00:17 +80: C:/Users/Thibaut/Desktop/PriorisProject/test/domain/models/custom_list_test.dart: CustomList getCompletedItems should return empty list when no completed items                             00:17 +80: C:/Users/Thibaut/Desktop/PriorisProject/test/domain/models/custom_list_test.dart: CustomList getIncompleteItems should return only incomplete items                                         00:17 +81: C:/Users/Thibaut/Desktop/PriorisProject/test/domain/models/custom_list_test.dart: CustomList getIncompleteItems should return only incomplete items                                         00:17 +81: C:/Users/Thibaut/Desktop/PriorisProject/test/domain/models/custom_list_test.dart: CustomList getIncompleteItems should return empty list when all items are completed                       00:17 +82: C:/Users/Thibaut/Desktop/PriorisProject/test/domain/models/custom_list_test.dart: CustomList getIncompleteItems should return empty list when all items are completed                       00:17 +82: C:/Users/Thibaut/Desktop/PriorisProject/test/domain/models/custom_list_test.dart: CustomList getProgress should return correct progress percentage                                          00:17 +83: C:/Users/Thibaut/Desktop/PriorisProject/test/domain/models/custom_list_test.dart: CustomList getProgress should return correct progress percentage                                          00:17 +83: C:/Users/Thibaut/Desktop/PriorisProject/test/domain/models/custom_list_test.dart: CustomList getProgress should return 0.0 for empty list                                                   00:17 +84: C:/Users/Thibaut/Desktop/PriorisProject/test/domain/models/custom_list_test.dart: CustomList getProgress should return 0.0 for empty list                                                   00:17 +84: C:/Users/Thibaut/Desktop/PriorisProject/test/domain/models/custom_list_test.dart: CustomList getProgress should return 1.0 for fully completed list                                         00:17 +85: C:/Users/Thibaut/Desktop/PriorisProject/test/domain/models/custom_list_test.dart: CustomList getProgress should return 1.0 for fully completed list                                         00:17 +85: C:/Users/Thibaut/Desktop/PriorisProject/test/domain/models/custom_list_test.dart: CustomList Computed properties should return correct itemCount                                            00:17 +86: C:/Users/Thibaut/Desktop/PriorisProject/test/domain/models/custom_list_test.dart: CustomList Computed properties should return correct itemCount                                            00:17 +86: C:/Users/Thibaut/Desktop/PriorisProject/test/domain/models/custom_list_test.dart: CustomList Computed properties should return correct completedCount                                       00:17 +87: C:/Users/Thibaut/Desktop/PriorisProject/test/domain/models/custom_list_test.dart: CustomList Computed properties should return correct completedCount                                       00:17 +87: C:/Users/Thibaut/Desktop/PriorisProject/test/domain/models/custom_list_test.dart: CustomList Computed properties should return correct incompleteCount                                      00:17 +88: C:/Users/Thibaut/Desktop/PriorisProject/test/domain/models/custom_list_test.dart: CustomList Computed properties should return correct incompleteCount                                      00:17 +88: C:/Users/Thibaut/Desktop/PriorisProject/test/domain/models/custom_list_test.dart: CustomList Computed properties should return correct isEmpty                                              00:17 +89: C:/Users/Thibaut/Desktop/PriorisProject/test/domain/models/custom_list_test.dart: CustomList Computed properties should return correct isEmpty                                              00:17 +89: C:/Users/Thibaut/Desktop/PriorisProject/test/domain/models/custom_list_test.dart: CustomList Computed properties should return correct isCompleted                                          00:17 +90: C:/Users/Thibaut/Desktop/PriorisProject/test/domain/models/custom_list_test.dart: CustomList Computed properties should return correct isCompleted                                          00:17 +90: C:/Users/Thibaut/Desktop/PriorisProject/test/domain/models/custom_list_test.dart: CustomList Sorting methods should sort items by ELO                                                       00:17 +91: C:/Users/Thibaut/Desktop/PriorisProject/test/domain/models/custom_list_test.dart: CustomList Sorting methods should sort items by ELO                                                       00:17 +91: C:/Users/Thibaut/Desktop/PriorisProject/test/domain/models/custom_list_test.dart: CustomList Sorting methods should sort items by date                                                      00:17 +92: C:/Users/Thibaut/Desktop/PriorisProject/test/domain/models/custom_list_test.dart: CustomList Sorting methods should sort items by date                                                      00:17 +92: C:/Users/Thibaut/Desktop/PriorisProject/test/domain/models/custom_list_test.dart: CustomList Filtering methods should filter items by category                                              00:17 +93: C:/Users/Thibaut/Desktop/PriorisProject/test/domain/models/custom_list_test.dart: CustomList Filtering methods should filter items by category                                              00:17 +93: C:/Users/Thibaut/Desktop/PriorisProject/test/domain/models/custom_list_test.dart: CustomList Filtering methods should filter items by ELO range                                             00:17 +94: C:/Users/Thibaut/Desktop/PriorisProject/test/domain/models/custom_list_test.dart: CustomList Filtering methods should filter items by ELO range                                             00:17 +94: C:/Users/Thibaut/Desktop/PriorisProject/test/domain/models/custom_list_test.dart: CustomList Filtering methods should return empty list for non-existent category                           00:17 +95: C:/Users/Thibaut/Desktop/PriorisProject/test/domain/models/custom_list_test.dart: CustomList Filtering methods should return empty list for non-existent category                           00:17 +95: C:/Users/Thibaut/Desktop/PriorisProject/test/domain/models/custom_list_test.dart: CustomList Filtering methods should return correct items for medium ELO range                             00:17 +96: C:/Users/Thibaut/Desktop/PriorisProject/test/domain/models/custom_list_test.dart: CustomList Filtering methods should return correct items for medium ELO range                             00:17 +96: C:/Users/Thibaut/Desktop/PriorisProject/test/domain/models/custom_list_test.dart: CustomList getCategories should return all unique categories                                              00:17 +97: C:/Users/Thibaut/Desktop/PriorisProject/test/domain/models/custom_list_test.dart: CustomList getCategories should return all unique categories                                              00:17 +97: C:/Users/Thibaut/Desktop/PriorisProject/test/domain/models/custom_list_test.dart: CustomList getCategories should return empty set when no categories                                       00:17 +98: C:/Users/Thibaut/Desktop/PriorisProject/test/domain/models/custom_list_test.dart: CustomList getCategories should return empty set when no categories                                       00:17 +98: C:/Users/Thibaut/Desktop/PriorisProject/test/domain/models/custom_list_test.dart: CustomList toJson should convert CustomList to JSON with all properties                                   00:17 +99: C:/Users/Thibaut/Desktop/PriorisProject/test/domain/models/custom_list_test.dart: CustomList toJson should convert CustomList to JSON with all properties                                   00:17 +99: C:/Users/Thibaut/Desktop/PriorisProject/test/domain/models/custom_list_test.dart: CustomList toJson should convert empty list to JSON                                                       00:17 +100: C:/Users/Thibaut/Desktop/PriorisProject/test/domain/models/custom_list_test.dart: CustomList toJson should convert empty list to JSON                                                      00:17 +100: C:/Users/Thibaut/Desktop/PriorisProject/test/domain/models/custom_list_test.dart: CustomList fromJson should create CustomList from JSON with all properties                               00:17 +101: C:/Users/Thibaut/Desktop/PriorisProject/test/domain/models/custom_list_test.dart: CustomList fromJson should create CustomList from JSON with all properties                               00:17 +101: C:/Users/Thibaut/Desktop/PriorisProject/test/domain/models/custom_list_test.dart: CustomList fromJson should create CustomList from JSON with minimal properties                           00:17 +102: C:/Users/Thibaut/Desktop/PriorisProject/test/domain/models/custom_list_test.dart: CustomList fromJson should create CustomList from JSON with minimal properties                           00:17 +102: C:/Users/Thibaut/Desktop/PriorisProject/test/domain/models/custom_list_test.dart: CustomList fromJson should handle invalid type gracefully                                                00:17 +103: C:/Users/Thibaut/Desktop/PriorisProject/test/domain/models/custom_list_test.dart: CustomList fromJson should handle invalid type gracefully                                                00:17 +103: C:/Users/Thibaut/Desktop/PriorisProject/test/domain/models/custom_list_test.dart: CustomList Equality should be equal to itself                                                            00:17 +104: C:/Users/Thibaut/Desktop/PriorisProject/test/domain/models/custom_list_test.dart: CustomList Equality should be equal to itself                                                            00:17 +104: C:/Users/Thibaut/Desktop/PriorisProject/test/domain/models/custom_list_test.dart: CustomList Equality should be equal to identical list                                                    00:17 +105: C:/Users/Thibaut/Desktop/PriorisProject/test/domain/models/custom_list_test.dart: CustomList Equality should be equal to identical list                                                    00:17 +105: C:/Users/Thibaut/Desktop/PriorisProject/test/domain/models/custom_list_test.dart: CustomList Equality should not be equal to different list                                                00:17 +106: C:/Users/Thibaut/Desktop/PriorisProject/test/domain/models/custom_list_test.dart: CustomList Equality should not be equal to different list                                                00:17 +106: C:/Users/Thibaut/Desktop/PriorisProject/test/domain/models/custom_list_test.dart: CustomList Equality should not be equal to different type                                                00:17 +107: C:/Users/Thibaut/Desktop/PriorisProject/test/domain/models/custom_list_test.dart: CustomList Equality should not be equal to different type                                                00:17 +107: C:/Users/Thibaut/Desktop/PriorisProject/test/domain/models/custom_list_test.dart: CustomList toString should return meaningful string representation                                       00:17 +108: C:/Users/Thibaut/Desktop/PriorisProject/test/domain/models/custom_list_test.dart: CustomList toString should return meaningful string representation                                       00:17 +108: C:/Users/Thibaut/Desktop/PriorisProject/test/domain/models/custom_list_test.dart: ListType values should have correct number of values                                                     00:17 +109: C:/Users/Thibaut/Desktop/PriorisProject/test/domain/models/custom_list_test.dart: ListType values should have correct number of values                                                     00:17 +109: C:/Users/Thibaut/Desktop/PriorisProject/test/domain/models/custom_list_test.dart: ListType values should contain all expected values                                                       00:17 +110: C:/Users/Thibaut/Desktop/PriorisProject/test/domain/models/custom_list_test.dart: ListType values should contain all expected values                                                       00:17 +110: C:/Users/Thibaut/Desktop/PriorisProject/test/domain/models/custom_list_test.dart: ListTypeExtension displayName should return correct display names                                        00:17 +111: C:/Users/Thibaut/Desktop/PriorisProject/test/domain/models/custom_list_test.dart: ListTypeExtension displayName should return correct display names                                        00:17 +111: C:/Users/Thibaut/Desktop/PriorisProject/test/domain/models/custom_list_test.dart: ListTypeExtension iconName should return correct icon names                                              00:17 +112: C:/Users/Thibaut/Desktop/PriorisProject/test/domain/models/custom_list_test.dart: ListTypeExtension iconName should return correct icon names                                              00:17 +112: C:/Users/Thibaut/Desktop/PriorisProject/test/domain/models/custom_list_test.dart: ListTypeExtension colorValue should return correct color values                                          00:17 +113: C:/Users/Thibaut/Desktop/PriorisProject/test/domain/models/custom_list_test.dart: ListTypeExtension colorValue should return correct color values                                          00:17 +113: C:/Users/Thibaut/Desktop/PriorisProject/test/domain/models/custom_list_test.dart: ListTypeExtension description should return correct descriptions                                         00:17 +114: C:/Users/Thibaut/Desktop/PriorisProject/test/domain/models/custom_list_test.dart: ListTypeExtension description should return correct descriptions                                         00:17 +114: loading C:/Users/Thibaut/Desktop/PriorisProject/test/domain/models/habit_builder_test.dart                                                                                                 00:17 +114: C:/Users/Thibaut/Desktop/PriorisProject/test/domain/models/habit_builder_test.dart: HabitBuilder Méthodes de base should build habit with required parameters                              00:17 +115: C:/Users/Thibaut/Desktop/PriorisProject/test/domain/models/habit_builder_test.dart: HabitBuilder Méthodes de base should build habit with required parameters                              00:17 +115: C:/Users/Thibaut/Desktop/PriorisProject/test/domain/models/habit_builder_test.dart: HabitBuilder Méthodes de base should build habit with all optional parameters                          00:17 +116: C:/Users/Thibaut/Desktop/PriorisProject/test/domain/models/habit_builder_test.dart: HabitBuilder Méthodes de base should build habit with all optional parameters                          00:17 +116: C:/Users/Thibaut/Desktop/PriorisProject/test/domain/models/habit_builder_test.dart: HabitBuilder Méthodes de base should throw error when name is missing                                  00:17 +117: C:/Users/Thibaut/Desktop/PriorisProject/test/domain/models/habit_builder_test.dart: HabitBuilder Méthodes de base should throw error when name is missing                                  00:17 +117: C:/Users/Thibaut/Desktop/PriorisProject/test/domain/models/habit_builder_test.dart: HabitBuilder Méthodes de base should throw error when type is missing                                  00:17 +118: C:/Users/Thibaut/Desktop/PriorisProject/test/domain/models/habit_builder_test.dart: HabitBuilder Méthodes de base should throw error when type is missing                                  00:17 +118: C:/Users/Thibaut/Desktop/PriorisProject/test/domain/models/habit_builder_test.dart: ... Méthodes de configuration pour types courants should create binary habit with asBinaryHabit        00:17 +119: C:/Users/Thibaut/Desktop/PriorisProject/test/domain/models/habit_builder_test.dart: ... Méthodes de configuration pour types courants should create binary habit with asBinaryHabit        00:17 +119: C:/Users/Thibaut/Desktop/PriorisProject/test/domain/models/habit_builder_test.dart: ... de configuration pour types courants should create quantitative habit with asQuantitativeHabit     00:17 +120: C:/Users/Thibaut/Desktop/PriorisProject/test/domain/models/habit_builder_test.dart: ... de configuration pour types courants should create quantitative habit with asQuantitativeHabit     00:17 +120: C:/Users/Thibaut/Desktop/PriorisProject/test/domain/models/habit_builder_test.dart: HabitBuilder Méthodes de configuration pour types courants should configure daily recurrence           00:17 +121: C:/Users/Thibaut/Desktop/PriorisProject/test/domain/models/habit_builder_test.dart: HabitBuilder Méthodes de configuration pour types courants should configure daily recurrence           00:17 +121: C:/Users/Thibaut/Desktop/PriorisProject/test/domain/models/habit_builder_test.dart: HabitBuilder Méthodes de configuration pour types courants should configure weekly recurrence          00:17 +122: C:/Users/Thibaut/Desktop/PriorisProject/test/domain/models/habit_builder_test.dart: HabitBuilder Méthodes de configuration pour types courants should configure weekly recurrence          00:17 +122: C:/Users/Thibaut/Desktop/PriorisProject/test/domain/models/habit_builder_test.dart: HabitBuilder Méthodes de configuration pour types courants should configure monthly recurrence         00:17 +123: C:/Users/Thibaut/Desktop/PriorisProject/test/domain/models/habit_builder_test.dart: HabitBuilder Méthodes de configuration pour types courants should configure monthly recurrence         00:17 +123: C:/Users/Thibaut/Desktop/PriorisProject/test/domain/models/habit_builder_test.dart: HabitBuilder Méthodes de configuration pour types courants should configure yearly recurrence          00:17 +124: C:/Users/Thibaut/Desktop/PriorisProject/test/domain/models/habit_builder_test.dart: HabitBuilder Méthodes de configuration pour types courants should configure yearly recurrence          00:17 +124: C:/Users/Thibaut/Desktop/PriorisProject/test/domain/models/habit_builder_test.dart: HabitBuilder Méthodes de configuration pour types courants should configure weekdays only              00:17 +125: C:/Users/Thibaut/Desktop/PriorisProject/test/domain/models/habit_builder_test.dart: HabitBuilder Méthodes de configuration pour types courants should configure weekdays only              00:17 +125: C:/Users/Thibaut/Desktop/PriorisProject/test/domain/models/habit_builder_test.dart: HabitBuilder Méthodes de configuration pour types courants should configure weekends only              00:17 +126: C:/Users/Thibaut/Desktop/PriorisProject/test/domain/models/habit_builder_test.dart: HabitBuilder Méthodes de configuration pour types courants should configure weekends only              00:17 +126: C:/Users/Thibaut/Desktop/PriorisProject/test/domain/models/habit_builder_test.dart: HabitBuilder Méthode reset should reset all parameters                                                 00:17 +127: C:/Users/Thibaut/Desktop/PriorisProject/test/domain/models/habit_builder_test.dart: HabitBuilder Méthode reset should reset all parameters                                                 00:17 +127: C:/Users/Thibaut/Desktop/PriorisProject/test/domain/models/habit_builder_test.dart: HabitBuilder Scénarios d'utilisation réels should build drinking water habit                           00:17 +128: C:/Users/Thibaut/Desktop/PriorisProject/test/domain/models/habit_builder_test.dart: HabitBuilder Scénarios d'utilisation réels should build drinking water habit                           00:17 +128: C:/Users/Thibaut/Desktop/PriorisProject/test/domain/models/habit_builder_test.dart: HabitBuilder Scénarios d'utilisation réels should build reading habit                                  00:17 +129: C:/Users/Thibaut/Desktop/PriorisProject/test/domain/models/habit_builder_test.dart: HabitBuilder Scénarios d'utilisation réels should build reading habit                                  00:17 +129: C:/Users/Thibaut/Desktop/PriorisProject/test/domain/models/habit_builder_test.dart: HabitBuilder Scénarios d'utilisation réels should build exercise habit for weekdays                    00:17 +130: C:/Users/Thibaut/Desktop/PriorisProject/test/domain/models/habit_builder_test.dart: HabitBuilder Scénarios d'utilisation réels should build exercise habit for weekdays                    00:17 +130: C:/Users/Thibaut/Desktop/PriorisProject/test/domain/models/habit_builder_test.dart: HabitBuilder Scénarios d'utilisation réels should build monthly review habit                           00:17 +131: C:/Users/Thibaut/Desktop/PriorisProject/test/domain/models/habit_builder_test.dart: HabitBuilder Scénarios d'utilisation réels should build monthly review habit                           00:17 +131: C:/Users/Thibaut/Desktop/PriorisProject/test/domain/models/habit_builder_test.dart: HabitBuilder Validation des paramètres should handle null values correctly                             00:17 +132: C:/Users/Thibaut/Desktop/PriorisProject/test/domain/models/habit_builder_test.dart: HabitBuilder Validation des paramètres should handle null values correctly                             00:17 +132: C:/Users/Thibaut/Desktop/PriorisProject/test/domain/models/habit_builder_test.dart: HabitBuilder Validation des paramètres should generate unique IDs when not provided                    00:17 +133: C:/Users/Thibaut/Desktop/PriorisProject/test/domain/models/habit_builder_test.dart: HabitBuilder Validation des paramètres should generate unique IDs when not provided                    00:17 +133: C:/Users/Thibaut/Desktop/PriorisProject/test/domain/models/habit_builder_test.dart: HabitBuilder Validation des paramètres should use provided ID when specified                           00:17 +134: C:/Users/Thibaut/Desktop/PriorisProject/test/domain/models/habit_builder_test.dart: HabitBuilder Validation des paramètres should use provided ID when specified                           00:17 +134: loading C:/Users/Thibaut/Desktop/PriorisProject/test/domain/models/list_item_comprehensive_test.dart                                                                                       00:17 +134: C:/Users/Thibaut/Desktop/PriorisProject/test/domain/models/list_item_comprehensive_test.dart: ... - Tests Complets Constructeur et propriétés crée un élément avec toutes les propriétés   00:17 +135: C:/Users/Thibaut/Desktop/PriorisProject/test/domain/models/list_item_comprehensive_test.dart: ... - Tests Complets Constructeur et propriétés crée un élément avec toutes les propriétés   00:17 +135: C:/Users/Thibaut/Desktop/PriorisProject/test/domain/models/list_item_comprehensive_test.dart: ... - Tests Complets Constructeur et propriétés crée un élément avec des valeurs minimales   00:17 +136: C:/Users/Thibaut/Desktop/PriorisProject/test/domain/models/list_item_comprehensive_test.dart: ... - Tests Complets Constructeur et propriétés crée un élément avec des valeurs minimales   00:17 +136: C:/Users/Thibaut/Desktop/PriorisProject/test/domain/models/list_item_comprehensive_test.dart: ... - Tests Complets Constructeur et propriétés utilise les valeurs par défaut correctes     00:17 +137: C:/Users/Thibaut/Desktop/PriorisProject/test/domain/models/list_item_comprehensive_test.dart: ... - Tests Complets Constructeur et propriétés utilise les valeurs par défaut correctes     00:17 +137: C:/Users/Thibaut/Desktop/PriorisProject/test/domain/models/list_item_comprehensive_test.dart: ListItem Model - Tests Complets Méthodes de manipulation marque un élément comme complété    00:17 +138: C:/Users/Thibaut/Desktop/PriorisProject/test/domain/models/list_item_comprehensive_test.dart: ListItem Model - Tests Complets Méthodes de manipulation marque un élément comme complété    00:17 +138: C:/Users/Thibaut/Desktop/PriorisProject/test/domain/models/list_item_comprehensive_test.dart: ... - Tests Complets Méthodes de manipulation calcule correctement la différence de temps    00:17 +139: C:/Users/Thibaut/Desktop/PriorisProject/test/domain/models/list_item_comprehensive_test.dart: ... - Tests Complets Méthodes de manipulation calcule correctement la différence de temps    00:17 +139: C:/Users/Thibaut/Desktop/PriorisProject/test/domain/models/list_item_comprehensive_test.dart: ListItem Model - Tests Complets Méthodes de manipulation crée une copie avec modifications   00:17 +140: C:/Users/Thibaut/Desktop/PriorisProject/test/domain/models/list_item_comprehensive_test.dart: ListItem Model - Tests Complets Méthodes de manipulation crée une copie avec modifications   00:17 +140: C:/Users/Thibaut/Desktop/PriorisProject/test/domain/models/list_item_comprehensive_test.dart: ListItem Model - Tests Complets Méthodes de recherche et filtrage trouve un élément par ID   00:17 +141: C:/Users/Thibaut/Desktop/PriorisProject/test/domain/models/list_item_comprehensive_test.dart: ListItem Model - Tests Complets Méthodes de recherche et filtrage trouve un élément par ID   00:17 +141: C:/Users/Thibaut/Desktop/PriorisProject/test/domain/models/list_item_comprehensive_test.dart: ListItem Model - Tests Complets Méthodes de recherche et filtrage vérifie les propriétés ELO 00:17 +142: C:/Users/Thibaut/Desktop/PriorisProject/test/domain/models/list_item_comprehensive_test.dart: ListItem Model - Tests Complets Méthodes de recherche et filtrage vérifie les propriétés ELO 00:17 +142: C:/Users/Thibaut/Desktop/PriorisProject/test/domain/models/list_item_comprehensive_test.dart: ... - Tests Complets Méthodes de recherche et filtrage recherche dans le titre des éléments  00:17 +143: C:/Users/Thibaut/Desktop/PriorisProject/test/domain/models/list_item_comprehensive_test.dart: ... - Tests Complets Méthodes de recherche et filtrage recherche dans le titre des éléments  00:17 +143: C:/Users/Thibaut/Desktop/PriorisProject/test/domain/models/list_item_comprehensive_test.dart: ... Complets Méthodes de recherche et filtrage recherche dans la description des éléments    00:17 +144: C:/Users/Thibaut/Desktop/PriorisProject/test/domain/models/list_item_comprehensive_test.dart: ... Complets Méthodes de recherche et filtrage recherche dans la description des éléments    00:17 +144: C:/Users/Thibaut/Desktop/PriorisProject/test/domain/models/list_item_comprehensive_test.dart: ListItem Model - Tests Complets Méthodes de modification modifie le score ELO                00:17 +145: C:/Users/Thibaut/Desktop/PriorisProject/test/domain/models/list_item_comprehensive_test.dart: ListItem Model - Tests Complets Méthodes de modification modifie le score ELO                00:17 +145: C:/Users/Thibaut/Desktop/PriorisProject/test/domain/models/list_item_comprehensive_test.dart: ListItem Model - Tests Complets Méthodes de modification supprime un élément (simulation)    00:17 +146: C:/Users/Thibaut/Desktop/PriorisProject/test/domain/models/list_item_comprehensive_test.dart: ListItem Model - Tests Complets Méthodes de modification supprime un élément (simulation)    00:17 +146: C:/Users/Thibaut/Desktop/PriorisProject/test/domain/models/list_item_comprehensive_test.dart: ListItem Model - Tests Complets Méthodes de modification met à jour la description           00:17 +147: C:/Users/Thibaut/Desktop/PriorisProject/test/domain/models/list_item_comprehensive_test.dart: ListItem Model - Tests Complets Méthodes de modification met à jour la description           00:17 +147: C:/Users/Thibaut/Desktop/PriorisProject/test/domain/models/list_item_comprehensive_test.dart: ListItem Model - Tests Complets Méthodes de modification change la catégorie                 00:17 +148: C:/Users/Thibaut/Desktop/PriorisProject/test/domain/models/list_item_comprehensive_test.dart: ListItem Model - Tests Complets Méthodes de modification change la catégorie                 00:17 +148: C:/Users/Thibaut/Desktop/PriorisProject/test/domain/models/list_item_comprehensive_test.dart: ListItem Model - Tests Complets Méthodes de modification met à jour les dates                00:17 +149: C:/Users/Thibaut/Desktop/PriorisProject/test/domain/models/list_item_comprehensive_test.dart: ListItem Model - Tests Complets Méthodes de modification met à jour les dates                00:17 +149: C:/Users/Thibaut/Desktop/PriorisProject/test/domain/models/list_item_comprehensive_test.dart: ListItem Model - Tests Complets Validation et intégrité valide l'ID non vide                 00:17 +150: C:/Users/Thibaut/Desktop/PriorisProject/test/domain/models/list_item_comprehensive_test.dart: ListItem Model - Tests Complets Validation et intégrité valide l'ID non vide                 00:17 +150: C:/Users/Thibaut/Desktop/PriorisProject/test/domain/models/list_item_comprehensive_test.dart: ListItem Model - Tests Complets Validation et intégrité valide le titre non vide             00:17 +151: C:/Users/Thibaut/Desktop/PriorisProject/test/domain/models/list_item_comprehensive_test.dart: ListItem Model - Tests Complets Validation et intégrité valide le titre non vide             00:17 +151: C:/Users/Thibaut/Desktop/PriorisProject/test/domain/models/list_item_comprehensive_test.dart: ListItem Model - Tests Complets Validation et intégrité valide que le score ELO est positif  00:17 +152: C:/Users/Thibaut/Desktop/PriorisProject/test/domain/models/list_item_comprehensive_test.dart: ListItem Model - Tests Complets Validation et intégrité valide que le score ELO est positif  00:17 +152: C:/Users/Thibaut/Desktop/PriorisProject/test/domain/models/list_item_comprehensive_test.dart: ... - Tests Complets Système ELO calcule la probabilité de victoire contre un adversaire     00:17 +153: C:/Users/Thibaut/Desktop/PriorisProject/test/domain/models/list_item_comprehensive_test.dart: ... - Tests Complets Système ELO calcule la probabilité de victoire contre un adversaire     00:17 +153: C:/Users/Thibaut/Desktop/PriorisProject/test/domain/models/list_item_comprehensive_test.dart: ListItem Model - Tests Complets Système ELO calcule correctement les probabilités égales     00:17 +154: C:/Users/Thibaut/Desktop/PriorisProject/test/domain/models/list_item_comprehensive_test.dart: ListItem Model - Tests Complets Système ELO calcule correctement les probabilités égales     00:17 +154: C:/Users/Thibaut/Desktop/PriorisProject/test/domain/models/list_item_comprehensive_test.dart: ListItem Model - Tests Complets Sérialisation et désérialisation convertit en JSON           00:17 +155: C:/Users/Thibaut/Desktop/PriorisProject/test/domain/models/list_item_comprehensive_test.dart: ListItem Model - Tests Complets Sérialisation et désérialisation convertit en JSON           00:17 +155: C:/Users/Thibaut/Desktop/PriorisProject/test/domain/models/list_item_comprehensive_test.dart: ListItem Model - Tests Complets Sérialisation et désérialisation crée depuis un JSON         00:17 +156: C:/Users/Thibaut/Desktop/PriorisProject/test/domain/models/list_item_comprehensive_test.dart: ListItem Model - Tests Complets Sérialisation et désérialisation crée depuis un JSON         00:17 +156: C:/Users/Thibaut/Desktop/PriorisProject/test/domain/models/list_item_comprehensive_test.dart: ... Complets Sérialisation et désérialisation gère les valeurs nulles dans la sérialisation  00:17 +157: C:/Users/Thibaut/Desktop/PriorisProject/test/domain/models/list_item_comprehensive_test.dart: ... Complets Sérialisation et désérialisation gère les valeurs nulles dans la sérialisation  00:17 +157: C:/Users/Thibaut/Desktop/PriorisProject/test/domain/models/list_item_comprehensive_test.dart: ... Model - Tests Complets Performance et optimisation crée efficacement de nombreux éléments00:17 +158: C:/Users/Thibaut/Desktop/PriorisProject/test/domain/models/list_item_comprehensive_test.dart: ... Model - Tests Complets Performance et optimisation crée efficacement de nombreux éléments00:17 +158: C:/Users/Thibaut/Desktop/PriorisProject/test/domain/models/list_item_comprehensive_test.dart: ListItem Model - Tests Complets Performance et optimisation calcule rapidement les scores ELO00:17 +159: C:/Users/Thibaut/Desktop/PriorisProject/test/domain/models/list_item_comprehensive_test.dart: ListItem Model - Tests Complets Performance et optimisation calcule rapidement les scores ELO00:18 +159: C:/Users/Thibaut/Desktop/PriorisProject/test/domain/models/list_item_comprehensive_test.dart: ListItem Model - Tests Complets Performance et optimisation calcule rapidement les scores ELO00:18 +159: loading C:/Users/Thibaut/Desktop/PriorisProject/test/domain/models/list_item_test.dart                                                                                                     00:18 +159: C:/Users/Thibaut/Desktop/PriorisProject/test/domain/models/list_item_test.dart: ListItem Constructor should create ListItem with all properties                                            00:18 +160: C:/Users/Thibaut/Desktop/PriorisProject/test/domain/models/list_item_test.dart: ListItem Constructor should create ListItem with all properties                                            00:18 +160: C:/Users/Thibaut/Desktop/PriorisProject/test/domain/models/list_item_test.dart: ListItem Constructor should create ListItem with minimal properties                                        00:18 +161: C:/Users/Thibaut/Desktop/PriorisProject/test/domain/models/list_item_test.dart: ListItem Constructor should create ListItem with minimal properties                                        00:18 +161: C:/Users/Thibaut/Desktop/PriorisProject/test/domain/models/list_item_test.dart: ListItem Constructor should create ListItem with completed status                                          00:18 +162: C:/Users/Thibaut/Desktop/PriorisProject/test/domain/models/list_item_test.dart: ListItem Constructor should create ListItem with completed status                                          00:18 +162: C:/Users/Thibaut/Desktop/PriorisProject/test/domain/models/list_item_test.dart: ListItem copyWith should return same instance when no parameters provided                                  00:18 +163: C:/Users/Thibaut/Desktop/PriorisProject/test/domain/models/list_item_test.dart: ListItem copyWith should return same instance when no parameters provided                                  00:18 +163: C:/Users/Thibaut/Desktop/PriorisProject/test/domain/models/list_item_test.dart: ListItem copyWith should copy with modified properties                                                     00:18 +164: C:/Users/Thibaut/Desktop/PriorisProject/test/domain/models/list_item_test.dart: ListItem copyWith should copy with modified properties                                                     00:18 +164: C:/Users/Thibaut/Desktop/PriorisProject/test/domain/models/list_item_test.dart: ListItem copyWith should copy with modified category                                                       00:18 +165: C:/Users/Thibaut/Desktop/PriorisProject/test/domain/models/list_item_test.dart: ListItem copyWith should copy with modified category                                                       00:18 +165: C:/Users/Thibaut/Desktop/PriorisProject/test/domain/models/list_item_test.dart: ListItem markAsCompleted should mark item as completed with current timestamp                              00:18 +166: C:/Users/Thibaut/Desktop/PriorisProject/test/domain/models/list_item_test.dart: ListItem markAsCompleted should mark item as completed with current timestamp                              00:18 +166: C:/Users/Thibaut/Desktop/PriorisProject/test/domain/models/list_item_test.dart: ListItem markAsCompleted should not modify other properties when marking as completed                      00:18 +167: C:/Users/Thibaut/Desktop/PriorisProject/test/domain/models/list_item_test.dart: ListItem markAsCompleted should not modify other properties when marking as completed                      00:18 +167: C:/Users/Thibaut/Desktop/PriorisProject/test/domain/models/list_item_test.dart: ListItem markAsIncomplete should mark item as incomplete and clear completedAt                             00:18 +168: C:/Users/Thibaut/Desktop/PriorisProject/test/domain/models/list_item_test.dart: ListItem markAsIncomplete should mark item as incomplete and clear completedAt                             00:18 +168: C:/Users/Thibaut/Desktop/PriorisProject/test/domain/models/list_item_test.dart: ListItem markAsIncomplete should not modify other properties when marking as incomplete                    00:18 +169: C:/Users/Thibaut/Desktop/PriorisProject/test/domain/models/list_item_test.dart: ListItem markAsIncomplete should not modify other properties when marking as incomplete                    00:18 +169: C:/Users/Thibaut/Desktop/PriorisProject/test/domain/models/list_item_test.dart: ListItem ELO System should calculate win probability against opponent                                      00:18 +170: C:/Users/Thibaut/Desktop/PriorisProject/test/domain/models/list_item_test.dart: ListItem ELO System should calculate win probability against opponent                                      00:18 +170: C:/Users/Thibaut/Desktop/PriorisProject/test/domain/models/list_item_test.dart: ListItem ELO System should handle equal ELO scores                                                         00:18 +171: C:/Users/Thibaut/Desktop/PriorisProject/test/domain/models/list_item_test.dart: ListItem ELO System should handle equal ELO scores                                                         00:18 +171: C:/Users/Thibaut/Desktop/PriorisProject/test/domain/models/list_item_test.dart: ListItem ELO System should update ELO score conceptually                                                   00:18 +172: C:/Users/Thibaut/Desktop/PriorisProject/test/domain/models/list_item_test.dart: ListItem ELO System should update ELO score conceptually                                                   00:18 +172: C:/Users/Thibaut/Desktop/PriorisProject/test/domain/models/list_item_test.dart: ListItem JSON Serialization should convert to JSON correctly                                               00:18 +173: C:/Users/Thibaut/Desktop/PriorisProject/test/domain/models/list_item_test.dart: ListItem JSON Serialization should convert to JSON correctly                                               00:18 +173: C:/Users/Thibaut/Desktop/PriorisProject/test/domain/models/list_item_test.dart: ListItem JSON Serialization should create from JSON correctly                                              00:18 +174: C:/Users/Thibaut/Desktop/PriorisProject/test/domain/models/list_item_test.dart: ListItem JSON Serialization should create from JSON correctly                                              00:18 +174: C:/Users/Thibaut/Desktop/PriorisProject/test/domain/models/list_item_test.dart: ListItem JSON Serialization should handle null values in JSON                                              00:18 +175: C:/Users/Thibaut/Desktop/PriorisProject/test/domain/models/list_item_test.dart: ListItem JSON Serialization should handle null values in JSON                                              00:18 +175: C:/Users/Thibaut/Desktop/PriorisProject/test/domain/models/list_item_test.dart: ListItem Validation should throw error for empty ID                                                        00:18 +176: C:/Users/Thibaut/Desktop/PriorisProject/test/domain/models/list_item_test.dart: ListItem Validation should throw error for empty ID                                                        00:18 +176: C:/Users/Thibaut/Desktop/PriorisProject/test/domain/models/list_item_test.dart: ListItem Validation should throw error for empty title                                                     00:18 +177: C:/Users/Thibaut/Desktop/PriorisProject/test/domain/models/list_item_test.dart: ListItem Validation should throw error for empty title                                                     00:18 +177: C:/Users/Thibaut/Desktop/PriorisProject/test/domain/models/list_item_test.dart: ListItem Validation should throw error for negative ELO score                                              00:18 +178: C:/Users/Thibaut/Desktop/PriorisProject/test/domain/models/list_item_test.dart: ListItem Validation should throw error for negative ELO score                                              00:18 +178: C:/Users/Thibaut/Desktop/PriorisProject/test/domain/models/list_item_test.dart: ListItem Validation should validate completion dates consistency                                           00:18 +179: C:/Users/Thibaut/Desktop/PriorisProject/test/domain/models/list_item_test.dart: ListItem Validation should validate completion dates consistency                                           00:18 +179: C:/Users/Thibaut/Desktop/PriorisProject/test/domain/models/list_item_test.dart: ListItem Performance should create items efficiently                                                       00:18 +180: C:/Users/Thibaut/Desktop/PriorisProject/test/domain/models/list_item_test.dart: ListItem Performance should create items efficiently                                                       00:18 +180: C:/Users/Thibaut/Desktop/PriorisProject/test/domain/models/list_item_test.dart: ListItem Performance should calculate ELO probabilities efficiently                                        00:18 +181: C:/Users/Thibaut/Desktop/PriorisProject/test/domain/models/list_item_test.dart: ListItem Performance should calculate ELO probabilities efficiently                                        00:18 +181: loading C:/Users/Thibaut/Desktop/PriorisProject/test/domain/services/cache/cache_monitoring_service_test.dart                                                                              00:18 +181: C:/Users/Thibaut/Desktop/PriorisProject/test/domain/services/cache/cache_monitoring_service_test.dart: CacheMonitoringService (setUpAll)                                                   00:18 +181: C:/Users/Thibaut/Desktop/PriorisProject/test/domain/services/cache/cache_monitoring_service_test.dart: CacheMonitoringService Initialisation should initialize correctly                   00:18 +182: C:/Users/Thibaut/Desktop/PriorisProject/test/domain/services/cache/cache_monitoring_service_test.dart: CacheMonitoringService Initialisation should initialize correctly                   00:18 +182: C:/Users/Thibaut/Desktop/PriorisProject/test/domain/services/cache/cache_monitoring_service_test.dart: CacheMonitoringService Initialisation should provide streams                        00:18 +183: C:/Users/Thibaut/Desktop/PriorisProject/test/domain/services/cache/cache_monitoring_service_test.dart: CacheMonitoringService Initialisation should provide streams                        00:18 +183: C:/Users/Thibaut/Desktop/PriorisProject/test/domain/services/cache/cache_monitoring_service_test.dart: CacheMonitoringService Monitoring should start and stop monitoring                  00:19 +183: C:/Users/Thibaut/Desktop/PriorisProject/test/domain/services/cache/cache_monitoring_service_test.dart: CacheMonitoringService Monitoring should start and stop monitoring                  00:19 +184: C:/Users/Thibaut/Desktop/PriorisProject/test/domain/services/cache/cache_monitoring_service_test.dart: CacheMonitoringService Monitoring should start and stop monitoring                  00:19 +184: C:/Users/Thibaut/Desktop/PriorisProject/test/domain/services/cache/cache_monitoring_service_test.dart: CacheMonitoringService Monitoring should collect metrics correctly                  00:19 +185: C:/Users/Thibaut/Desktop/PriorisProject/test/domain/services/cache/cache_monitoring_service_test.dart: CacheMonitoringService Monitoring should collect metrics correctly                  00:19 +185: C:/Users/Thibaut/Desktop/PriorisProject/test/domain/services/cache/cache_monitoring_service_test.dart: CacheMonitoringService Monitoring should limit metrics history                      00:19 +186: C:/Users/Thibaut/Desktop/PriorisProject/test/domain/services/cache/cache_monitoring_service_test.dart: CacheMonitoringService Monitoring should limit metrics history                      00:19 +187: C:/Users/Thibaut/Desktop/PriorisProject/test/domain/services/cache/cache_monitoring_service_test.dart: CacheMonitoringService Monitoring should limit metrics history                      00:19 +188: C:/Users/Thibaut/Desktop/PriorisProject/test/domain/services/cache/cache_monitoring_service_test.dart: CacheMonitoringService Monitoring should limit metrics history                      00:19 +189: C:/Users/Thibaut/Desktop/PriorisProject/test/domain/services/cache/cache_monitoring_service_test.dart: CacheMonitoringService Monitoring should limit metrics history                      00:19 +190: C:/Users/Thibaut/Desktop/PriorisProject/test/domain/services/cache/cache_monitoring_service_test.dart: CacheMonitoringService Monitoring should limit metrics history                      00:19 +191: C:/Users/Thibaut/Desktop/PriorisProject/test/domain/services/cache/cache_monitoring_service_test.dart: CacheMonitoringService Monitoring should limit metrics history                      00:19 +192: C:/Users/Thibaut/Desktop/PriorisProject/test/domain/services/cache/cache_monitoring_service_test.dart: CacheMonitoringService Monitoring should limit metrics history                      00:19 +193: C:/Users/Thibaut/Desktop/PriorisProject/test/domain/services/cache/cache_monitoring_service_test.dart: CacheMonitoringService Monitoring should limit metrics history                      00:19 +194: C:/Users/Thibaut/Desktop/PriorisProject/test/domain/services/cache/cache_monitoring_service_test.dart: CacheMonitoringService Monitoring should limit metrics history                      00:19 +195: C:/Users/Thibaut/Desktop/PriorisProject/test/domain/services/cache/cache_monitoring_service_test.dart: CacheMonitoringService Monitoring should limit metrics history                      00:19 +196: C:/Users/Thibaut/Desktop/PriorisProject/test/domain/services/cache/cache_monitoring_service_test.dart: CacheMonitoringService Monitoring should limit metrics history                      00:19 +197: C:/Users/Thibaut/Desktop/PriorisProject/test/domain/services/cache/cache_monitoring_service_test.dart: CacheMonitoringService Monitoring should limit metrics history                      00:19 +198: C:/Users/Thibaut/Desktop/PriorisProject/test/domain/services/cache/cache_monitoring_service_test.dart: CacheMonitoringService Monitoring should limit metrics history                      00:19 +199: C:/Users/Thibaut/Desktop/PriorisProject/test/domain/services/cache/cache_monitoring_service_test.dart: CacheMonitoringService Monitoring should limit metrics history                      00:19 +200: C:/Users/Thibaut/Desktop/PriorisProject/test/domain/services/cache/cache_monitoring_service_test.dart: CacheMonitoringService Monitoring should limit metrics history                      00:19 +201: C:/Users/Thibaut/Desktop/PriorisProject/test/domain/services/cache/cache_monitoring_service_test.dart: CacheMonitoringService Monitoring should limit metrics history                      00:19 +202: C:/Users/Thibaut/Desktop/PriorisProject/test/domain/services/cache/cache_monitoring_service_test.dart: CacheMonitoringService Monitoring should limit metrics history                      00:19 +203: C:/Users/Thibaut/Desktop/PriorisProject/test/domain/services/cache/cache_monitoring_service_test.dart: CacheMonitoringService Monitoring should limit metrics history                      00:19 +204: C:/Users/Thibaut/Desktop/PriorisProject/test/domain/services/cache/cache_monitoring_service_test.dart: CacheMonitoringService Monitoring should limit metrics history                      00:19 +205: C:/Users/Thibaut/Desktop/PriorisProject/test/domain/services/cache/cache_monitoring_service_test.dart: CacheMonitoringService Monitoring should limit metrics history                      00:19 +206: C:/Users/Thibaut/Desktop/PriorisProject/test/domain/services/cache/cache_monitoring_service_test.dart: CacheMonitoringService Monitoring should limit metrics history                      00:19 +207: C:/Users/Thibaut/Desktop/PriorisProject/test/domain/services/cache/cache_monitoring_service_test.dart: CacheMonitoringService Monitoring should limit metrics history                      00:19 +208: C:/Users/Thibaut/Desktop/PriorisProject/test/domain/services/cache/cache_monitoring_service_test.dart: CacheMonitoringService Monitoring should limit metrics history                      00:19 +209: C:/Users/Thibaut/Desktop/PriorisProject/test/domain/services/cache/cache_monitoring_service_test.dart: CacheMonitoringService Monitoring should limit metrics history                      00:19 +210: C:/Users/Thibaut/Desktop/PriorisProject/test/domain/services/cache/cache_monitoring_service_test.dart: CacheMonitoringService Monitoring should limit metrics history                      00:19 +211: C:/Users/Thibaut/Desktop/PriorisProject/test/domain/services/cache/cache_monitoring_service_test.dart: CacheMonitoringService Monitoring should limit metrics history                      00:19 +212: C:/Users/Thibaut/Desktop/PriorisProject/test/domain/services/cache/cache_monitoring_service_test.dart: CacheMonitoringService Monitoring should limit metrics history                      00:19 +213: C:/Users/Thibaut/Desktop/PriorisProject/test/domain/services/cache/cache_monitoring_service_test.dart: CacheMonitoringService Monitoring should limit metrics history                      00:19 +214: C:/Users/Thibaut/Desktop/PriorisProject/test/domain/services/cache/cache_monitoring_service_test.dart: CacheMonitoringService Monitoring should limit metrics history                      00:19 +215: C:/Users/Thibaut/Desktop/PriorisProject/test/domain/services/cache/cache_monitoring_service_test.dart: CacheMonitoringService Monitoring should limit metrics history                      00:19 +216: C:/Users/Thibaut/Desktop/PriorisProject/test/domain/services/cache/cache_monitoring_service_test.dart: CacheMonitoringService Monitoring should limit metrics history                      00:19 +217: C:/Users/Thibaut/Desktop/PriorisProject/test/domain/services/cache/cache_monitoring_service_test.dart: CacheMonitoringService Monitoring should limit metrics history                      00:19 +218: C:/Users/Thibaut/Desktop/PriorisProject/test/domain/services/cache/cache_monitoring_service_test.dart: CacheMonitoringService Monitoring should limit metrics history                      00:19 +219: C:/Users/Thibaut/Desktop/PriorisProject/test/domain/services/cache/cache_monitoring_service_test.dart: CacheMonitoringService Monitoring should limit metrics history                      00:19 +220: C:/Users/Thibaut/Desktop/PriorisProject/test/domain/services/cache/cache_monitoring_service_test.dart: CacheMonitoringService Monitoring should limit metrics history                      00:19 +221: C:/Users/Thibaut/Desktop/PriorisProject/test/domain/services/cache/cache_monitoring_service_test.dart: CacheMonitoringService Monitoring should limit metrics history                      00:19 +222: C:/Users/Thibaut/Desktop/PriorisProject/test/domain/services/cache/cache_monitoring_service_test.dart: CacheMonitoringService Monitoring should limit metrics history                      00:19 +223: C:/Users/Thibaut/Desktop/PriorisProject/test/domain/services/cache/cache_monitoring_service_test.dart: CacheMonitoringService Monitoring should limit metrics history                      00:19 +224: C:/Users/Thibaut/Desktop/PriorisProject/test/domain/services/cache/cache_monitoring_service_test.dart: CacheMonitoringService Monitoring should limit metrics history                      00:19 +225: C:/Users/Thibaut/Desktop/PriorisProject/test/domain/services/cache/cache_monitoring_service_test.dart: CacheMonitoringService Monitoring should limit metrics history                      00:19 +226: C:/Users/Thibaut/Desktop/PriorisProject/test/domain/services/cache/cache_monitoring_service_test.dart: CacheMonitoringService Monitoring should limit metrics history                      00:19 +227: C:/Users/Thibaut/Desktop/PriorisProject/test/domain/services/cache/cache_monitoring_service_test.dart: CacheMonitoringService Monitoring should limit metrics history                      00:19 +228: C:/Users/Thibaut/Desktop/PriorisProject/test/domain/services/cache/cache_monitoring_service_test.dart: CacheMonitoringService Monitoring should limit metrics history                      00:19 +229: C:/Users/Thibaut/Desktop/PriorisProject/test/domain/services/cache/cache_monitoring_service_test.dart: CacheMonitoringService Monitoring should limit metrics history                      00:19 +230: C:/Users/Thibaut/Desktop/PriorisProject/test/domain/services/cache/cache_monitoring_service_test.dart: CacheMonitoringService Monitoring should limit metrics history                      00:19 +231: C:/Users/Thibaut/Desktop/PriorisProject/test/domain/services/cache/cache_monitoring_service_test.dart: CacheMonitoringService Monitoring should limit metrics history                      00:19 +232: C:/Users/Thibaut/Desktop/PriorisProject/test/domain/services/cache/cache_monitoring_service_test.dart: CacheMonitoringService Monitoring should limit metrics history                      00:19 +233: C:/Users/Thibaut/Desktop/PriorisProject/test/domain/services/cache/cache_monitoring_service_test.dart: CacheMonitoringService Monitoring should limit metrics history                      00:19 +234: C:/Users/Thibaut/Desktop/PriorisProject/test/domain/services/cache/cache_monitoring_service_test.dart: CacheMonitoringService Monitoring should limit metrics history                      00:19 +235: C:/Users/Thibaut/Desktop/PriorisProject/test/domain/services/cache/cache_monitoring_service_test.dart: CacheMonitoringService Monitoring should limit metrics history                      00:19 +236: C:/Users/Thibaut/Desktop/PriorisProject/test/domain/services/cache/cache_monitoring_service_test.dart: CacheMonitoringService Monitoring should limit metrics history                      00:19 +237: C:/Users/Thibaut/Desktop/PriorisProject/test/domain/services/cache/cache_monitoring_service_test.dart: CacheMonitoringService Monitoring should limit metrics history                      00:19 +237 -1: C:/Users/Thibaut/Desktop/PriorisProject/test/domain/services/calculation/points_calculation_service_test.dart: PointsCalculationService calculateWeeklyPoints should calculate weekly points [E]
  Expected: <75>
    Actual: <50>
  
  package:matcher                                                              expect
  package:flutter_test/src/widget_tester.dart 474:18                           expect
  test\domain\services\calculation\points_calculation_service_test.dart 293:9  main.<fn>.<fn>.<fn>
  

To run this test again: C:\flutter\bin\cache\dart-sdk\bin\dart.exe test C:/Users/Thibaut/Desktop/PriorisProject/test/domain/services/calculation/points_calculation_service_test.dart -p vm --plain-name "PointsCalculationService calculateWeeklyPoints should calculate weekly points"
00:19 +238 -1: C:/Users/Thibaut/Desktop/PriorisProject/test/domain/services/cache/cache_monitoring_service_test.dart: CacheMonitoringService Monitoring should limit metrics history                   00:19 +239 -1: C:/Users/Thibaut/Desktop/PriorisProject/test/domain/services/cache/cache_monitoring_service_test.dart: CacheMonitoringService Monitoring should limit metrics history                   00:20 +239 -1: C:/Users/Thibaut/Desktop/PriorisProject/test/domain/services/cache/cache_monitoring_service_test.dart: CacheMonitoringService Monitoring should limit metrics history                   00:20 +240 -1: C:/Users/Thibaut/Desktop/PriorisProject/test/domain/services/cache/cache_monitoring_service_test.dart: CacheMonitoringService Monitoring should limit metrics history                   00:20 +241 -1: C:/Users/Thibaut/Desktop/PriorisProject/test/domain/services/cache/cache_monitoring_service_test.dart: CacheMonitoringService Monitoring should limit metrics history                   00:20 +242 -1: C:/Users/Thibaut/Desktop/PriorisProject/test/domain/services/cache/cache_monitoring_service_test.dart: CacheMonitoringService Monitoring should limit metrics history                   00:20 +243 -1: C:/Users/Thibaut/Desktop/PriorisProject/test/domain/services/cache/cache_monitoring_service_test.dart: CacheMonitoringService Monitoring should limit metrics history                   00:20 +244 -1: C:/Users/Thibaut/Desktop/PriorisProject/test/domain/services/cache/cache_monitoring_service_test.dart: CacheMonitoringService Monitoring should limit metrics history                   00:20 +245 -1: C:/Users/Thibaut/Desktop/PriorisProject/test/domain/services/cache/cache_monitoring_service_test.dart: CacheMonitoringService Monitoring should limit metrics history                   00:20 +246 -1: C:/Users/Thibaut/Desktop/PriorisProject/test/domain/services/cache/cache_monitoring_service_test.dart: CacheMonitoringService Monitoring should limit metrics history                   00:20 +247 -1: C:/Users/Thibaut/Desktop/PriorisProject/test/domain/services/cache/cache_monitoring_service_test.dart: CacheMonitoringService Monitoring should limit metrics history                   00:20 +248 -1: C:/Users/Thibaut/Desktop/PriorisProject/test/domain/services/cache/cache_monitoring_service_test.dart: CacheMonitoringService Monitoring should limit metrics history                   00:20 +249 -1: C:/Users/Thibaut/Desktop/PriorisProject/test/domain/services/cache/cache_monitoring_service_test.dart: CacheMonitoringService Monitoring should limit metrics history                   00:20 +250 -1: C:/Users/Thibaut/Desktop/PriorisProject/test/domain/services/cache/cache_monitoring_service_test.dart: CacheMonitoringService Monitoring should limit metrics history                   00:20 +251 -1: C:/Users/Thibaut/Desktop/PriorisProject/test/domain/services/cache/cache_monitoring_service_test.dart: CacheMonitoringService Monitoring should limit metrics history                   00:20 +252 -1: C:/Users/Thibaut/Desktop/PriorisProject/test/domain/services/cache/cache_monitoring_service_test.dart: CacheMonitoringService Monitoring should limit metrics history                   00:20 +253 -1: C:/Users/Thibaut/Desktop/PriorisProject/test/domain/services/cache/cache_monitoring_service_test.dart: CacheMonitoringService Monitoring should limit metrics history                   00:20 +254 -1: C:/Users/Thibaut/Desktop/PriorisProject/test/domain/services/cache/cache_monitoring_service_test.dart: CacheMonitoringService Monitoring should limit metrics history                   00:20 +255 -1: C:/Users/Thibaut/Desktop/PriorisProject/test/domain/services/cache/cache_monitoring_service_test.dart: CacheMonitoringService Monitoring should limit metrics history                   00:20 +256 -1: C:/Users/Thibaut/Desktop/PriorisProject/test/domain/services/cache/cache_monitoring_service_test.dart: CacheMonitoringService Monitoring should limit metrics history                   00:20 +257 -1: C:/Users/Thibaut/Desktop/PriorisProject/test/domain/services/cache/cache_monitoring_service_test.dart: CacheMonitoringService Monitoring should limit metrics history                   00:20 +258 -1: C:/Users/Thibaut/Desktop/PriorisProject/test/domain/services/cache/cache_monitoring_service_test.dart: CacheMonitoringService Monitoring should limit metrics history                   00:20 +259 -1: C:/Users/Thibaut/Desktop/PriorisProject/test/domain/services/cache/cache_monitoring_service_test.dart: CacheMonitoringService Monitoring should limit metrics history                   00:20 +260 -1: C:/Users/Thibaut/Desktop/PriorisProject/test/domain/services/cache/cache_monitoring_service_test.dart: CacheMonitoringService Monitoring should limit metrics history                   00:20 +261 -1: C:/Users/Thibaut/Desktop/PriorisProject/test/domain/services/cache/cache_monitoring_service_test.dart: CacheMonitoringService Monitoring should limit metrics history                   00:20 +262 -1: C:/Users/Thibaut/Desktop/PriorisProject/test/domain/services/cache/cache_monitoring_service_test.dart: CacheMonitoringService Monitoring should limit metrics history                   00:20 +263 -1: C:/Users/Thibaut/Desktop/PriorisProject/test/domain/services/cache/cache_monitoring_service_test.dart: CacheMonitoringService Monitoring should limit metrics history                   00:20 +264 -1: C:/Users/Thibaut/Desktop/PriorisProject/test/domain/services/cache/cache_monitoring_service_test.dart: CacheMonitoringService Monitoring should limit metrics history                   00:20 +265 -1: C:/Users/Thibaut/Desktop/PriorisProject/test/domain/services/cache/cache_monitoring_service_test.dart: CacheMonitoringService Monitoring should limit metrics history                   00:20 +266 -1: C:/Users/Thibaut/Desktop/PriorisProject/test/domain/services/cache/cache_monitoring_service_test.dart: CacheMonitoringService Monitoring should limit metrics history                   00:20 +267 -1: C:/Users/Thibaut/Desktop/PriorisProject/test/domain/services/cache/cache_monitoring_service_test.dart: CacheMonitoringService Monitoring should limit metrics history                   00:20 +268 -1: C:/Users/Thibaut/Desktop/PriorisProject/test/domain/services/cache/cache_monitoring_service_test.dart: CacheMonitoringService Monitoring should limit metrics history                   00:20 +269 -1: C:/Users/Thibaut/Desktop/PriorisProject/test/domain/services/cache/cache_monitoring_service_test.dart: CacheMonitoringService Monitoring should limit metrics history                   00:20 +270 -1: C:/Users/Thibaut/Desktop/PriorisProject/test/domain/services/cache/cache_monitoring_service_test.dart: CacheMonitoringService Monitoring should limit metrics history                   00:20 +271 -1: C:/Users/Thibaut/Desktop/PriorisProject/test/domain/services/cache/cache_monitoring_service_test.dart: CacheMonitoringService Monitoring should limit metrics history                   00:20 +272 -1: C:/Users/Thibaut/Desktop/PriorisProject/test/domain/services/cache/cache_monitoring_service_test.dart: CacheMonitoringService Monitoring should limit metrics history                   00:20 +273 -1: C:/Users/Thibaut/Desktop/PriorisProject/test/domain/services/cache/cache_monitoring_service_test.dart: CacheMonitoringService Monitoring should limit metrics history                   00:20 +274 -1: C:/Users/Thibaut/Desktop/PriorisProject/test/domain/services/cache/cache_monitoring_service_test.dart: CacheMonitoringService Monitoring should limit metrics history                   00:20 +275 -1: C:/Users/Thibaut/Desktop/PriorisProject/test/domain/services/cache/cache_monitoring_service_test.dart: CacheMonitoringService Monitoring should limit metrics history                   00:20 +276 -1: C:/Users/Thibaut/Desktop/PriorisProject/test/domain/services/cache/cache_monitoring_service_test.dart: CacheMonitoringService Monitoring should limit metrics history                   00:20 +277 -1: C:/Users/Thibaut/Desktop/PriorisProject/test/domain/services/cache/cache_monitoring_service_test.dart: CacheMonitoringService Monitoring should limit metrics history                   00:20 +278 -1: C:/Users/Thibaut/Desktop/PriorisProject/test/domain/services/cache/cache_monitoring_service_test.dart: CacheMonitoringService Monitoring should limit metrics history                   00:20 +279 -1: C:/Users/Thibaut/Desktop/PriorisProject/test/domain/services/cache/cache_monitoring_service_test.dart: CacheMonitoringService Monitoring should limit metrics history                   00:20 +280 -1: C:/Users/Thibaut/Desktop/PriorisProject/test/domain/services/cache/cache_monitoring_service_test.dart: CacheMonitoringService Monitoring should limit metrics history                   00:20 +281 -1: C:/Users/Thibaut/Desktop/PriorisProject/test/domain/services/cache/cache_monitoring_service_test.dart: CacheMonitoringService Monitoring should limit metrics history                   00:20 +282 -1: C:/Users/Thibaut/Desktop/PriorisProject/test/domain/services/cache/cache_monitoring_service_test.dart: CacheMonitoringService Monitoring should limit metrics history                   00:20 +283 -1: C:/Users/Thibaut/Desktop/PriorisProject/test/domain/services/cache/cache_monitoring_service_test.dart: CacheMonitoringService Monitoring should limit metrics history                   00:20 +284 -1: C:/Users/Thibaut/Desktop/PriorisProject/test/domain/services/cache/cache_monitoring_service_test.dart: CacheMonitoringService Monitoring should limit metrics history                   00:20 +285 -1: C:/Users/Thibaut/Desktop/PriorisProject/test/domain/services/cache/cache_monitoring_service_test.dart: CacheMonitoringService Monitoring should limit metrics history                   00:20 +286 -1: C:/Users/Thibaut/Desktop/PriorisProject/test/domain/services/cache/cache_monitoring_service_test.dart: CacheMonitoringService Monitoring should limit metrics history                   00:20 +287 -1: C:/Users/Thibaut/Desktop/PriorisProject/test/domain/services/cache/cache_monitoring_service_test.dart: CacheMonitoringService Monitoring should limit metrics history                   00:20 +288 -1: C:/Users/Thibaut/Desktop/PriorisProject/test/domain/services/cache/cache_monitoring_service_test.dart: CacheMonitoringService Monitoring should limit metrics history                   00:20 +289 -1: C:/Users/Thibaut/Desktop/PriorisProject/test/domain/services/cache/cache_monitoring_service_test.dart: CacheMonitoringService Monitoring should limit metrics history                   00:20 +290 -1: C:/Users/Thibaut/Desktop/PriorisProject/test/domain/services/cache/cache_monitoring_service_test.dart: CacheMonitoringService Monitoring should limit metrics history                   00:20 +291 -1: C:/Users/Thibaut/Desktop/PriorisProject/test/domain/services/cache/cache_monitoring_service_test.dart: CacheMonitoringService Monitoring should limit metrics history                   00:20 +292 -1: C:/Users/Thibaut/Desktop/PriorisProject/test/domain/services/cache/cache_monitoring_service_test.dart: CacheMonitoringService Monitoring should limit metrics history                   00:20 +293 -1: C:/Users/Thibaut/Desktop/PriorisProject/test/domain/services/cache/cache_monitoring_service_test.dart: CacheMonitoringService Monitoring should limit metrics history                   00:20 +294 -1: C:/Users/Thibaut/Desktop/PriorisProject/test/domain/services/cache/cache_monitoring_service_test.dart: CacheMonitoringService Monitoring should limit metrics history                   00:20 +295 -1: C:/Users/Thibaut/Desktop/PriorisProject/test/domain/services/cache/cache_monitoring_service_test.dart: CacheMonitoringService Monitoring should limit metrics history                   00:20 +296 -1: C:/Users/Thibaut/Desktop/PriorisProject/test/domain/services/cache/cache_monitoring_service_test.dart: CacheMonitoringService Monitoring should limit metrics history                   00:21 +296 -1: C:/Users/Thibaut/Desktop/PriorisProject/test/domain/services/cache/cache_monitoring_service_test.dart: CacheMonitoringService Monitoring should limit metrics history                   00:21 +296 -2: C:/Users/Thibaut/Desktop/PriorisProject/test/domain/services/core/language_service_test.dart: LanguageService Initialisation should initialize with default locale [E]                  
  MissingPluginException(No implementation found for method getApplicationDocumentsDirectory on channel plugins.flutter.io/path_provider)
  package:flutter/src/services/platform_channel.dart 368:7  MethodChannel._invokeMethod
  
  LateInitializationError: Local 'mockBox' has not been initialized.
  dart:_internal                                        LateError._throwLocalNotInitialized
  test\domain\services\core\language_service_test.dart  main.<fn>.<fn>
  

To run this test again: C:\flutter\bin\cache\dart-sdk\bin\dart.exe test C:/Users/Thibaut/Desktop/PriorisProject/test/domain/services/core/language_service_test.dart -p vm --plain-name "LanguageService Initialisation should initialize with default locale"
00:21 +296 -3: C:/Users/Thibaut/Desktop/PriorisProject/test/domain/services/core/language_service_test.dart: LanguageService Initialisation should have correct supported locales [E]                  
  MissingPluginException(No implementation found for method getApplicationDocumentsDirectory on channel plugins.flutter.io/path_provider)
  package:flutter/src/services/platform_channel.dart 368:7  MethodChannel._invokeMethod
  
  LateInitializationError: Local 'mockBox' has not been initialized.
  dart:_internal                                        LateError._throwLocalNotInitialized
  test\domain\services\core\language_service_test.dart  main.<fn>.<fn>
  

To run this test again: C:\flutter\bin\cache\dart-sdk\bin\dart.exe test C:/Users/Thibaut/Desktop/PriorisProject/test/domain/services/core/language_service_test.dart -p vm --plain-name "LanguageService Initialisation should have correct supported locales"
00:21 +296 -4: C:/Users/Thibaut/Desktop/PriorisProject/test/domain/services/core/language_service_test.dart: LanguageService getCurrentLocale should return default locale when no language is set [E] 
  MissingPluginException(No implementation found for method getApplicationDocumentsDirectory on channel plugins.flutter.io/path_provider)
  package:flutter/src/services/platform_channel.dart 368:7  MethodChannel._invokeMethod
  
  LateInitializationError: Local 'mockBox' has not been initialized.
  dart:_internal                                        LateError._throwLocalNotInitialized
  test\domain\services\core\language_service_test.dart  main.<fn>.<fn>
  

To run this test again: C:\flutter\bin\cache\dart-sdk\bin\dart.exe test C:/Users/Thibaut/Desktop/PriorisProject/test/domain/services/core/language_service_test.dart -p vm --plain-name "LanguageService getCurrentLocale should return default locale when no language is set"
00:21 +296 -5: C:/Users/Thibaut/Desktop/PriorisProject/test/domain/services/core/language_service_test.dart: LanguageService getCurrentLocale should return saved locale when language is set [E]      
  MissingPluginException(No implementation found for method getApplicationDocumentsDirectory on channel plugins.flutter.io/path_provider)
  package:flutter/src/services/platform_channel.dart 368:7  MethodChannel._invokeMethod
  
  LateInitializationError: Local 'mockBox' has not been initialized.
  dart:_internal                                        LateError._throwLocalNotInitialized
  test\domain\services\core\language_service_test.dart  main.<fn>.<fn>
  

To run this test again: C:\flutter\bin\cache\dart-sdk\bin\dart.exe test C:/Users/Thibaut/Desktop/PriorisProject/test/domain/services/core/language_service_test.dart -p vm --plain-name "LanguageService getCurrentLocale should return saved locale when language is set"
00:21 +296 -6: C:/Users/Thibaut/Desktop/PriorisProject/test/domain/services/core/language_service_test.dart: LanguageService setLocale should save locale to storage [E]                               
  MissingPluginException(No implementation found for method getApplicationDocumentsDirectory on channel plugins.flutter.io/path_provider)
  package:flutter/src/services/platform_channel.dart 368:7  MethodChannel._invokeMethod
  
  LateInitializationError: Local 'mockBox' has not been initialized.
  dart:_internal                                        LateError._throwLocalNotInitialized
  test\domain\services\core\language_service_test.dart  main.<fn>.<fn>
  

To run this test again: C:\flutter\bin\cache\dart-sdk\bin\dart.exe test C:/Users/Thibaut/Desktop/PriorisProject/test/domain/services/core/language_service_test.dart -p vm --plain-name "LanguageService setLocale should save locale to storage"
00:21 +296 -7: C:/Users/Thibaut/Desktop/PriorisProject/test/domain/services/core/language_service_test.dart: LanguageService setLocale should update current locale immediately [E]                    
  MissingPluginException(No implementation found for method getApplicationDocumentsDirectory on channel plugins.flutter.io/path_provider)
  package:flutter/src/services/platform_channel.dart 368:7  MethodChannel._invokeMethod
  
  LateInitializationError: Local 'mockBox' has not been initialized.
  dart:_internal                                        LateError._throwLocalNotInitialized
  test\domain\services\core\language_service_test.dart  main.<fn>.<fn>
  

To run this test again: C:\flutter\bin\cache\dart-sdk\bin\dart.exe test C:/Users/Thibaut/Desktop/PriorisProject/test/domain/services/core/language_service_test.dart -p vm --plain-name "LanguageService setLocale should update current locale immediately"
00:21 +296 -8: C:/Users/Thibaut/Desktop/PriorisProject/test/domain/services/core/language_service_test.dart: LanguageService getLanguageDisplayName should return correct display names for all supported languages [E]
  MissingPluginException(No implementation found for method getApplicationDocumentsDirectory on channel plugins.flutter.io/path_provider)
  package:flutter/src/services/platform_channel.dart 368:7  MethodChannel._invokeMethod
  
  LateInitializationError: Local 'mockBox' has not been initialized.
  dart:_internal                                        LateError._throwLocalNotInitialized
  test\domain\services\core\language_service_test.dart  main.<fn>.<fn>
  

To run this test again: C:\flutter\bin\cache\dart-sdk\bin\dart.exe test C:/Users/Thibaut/Desktop/PriorisProject/test/domain/services/core/language_service_test.dart -p vm --plain-name "LanguageService getLanguageDisplayName should return correct display names for all supported languages"
00:21 +296 -9: C:/Users/Thibaut/Desktop/PriorisProject/test/domain/services/core/language_service_test.dart: LanguageService getLanguageDisplayName should return English for unsupported language [E] 
  MissingPluginException(No implementation found for method getApplicationDocumentsDirectory on channel plugins.flutter.io/path_provider)
  package:flutter/src/services/platform_channel.dart 368:7  MethodChannel._invokeMethod
  
  LateInitializationError: Local 'mockBox' has not been initialized.
  dart:_internal                                        LateError._throwLocalNotInitialized
  test\domain\services\core\language_service_test.dart  main.<fn>.<fn>
  

To run this test again: C:\flutter\bin\cache\dart-sdk\bin\dart.exe test C:/Users/Thibaut/Desktop/PriorisProject/test/domain/services/core/language_service_test.dart -p vm --plain-name "LanguageService getLanguageDisplayName should return English for unsupported language"
00:21 +296 -10: C:/Users/Thibaut/Desktop/PriorisProject/test/domain/services/core/language_service_test.dart: LanguageService getLanguageFlag should return correct flags for all supported languages [E]
  MissingPluginException(No implementation found for method getApplicationDocumentsDirectory on channel plugins.flutter.io/path_provider)
  package:flutter/src/services/platform_channel.dart 368:7  MethodChannel._invokeMethod
  
  LateInitializationError: Local 'mockBox' has not been initialized.
  dart:_internal                                        LateError._throwLocalNotInitialized
  test\domain\services\core\language_service_test.dart  main.<fn>.<fn>
  

To run this test again: C:\flutter\bin\cache\dart-sdk\bin\dart.exe test C:/Users/Thibaut/Desktop/PriorisProject/test/domain/services/core/language_service_test.dart -p vm --plain-name "LanguageService getLanguageFlag should return correct flags for all supported languages"
00:21 +296 -11: C:/Users/Thibaut/Desktop/PriorisProject/test/domain/services/core/language_service_test.dart: LanguageService getLanguageFlag should return US flag for unsupported language [E]       
  MissingPluginException(No implementation found for method getApplicationDocumentsDirectory on channel plugins.flutter.io/path_provider)
  package:flutter/src/services/platform_channel.dart 368:7  MethodChannel._invokeMethod
  
  LateInitializationError: Local 'mockBox' has not been initialized.
  dart:_internal                                        LateError._throwLocalNotInitialized
  test\domain\services\core\language_service_test.dart  main.<fn>.<fn>
  

To run this test again: C:\flutter\bin\cache\dart-sdk\bin\dart.exe test C:/Users/Thibaut/Desktop/PriorisProject/test/domain/services/core/language_service_test.dart -p vm --plain-name "LanguageService getLanguageFlag should return US flag for unsupported language"
00:21 +296 -12: C:/Users/Thibaut/Desktop/PriorisProject/test/domain/services/core/language_service_test.dart: LanguageService isSupported should return true for supported locales [E]                 
  MissingPluginException(No implementation found for method getApplicationDocumentsDirectory on channel plugins.flutter.io/path_provider)
  package:flutter/src/services/platform_channel.dart 368:7  MethodChannel._invokeMethod
  
  LateInitializationError: Local 'mockBox' has not been initialized.
  dart:_internal                                        LateError._throwLocalNotInitialized
  test\domain\services\core\language_service_test.dart  main.<fn>.<fn>
  

To run this test again: C:\flutter\bin\cache\dart-sdk\bin\dart.exe test C:/Users/Thibaut/Desktop/PriorisProject/test/domain/services/core/language_service_test.dart -p vm --plain-name "LanguageService isSupported should return true for supported locales"
00:21 +296 -13: C:/Users/Thibaut/Desktop/PriorisProject/test/domain/services/core/language_service_test.dart: LanguageService isSupported should return false for unsupported locales [E]              
  MissingPluginException(No implementation found for method getApplicationDocumentsDirectory on channel plugins.flutter.io/path_provider)
  package:flutter/src/services/platform_channel.dart 368:7  MethodChannel._invokeMethod
  
  LateInitializationError: Local 'mockBox' has not been initialized.
  dart:_internal                                        LateError._throwLocalNotInitialized
  test\domain\services\core\language_service_test.dart  main.<fn>.<fn>
  

To run this test again: C:\flutter\bin\cache\dart-sdk\bin\dart.exe test C:/Users/Thibaut/Desktop/PriorisProject/test/domain/services/core/language_service_test.dart -p vm --plain-name "LanguageService isSupported should return false for unsupported locales"
00:21 +296 -14: C:/Users/Thibaut/Desktop/PriorisProject/test/domain/services/core/language_service_test.dart: LanguageService isSupported should return false for partial matches [E]                  
  MissingPluginException(No implementation found for method getApplicationDocumentsDirectory on channel plugins.flutter.io/path_provider)
  package:flutter/src/services/platform_channel.dart 368:7  MethodChannel._invokeMethod
  
  LateInitializationError: Local 'mockBox' has not been initialized.
  dart:_internal                                        LateError._throwLocalNotInitialized
  test\domain\services\core\language_service_test.dart  main.<fn>.<fn>
  

To run this test again: C:\flutter\bin\cache\dart-sdk\bin\dart.exe test C:/Users/Thibaut/Desktop/PriorisProject/test/domain/services/core/language_service_test.dart -p vm --plain-name "LanguageService isSupported should return false for partial matches"
00:21 +296 -15: C:/Users/Thibaut/Desktop/PriorisProject/test/domain/services/core/language_service_test.dart: LanguageService getSystemLocale should return supported locale when system locale is supported [E]
  MissingPluginException(No implementation found for method getApplicationDocumentsDirectory on channel plugins.flutter.io/path_provider)
  package:flutter/src/services/platform_channel.dart 368:7  MethodChannel._invokeMethod
  
  LateInitializationError: Local 'mockBox' has not been initialized.
  dart:_internal                                        LateError._throwLocalNotInitialized
  test\domain\services\core\language_service_test.dart  main.<fn>.<fn>
  

To run this test again: C:\flutter\bin\cache\dart-sdk\bin\dart.exe test C:/Users/Thibaut/Desktop/PriorisProject/test/domain/services/core/language_service_test.dart -p vm --plain-name "LanguageService getSystemLocale should return supported locale when system locale is supported"
00:21 +296 -16: C:/Users/Thibaut/Desktop/PriorisProject/test/domain/services/core/language_service_test.dart: LanguageService detectBrowserLanguage should return a supported locale [E]               
  MissingPluginException(No implementation found for method getApplicationDocumentsDirectory on channel plugins.flutter.io/path_provider)
  package:flutter/src/services/platform_channel.dart 368:7  MethodChannel._invokeMethod
  
  LateInitializationError: Local 'mockBox' has not been initialized.
  dart:_internal                                        LateError._throwLocalNotInitialized
  test\domain\services\core\language_service_test.dart  main.<fn>.<fn>
  

To run this test again: C:\flutter\bin\cache\dart-sdk\bin\dart.exe test C:/Users/Thibaut/Desktop/PriorisProject/test/domain/services/core/language_service_test.dart -p vm --plain-name "LanguageService detectBrowserLanguage should return a supported locale"
00:21 +296 -17: C:/Users/Thibaut/Desktop/PriorisProject/test/domain/services/core/language_service_test.dart: LanguageService getSupportedLanguages should return all supported languages with correct information [E]
  MissingPluginException(No implementation found for method getApplicationDocumentsDirectory on channel plugins.flutter.io/path_provider)
  package:flutter/src/services/platform_channel.dart 368:7  MethodChannel._invokeMethod
  
  LateInitializationError: Local 'mockBox' has not been initialized.
  dart:_internal                                        LateError._throwLocalNotInitialized
  test\domain\services\core\language_service_test.dart  main.<fn>.<fn>
  

To run this test again: C:\flutter\bin\cache\dart-sdk\bin\dart.exe test C:/Users/Thibaut/Desktop/PriorisProject/test/domain/services/core/language_service_test.dart -p vm --plain-name "LanguageService getSupportedLanguages should return all supported languages with correct information"
00:21 +296 -18: C:/Users/Thibaut/Desktop/PriorisProject/test/domain/services/core/language_service_test.dart: LanguageService getSupportedLanguages should return unique locales [E]                   
  MissingPluginException(No implementation found for method getApplicationDocumentsDirectory on channel plugins.flutter.io/path_provider)
  package:flutter/src/services/platform_channel.dart 368:7  MethodChannel._invokeMethod
  
  LateInitializationError: Local 'mockBox' has not been initialized.
  dart:_internal                                        LateError._throwLocalNotInitialized
  test\domain\services\core\language_service_test.dart  main.<fn>.<fn>
  

To run this test again: C:\flutter\bin\cache\dart-sdk\bin\dart.exe test C:/Users/Thibaut/Desktop/PriorisProject/test/domain/services/core/language_service_test.dart -p vm --plain-name "LanguageService getSupportedLanguages should return unique locales"
00:21 +296 -19: C:/Users/Thibaut/Desktop/PriorisProject/test/domain/services/core/language_service_test.dart: LanguageService dispose should close the box without error [E]                           
  MissingPluginException(No implementation found for method getApplicationDocumentsDirectory on channel plugins.flutter.io/path_provider)
  package:flutter/src/services/platform_channel.dart 368:7  MethodChannel._invokeMethod
  
  LateInitializationError: Local 'mockBox' has not been initialized.
  dart:_internal                                        LateError._throwLocalNotInitialized
  test\domain\services\core\language_service_test.dart  main.<fn>.<fn>
  

To run this test again: C:\flutter\bin\cache\dart-sdk\bin\dart.exe test C:/Users/Thibaut/Desktop/PriorisProject/test/domain/services/core/language_service_test.dart -p vm --plain-name "LanguageService dispose should close the box without error"
00:21 +297 -19: C:/Users/Thibaut/Desktop/PriorisProject/test/domain/services/cache/cache_monitoring_service_test.dart: CacheMonitoringService Monitoring should limit metrics history                  00:21 +298 -19: C:/Users/Thibaut/Desktop/PriorisProject/test/domain/services/cache/cache_monitoring_service_test.dart: CacheMonitoringService Monitoring should limit metrics history                  00:21 +299 -19: C:/Users/Thibaut/Desktop/PriorisProject/test/domain/services/cache/cache_monitoring_service_test.dart: CacheMonitoringService Monitoring should limit metrics history                  00:21 +300 -19: C:/Users/Thibaut/Desktop/PriorisProject/test/domain/services/cache/cache_monitoring_service_test.dart: CacheMonitoringService Monitoring should limit metrics history                  00:21 +301 -19: C:/Users/Thibaut/Desktop/PriorisProject/test/domain/services/cache/cache_monitoring_service_test.dart: CacheMonitoringService Monitoring should limit metrics history                  00:21 +302 -19: C:/Users/Thibaut/Desktop/PriorisProject/test/domain/services/cache/cache_monitoring_service_test.dart: CacheMonitoringService Monitoring should limit metrics history                  00:21 +303 -19: C:/Users/Thibaut/Desktop/PriorisProject/test/domain/services/cache/cache_monitoring_service_test.dart: CacheMonitoringService Monitoring should limit metrics history                  00:21 +304 -19: C:/Users/Thibaut/Desktop/PriorisProject/test/domain/services/cache/cache_monitoring_service_test.dart: CacheMonitoringService Monitoring should limit metrics history                  00:21 +305 -19: C:/Users/Thibaut/Desktop/PriorisProject/test/domain/services/cache/cache_monitoring_service_test.dart: CacheMonitoringService Monitoring should limit metrics history                  00:21 +306 -19: C:/Users/Thibaut/Desktop/PriorisProject/test/domain/services/cache/cache_monitoring_service_test.dart: CacheMonitoringService Monitoring should limit metrics history                  00:21 +307 -19: C:/Users/Thibaut/Desktop/PriorisProject/test/domain/services/cache/cache_monitoring_service_test.dart: CacheMonitoringService Monitoring should limit metrics history                  00:21 +308 -19: C:/Users/Thibaut/Desktop/PriorisProject/test/domain/services/cache/cache_monitoring_service_test.dart: CacheMonitoringService Monitoring should limit metrics history                  00:21 +309 -19: C:/Users/Thibaut/Desktop/PriorisProject/test/domain/services/cache/cache_monitoring_service_test.dart: CacheMonitoringService Monitoring should limit metrics history                  00:21 +310 -19: C:/Users/Thibaut/Desktop/PriorisProject/test/domain/services/cache/cache_monitoring_service_test.dart: CacheMonitoringService Monitoring should limit metrics history                  00:21 +311 -19: C:/Users/Thibaut/Desktop/PriorisProject/test/domain/services/cache/cache_monitoring_service_test.dart: CacheMonitoringService Monitoring should limit metrics history                  00:21 +312 -19: C:/Users/Thibaut/Desktop/PriorisProject/test/domain/services/cache/cache_monitoring_service_test.dart: CacheMonitoringService Monitoring should limit metrics history                  00:21 +313 -19: C:/Users/Thibaut/Desktop/PriorisProject/test/domain/services/cache/cache_monitoring_service_test.dart: CacheMonitoringService Monitoring should limit metrics history                  00:21 +314 -19: C:/Users/Thibaut/Desktop/PriorisProject/test/domain/services/cache/cache_monitoring_service_test.dart: CacheMonitoringService Monitoring should limit metrics history                  00:21 +315 -19: C:/Users/Thibaut/Desktop/PriorisProject/test/domain/services/cache/cache_monitoring_service_test.dart: CacheMonitoringService Monitoring should limit metrics history                  00:21 +316 -19: C:/Users/Thibaut/Desktop/PriorisProject/test/domain/services/cache/cache_monitoring_service_test.dart: CacheMonitoringService Monitoring should limit metrics history                  00:21 +317 -19: C:/Users/Thibaut/Desktop/PriorisProject/test/domain/services/cache/cache_monitoring_service_test.dart: CacheMonitoringService Monitoring should limit metrics history                  00:21 +318 -19: C:/Users/Thibaut/Desktop/PriorisProject/test/domain/services/cache/cache_monitoring_service_test.dart: CacheMonitoringService Monitoring should limit metrics history                  00:21 +319 -19: C:/Users/Thibaut/Desktop/PriorisProject/test/domain/services/cache/cache_monitoring_service_test.dart: CacheMonitoringService Monitoring should limit metrics history                  00:21 +320 -19: C:/Users/Thibaut/Desktop/PriorisProject/test/domain/services/cache/cache_monitoring_service_test.dart: CacheMonitoringService Monitoring should limit metrics history                  00:21 +321 -19: C:/Users/Thibaut/Desktop/PriorisProject/test/domain/services/cache/cache_monitoring_service_test.dart: CacheMonitoringService Monitoring should limit metrics history                  00:22 +322 -19: C:/Users/Thibaut/Desktop/PriorisProject/test/domain/services/cache/cache_monitoring_service_test.dart: CacheMonitoringService Monitoring should limit metrics history                  00:22 +323 -19: C:/Users/Thibaut/Desktop/PriorisProject/test/domain/services/cache/cache_monitoring_service_test.dart: CacheMonitoringService Monitoring should limit metrics history                  00:22 +324 -19: C:/Users/Thibaut/Desktop/PriorisProject/test/domain/services/cache/cache_monitoring_service_test.dart: CacheMonitoringService Monitoring should limit metrics history                  00:22 +325 -19: C:/Users/Thibaut/Desktop/PriorisProject/test/domain/services/cache/cache_monitoring_service_test.dart: CacheMonitoringService Monitoring should limit metrics history                  00:22 +326 -19: C:/Users/Thibaut/Desktop/PriorisProject/test/domain/services/cache/cache_monitoring_service_test.dart: CacheMonitoringService Monitoring should limit metrics history                  00:22 +327 -19: C:/Users/Thibaut/Desktop/PriorisProject/test/domain/services/cache/cache_monitoring_service_test.dart: CacheMonitoringService Monitoring should limit metrics history                  00:22 +328 -19: C:/Users/Thibaut/Desktop/PriorisProject/test/domain/services/cache/cache_monitoring_service_test.dart: CacheMonitoringService Monitoring should limit metrics history                  00:22 +329 -19: C:/Users/Thibaut/Desktop/PriorisProject/test/domain/services/cache/cache_monitoring_service_test.dart: CacheMonitoringService Monitoring should limit metrics history                  00:22 +330 -19: C:/Users/Thibaut/Desktop/PriorisProject/test/domain/services/cache/cache_monitoring_service_test.dart: CacheMonitoringService Monitoring should limit metrics history                  00:22 +331 -19: C:/Users/Thibaut/Desktop/PriorisProject/test/domain/services/cache/cache_monitoring_service_test.dart: CacheMonitoringService Monitoring should limit metrics history                  00:22 +332 -19: C:/Users/Thibaut/Desktop/PriorisProject/test/domain/services/cache/cache_monitoring_service_test.dart: CacheMonitoringService Monitoring should limit metrics history                  00:22 +333 -19: C:/Users/Thibaut/Desktop/PriorisProject/test/domain/services/cache/cache_monitoring_service_test.dart: CacheMonitoringService Monitoring should limit metrics history                  00:22 +334 -19: C:/Users/Thibaut/Desktop/PriorisProject/test/domain/services/cache/cache_monitoring_service_test.dart: CacheMonitoringService Monitoring should limit metrics history                  00:22 +335 -19: C:/Users/Thibaut/Desktop/PriorisProject/test/domain/services/cache/cache_monitoring_service_test.dart: CacheMonitoringService Monitoring should limit metrics history                  00:22 +336 -19: C:/Users/Thibaut/Desktop/PriorisProject/test/domain/services/cache/cache_monitoring_service_test.dart: CacheMonitoringService Monitoring should limit metrics history                  00:22 +337 -19: C:/Users/Thibaut/Desktop/PriorisProject/test/domain/services/cache/cache_monitoring_service_test.dart: CacheMonitoringService Monitoring should limit metrics history                  00:22 +338 -19: C:/Users/Thibaut/Desktop/PriorisProject/test/domain/services/cache/cache_monitoring_service_test.dart: CacheMonitoringService Monitoring should limit metrics history                  00:22 +338 -20: C:/Users/Thibaut/Desktop/PriorisProject/test/domain/services/cache/cache_service_test.dart: CacheService Optimisation should optimize when disk usage is high [E]                      
  PathAccessException: Cannot rename file to 'C:\Users\Thibaut\Desktop\PriorisProject\.dart_tool\test\tmp\359555485_tmp\prioris_metadata.hive', path = 'C:\Users\Thibaut\Desktop\PriorisProject\.dart_tool\test\tmp\359555485_tmp\prioris_metadata.hivec' (OS Error: Accès refusé.
  , errno = 5)
  dart:io                                                          _File.rename
  package:hive/src/backend/vm/storage_backend_vm.dart 188:25       StorageBackendVm.compact.<fn>
  ===== asynchronous gap ===========================
  dart:async                                                       _CustomZone.registerUnaryCallback
  package:hive/src/backend/vm/storage_backend_vm.dart 151:7        StorageBackendVm.compact.<fn>
  package:hive/src/backend/vm/read_write_sync.dart 40:48           ReadWriteSync.syncReadWrite.<fn>.<fn>
  ===== asynchronous gap ===========================
  dart:async                                                       Future.then
  package:hive/src/backend/vm/read_write_sync.dart 40:32           ReadWriteSync.syncReadWrite.<fn>
  ===== asynchronous gap ===========================
  dart:async                                                       Future.then
  package:hive/src/backend/vm/read_write_sync.dart 39:29           ReadWriteSync.syncReadWrite
  package:hive/src/backend/vm/storage_backend_vm.dart 150:18       StorageBackendVm.compact
  package:hive/src/box/box_base_impl.dart 151:19                   BoxBaseImpl.compact
  package:hive/src/box/box_base_impl.dart 159:14                   BoxBaseImpl.performCompactionIfNeeded
  package:hive/src/box/box_impl.dart 95:11                         BoxImpl._writeFrames
  ===== asynchronous gap ===========================
  dart:async                                                       _CustomZone.registerUnaryCallback
  package:hive/src/box/box_impl.dart 88:7                          BoxImpl._writeFrames
  package:hive/src/box/box_impl.dart 67:12                         BoxImpl.putAll
  package:hive/src/box/box_base_impl.dart 104:45                   BoxBaseImpl.put
  package:prioris/domain/services/cache/cache_service.dart 239:24  CacheService._saveMetadata
  ===== asynchronous gap ===========================
  dart:async                                                       _CustomZone.registerUnaryCallback
  package:prioris/domain/services/cache/cache_service.dart 238:5   CacheService._saveMetadata
  package:prioris/domain/services/cache/cache_service.dart 57:13   CacheService.set
  ===== asynchronous gap ===========================
  dart:async                                                       _CustomZone.registerUnaryCallback
  package:prioris/domain/services/cache/cache_service.dart 48:31   CacheService.set
  test\domain\services\cache\cache_service_test.dart 269:30        main.<fn>.<fn>.<fn>
  ===== asynchronous gap ===========================
  dart:async                                                       _CustomZone.registerUnaryCallback
  test\domain\services\cache\cache_service_test.dart 269:11        main.<fn>.<fn>.<fn>
  

To run this test again: C:\flutter\bin\cache\dart-sdk\bin\dart.exe test C:/Users/Thibaut/Desktop/PriorisProject/test/domain/services/cache/cache_service_test.dart -p vm --plain-name "CacheService Optimisation should optimize when disk usage is high"
00:22 +338 -21: C:/Users/Thibaut/Desktop/PriorisProject/test/domain/services/cache/cache_service_test.dart: CacheService Gestion d'erreurs should handle errors gracefully [E]                         
  FileSystemException: File closed, path = 'C:\Users\Thibaut\Desktop\PriorisProject\.dart_tool\test\tmp\359555485_tmp\prioris_metadata.hive'
  dart:io                                                          _RandomAccessFile.setPosition
  package:hive/src/backend/vm/storage_backend_vm.dart 134:24       StorageBackendVm.writeFrames.<fn>
  ===== asynchronous gap ===========================
  dart:async                                                       _CustomZone.registerBinaryCallback
  package:hive/src/backend/vm/storage_backend_vm.dart 132:9        StorageBackendVm.writeFrames.<fn>
  package:hive/src/backend/vm/read_write_sync.dart 26:41           ReadWriteSync.syncWrite.<fn>
  ===== asynchronous gap ===========================
  dart:async                                                       Future.then
  package:hive/src/backend/vm/read_write_sync.dart 26:25           ReadWriteSync.syncWrite
  package:hive/src/backend/vm/storage_backend_vm.dart 124:18       StorageBackendVm.writeFrames
  package:hive/src/box/box_impl.dart 88:21                         BoxImpl._writeFrames
  package:hive/src/box/box_impl.dart 67:12                         BoxImpl.putAll
  package:hive/src/box/box_base_impl.dart 104:45                   BoxBaseImpl.put
  package:prioris/domain/services/cache/cache_service.dart 238:24  CacheService._saveMetadata
  package:prioris/domain/services/cache/cache_service.dart 57:13   CacheService.set
  ===== asynchronous gap ===========================
  dart:async                                                       _CustomZone.registerUnaryCallback
  package:prioris/domain/services/cache/cache_service.dart 48:31   CacheService.set
  test\domain\services\cache\cache_service_test.dart 282:28        main.<fn>.<fn>.<fn>
  

To run this test again: C:\flutter\bin\cache\dart-sdk\bin\dart.exe test C:/Users/Thibaut/Desktop/PriorisProject/test/domain/services/cache/cache_service_test.dart -p vm --plain-name "CacheService Gestion d'erreurs should handle errors gracefully"
00:22 +338 -22: C:/Users/Thibaut/Desktop/PriorisProject/test/domain/services/cache/cache_service_test.dart: CacheService Gestion d'erreurs should handle concurrent access [E]                         
  FileSystemException: File closed, path = 'C:\Users\Thibaut\Desktop\PriorisProject\.dart_tool\test\tmp\359555485_tmp\prioris_metadata.hive'
  dart:io                                                          _RandomAccessFile.setPosition
  package:hive/src/backend/vm/storage_backend_vm.dart 134:24       StorageBackendVm.writeFrames.<fn>
  ===== asynchronous gap ===========================
  dart:async                                                       _CustomZone.registerBinaryCallback
  package:hive/src/backend/vm/storage_backend_vm.dart 132:9        StorageBackendVm.writeFrames.<fn>
  package:hive/src/backend/vm/read_write_sync.dart 26:41           ReadWriteSync.syncWrite.<fn>
  ===== asynchronous gap ===========================
  dart:async                                                       Future.then
  package:hive/src/backend/vm/read_write_sync.dart 26:25           ReadWriteSync.syncWrite
  package:hive/src/backend/vm/storage_backend_vm.dart 124:18       StorageBackendVm.writeFrames
  package:hive/src/box/box_impl.dart 88:21                         BoxImpl._writeFrames
  package:hive/src/box/box_impl.dart 67:12                         BoxImpl.putAll
  package:hive/src/box/box_base_impl.dart 104:45                   BoxBaseImpl.put
  package:prioris/domain/services/cache/cache_service.dart 238:24  CacheService._saveMetadata
  package:prioris/domain/services/cache/cache_service.dart 57:13   CacheService.set
  ===== asynchronous gap ===========================
  dart:async                                                       _CustomZone.registerUnaryCallback
  package:prioris/domain/services/cache/cache_service.dart 48:31   CacheService.set
  test\domain\services\cache\cache_service_test.dart 292:36        main.<fn>.<fn>.<fn>
  

To run this test again: C:\flutter\bin\cache\dart-sdk\bin\dart.exe test C:/Users/Thibaut/Desktop/PriorisProject/test/domain/services/cache/cache_service_test.dart -p vm --plain-name "CacheService Gestion d'erreurs should handle concurrent access"
00:22 +338 -23: C:/Users/Thibaut/Desktop/PriorisProject/test/domain/services/cache/cache_service_test.dart: CacheService Performance should handle large number of operations quickly [E]              
  FileSystemException: File closed, path = 'C:\Users\Thibaut\Desktop\PriorisProject\.dart_tool\test\tmp\359555485_tmp\prioris_metadata.hive'
  dart:io                                                          _RandomAccessFile.setPosition
  package:hive/src/backend/vm/storage_backend_vm.dart 134:24       StorageBackendVm.writeFrames.<fn>
  ===== asynchronous gap ===========================
  dart:async                                                       _CustomZone.registerBinaryCallback
  package:hive/src/backend/vm/storage_backend_vm.dart 132:9        StorageBackendVm.writeFrames.<fn>
  package:hive/src/backend/vm/read_write_sync.dart 26:41           ReadWriteSync.syncWrite.<fn>
  ===== asynchronous gap ===========================
  dart:async                                                       Future.then
  package:hive/src/backend/vm/read_write_sync.dart 26:25           ReadWriteSync.syncWrite
  package:hive/src/backend/vm/storage_backend_vm.dart 124:18       StorageBackendVm.writeFrames
  package:hive/src/box/box_impl.dart 88:21                         BoxImpl._writeFrames
  package:hive/src/box/box_impl.dart 67:12                         BoxImpl.putAll
  package:hive/src/box/box_base_impl.dart 104:45                   BoxBaseImpl.put
  package:prioris/domain/services/cache/cache_service.dart 238:24  CacheService._saveMetadata
  package:prioris/domain/services/cache/cache_service.dart 57:13   CacheService.set
  ===== asynchronous gap ===========================
  dart:async                                                       _CustomZone.registerUnaryCallback
  package:prioris/domain/services/cache/cache_service.dart 48:31   CacheService.set
  test\domain\services\cache\cache_service_test.dart 307:30        main.<fn>.<fn>.<fn>
  

To run this test again: C:\flutter\bin\cache\dart-sdk\bin\dart.exe test C:/Users/Thibaut/Desktop/PriorisProject/test/domain/services/cache/cache_service_test.dart -p vm --plain-name "CacheService Performance should handle large number of operations quickly"
00:22 +338 -24: C:/Users/Thibaut/Desktop/PriorisProject/test/domain/services/cache/cache_service_test.dart: CacheService Performance should retrieve data quickly [E]                                  
  FileSystemException: File closed, path = 'C:\Users\Thibaut\Desktop\PriorisProject\.dart_tool\test\tmp\359555485_tmp\prioris_metadata.hive'
  dart:io                                                          _RandomAccessFile.setPosition
  package:hive/src/backend/vm/storage_backend_vm.dart 134:24       StorageBackendVm.writeFrames.<fn>
  ===== asynchronous gap ===========================
  dart:async                                                       _CustomZone.registerBinaryCallback
  package:hive/src/backend/vm/storage_backend_vm.dart 132:9        StorageBackendVm.writeFrames.<fn>
  package:hive/src/backend/vm/read_write_sync.dart 26:41           ReadWriteSync.syncWrite.<fn>
  ===== asynchronous gap ===========================
  dart:async                                                       Future.then
  package:hive/src/backend/vm/read_write_sync.dart 26:25           ReadWriteSync.syncWrite
  package:hive/src/backend/vm/storage_backend_vm.dart 124:18       StorageBackendVm.writeFrames
  package:hive/src/box/box_impl.dart 88:21                         BoxImpl._writeFrames
  package:hive/src/box/box_impl.dart 67:12                         BoxImpl.putAll
  package:hive/src/box/box_base_impl.dart 104:45                   BoxBaseImpl.put
  package:prioris/domain/services/cache/cache_service.dart 238:24  CacheService._saveMetadata
  package:prioris/domain/services/cache/cache_service.dart 57:13   CacheService.set
  ===== asynchronous gap ===========================
  dart:async                                                       _CustomZone.registerUnaryCallback
  package:prioris/domain/services/cache/cache_service.dart 48:31   CacheService.set
  test\domain\services\cache\cache_service_test.dart 315:28        main.<fn>.<fn>.<fn>
  

To run this test again: C:\flutter\bin\cache\dart-sdk\bin\dart.exe test C:/Users/Thibaut/Desktop/PriorisProject/test/domain/services/cache/cache_service_test.dart -p vm --plain-name "CacheService Performance should retrieve data quickly"
00:22 +338 -25: C:/Users/Thibaut/Desktop/PriorisProject/test/domain/services/cache/cache_service_test.dart: CacheService (tearDownAll) [E]                                                             
  FileSystemException: File closed, path = 'C:\Users\Thibaut\Desktop\PriorisProject\.dart_tool\test\tmp\359555485_tmp\prioris_metadata.hive'
  dart:io                                                     _RandomAccessFile.close
  package:hive/src/backend/vm/storage_backend_vm.dart 211:19  StorageBackendVm._closeInternal
  package:hive/src/backend/vm/read_write_sync.dart 40:48      ReadWriteSync.syncReadWrite.<fn>.<fn>
  ===== asynchronous gap ===========================
  dart:async                                                  Future.then
  package:hive/src/backend/vm/read_write_sync.dart 40:32      ReadWriteSync.syncReadWrite.<fn>
  ===== asynchronous gap ===========================
  dart:async                                                  Future.then
  package:hive/src/backend/vm/read_write_sync.dart 39:29      ReadWriteSync.syncReadWrite
  package:hive/src/backend/vm/storage_backend_vm.dart 220:18  StorageBackendVm.close
  package:hive/src/box/box_base_impl.dart 173:19              BoxBaseImpl.close
  ===== asynchronous gap ===========================
  dart:async                                                  _CustomZone.registerUnaryCallback
  package:hive/src/box/box_base_impl.dart 170:5               BoxBaseImpl.close
  package:hive/src/hive_impl.dart 211:18                      HiveImpl.close.<fn>
  dart:async                                                  Future.wait
  package:hive/src/hive_impl.dart 214:19                      HiveImpl.close
  test\domain\services\cache\cache_service_test.dart 30:18    main.<fn>.<fn>
  

To run this test again: C:\flutter\bin\cache\dart-sdk\bin\dart.exe test C:/Users/Thibaut/Desktop/PriorisProject/test/domain/services/cache/cache_service_test.dart -p vm --plain-name "CacheService (tearDownAll)"
00:22 +338 -25: C:/Users/Thibaut/Desktop/PriorisProject/test/domain/services/cache/cache_monitoring_service_test.dart: CacheMonitoringService Monitoring should limit metrics history                  00:22 +339 -25: C:/Users/Thibaut/Desktop/PriorisProject/test/domain/services/cache/cache_monitoring_service_test.dart: CacheMonitoringService Monitoring should limit metrics history                  00:22 +340 -25: C:/Users/Thibaut/Desktop/PriorisProject/test/domain/services/cache/cache_monitoring_service_test.dart: CacheMonitoringService Monitoring should limit metrics history                  00:22 +341 -25: C:/Users/Thibaut/Desktop/PriorisProject/test/domain/services/cache/cache_monitoring_service_test.dart: CacheMonitoringService Monitoring should limit metrics history                  00:22 +342 -25: C:/Users/Thibaut/Desktop/PriorisProject/test/domain/services/cache/cache_monitoring_service_test.dart: CacheMonitoringService Monitoring should limit metrics history                  00:22 +343 -25: C:/Users/Thibaut/Desktop/PriorisProject/test/domain/services/cache/cache_monitoring_service_test.dart: CacheMonitoringService Monitoring should limit metrics history                  00:22 +344 -25: C:/Users/Thibaut/Desktop/PriorisProject/test/domain/services/cache/cache_monitoring_service_test.dart: CacheMonitoringService Monitoring should limit metrics history                  00:22 +345 -25: C:/Users/Thibaut/Desktop/PriorisProject/test/domain/services/cache/cache_monitoring_service_test.dart: CacheMonitoringService Monitoring should limit metrics history                  00:22 +346 -25: C:/Users/Thibaut/Desktop/PriorisProject/test/domain/services/cache/cache_monitoring_service_test.dart: CacheMonitoringService Monitoring should limit metrics history                  00:22 +347 -25: C:/Users/Thibaut/Desktop/PriorisProject/test/domain/services/cache/cache_monitoring_service_test.dart: CacheMonitoringService Monitoring should limit metrics history                  00:22 +348 -25: C:/Users/Thibaut/Desktop/PriorisProject/test/domain/services/cache/cache_monitoring_service_test.dart: CacheMonitoringService Monitoring should limit metrics history                  00:22 +349 -25: C:/Users/Thibaut/Desktop/PriorisProject/test/domain/services/cache/cache_monitoring_service_test.dart: CacheMonitoringService Monitoring should limit metrics history                  00:22 +350 -25: C:/Users/Thibaut/Desktop/PriorisProject/test/domain/services/cache/cache_monitoring_service_test.dart: CacheMonitoringService Monitoring should limit metrics history                  00:22 +351 -25: C:/Users/Thibaut/Desktop/PriorisProject/test/domain/services/cache/cache_monitoring_service_test.dart: CacheMonitoringService Monitoring should limit metrics history                  00:22 +352 -25: C:/Users/Thibaut/Desktop/PriorisProject/test/domain/services/cache/cache_monitoring_service_test.dart: CacheMonitoringService Monitoring should limit metrics history                  00:22 +353 -25: C:/Users/Thibaut/Desktop/PriorisProject/test/domain/services/cache/cache_monitoring_service_test.dart: CacheMonitoringService Monitoring should limit metrics history                  00:22 +354 -25: C:/Users/Thibaut/Desktop/PriorisProject/test/domain/services/cache/cache_monitoring_service_test.dart: CacheMonitoringService Monitoring should limit metrics history                  00:22 +355 -25: C:/Users/Thibaut/Desktop/PriorisProject/test/domain/services/cache/cache_monitoring_service_test.dart: CacheMonitoringService Monitoring should limit metrics history                  00:22 +356 -25: C:/Users/Thibaut/Desktop/PriorisProject/test/domain/services/cache/cache_monitoring_service_test.dart: CacheMonitoringService Monitoring should limit metrics history                  00:22 +357 -25: C:/Users/Thibaut/Desktop/PriorisProject/test/domain/services/cache/cache_monitoring_service_test.dart: CacheMonitoringService Monitoring should limit metrics history                  00:22 +358 -25: C:/Users/Thibaut/Desktop/PriorisProject/test/domain/services/cache/cache_monitoring_service_test.dart: CacheMonitoringService Monitoring should limit metrics history                  00:23 +358 -25: C:/Users/Thibaut/Desktop/PriorisProject/test/domain/services/cache/cache_monitoring_service_test.dart: CacheMonitoringService Monitoring should limit metrics history                  00:23 +359 -25: C:/Users/Thibaut/Desktop/PriorisProject/test/domain/services/cache/cache_monitoring_service_test.dart: CacheMonitoringService Monitoring should limit metrics history                  00:23 +360 -25: C:/Users/Thibaut/Desktop/PriorisProject/test/domain/services/cache/cache_monitoring_service_test.dart: CacheMonitoringService Monitoring should limit metrics history                  00:23 +361 -25: C:/Users/Thibaut/Desktop/PriorisProject/test/domain/services/cache/cache_monitoring_service_test.dart: CacheMonitoringService Monitoring should limit metrics history                  00:23 +362 -25: C:/Users/Thibaut/Desktop/PriorisProject/test/domain/services/cache/cache_monitoring_service_test.dart: CacheMonitoringService Monitoring should limit metrics history                  00:23 +363 -25: C:/Users/Thibaut/Desktop/PriorisProject/test/domain/services/cache/cache_monitoring_service_test.dart: CacheMonitoringService Monitoring should limit metrics history                  00:23 +364 -25: C:/Users/Thibaut/Desktop/PriorisProject/test/domain/services/cache/cache_monitoring_service_test.dart: CacheMonitoringService Monitoring should limit metrics history                  00:23 +365 -25: C:/Users/Thibaut/Desktop/PriorisProject/test/domain/services/cache/cache_monitoring_service_test.dart: CacheMonitoringService Monitoring should limit metrics history                  00:23 +366 -25: C:/Users/Thibaut/Desktop/PriorisProject/test/domain/services/cache/cache_monitoring_service_test.dart: CacheMonitoringService Monitoring should limit metrics history                  00:23 +367 -25: C:/Users/Thibaut/Desktop/PriorisProject/test/domain/services/cache/cache_monitoring_service_test.dart: CacheMonitoringService Monitoring should limit metrics history                  00:23 +368 -25: C:/Users/Thibaut/Desktop/PriorisProject/test/domain/services/cache/cache_monitoring_service_test.dart: CacheMonitoringService Monitoring should limit metrics history                  00:23 +369 -25: C:/Users/Thibaut/Desktop/PriorisProject/test/domain/services/cache/cache_monitoring_service_test.dart: CacheMonitoringService Monitoring should limit metrics history                  00:23 +370 -25: C:/Users/Thibaut/Desktop/PriorisProject/test/domain/services/cache/cache_monitoring_service_test.dart: CacheMonitoringService Monitoring should limit metrics history                  00:23 +371 -25: C:/Users/Thibaut/Desktop/PriorisProject/test/domain/services/cache/cache_monitoring_service_test.dart: CacheMonitoringService Monitoring should limit metrics history                  00:23 +372 -25: C:/Users/Thibaut/Desktop/PriorisProject/test/domain/services/cache/cache_monitoring_service_test.dart: CacheMonitoringService Monitoring should limit metrics history                  00:23 +373 -25: C:/Users/Thibaut/Desktop/PriorisProject/test/domain/services/cache/cache_monitoring_service_test.dart: CacheMonitoringService Monitoring should limit metrics history                  00:23 +374 -25: C:/Users/Thibaut/Desktop/PriorisProject/test/domain/services/cache/cache_monitoring_service_test.dart: CacheMonitoringService Monitoring should limit metrics history                  00:23 +375 -25: C:/Users/Thibaut/Desktop/PriorisProject/test/domain/services/cache/cache_monitoring_service_test.dart: CacheMonitoringService Monitoring should limit metrics history                  00:23 +376 -25: C:/Users/Thibaut/Desktop/PriorisProject/test/domain/services/cache/cache_monitoring_service_test.dart: CacheMonitoringService Monitoring should limit metrics history                  00:23 +377 -25: C:/Users/Thibaut/Desktop/PriorisProject/test/domain/services/cache/cache_monitoring_service_test.dart: CacheMonitoringService Monitoring should limit metrics history                  00:23 +378 -25: C:/Users/Thibaut/Desktop/PriorisProject/test/domain/services/cache/cache_monitoring_service_test.dart: CacheMonitoringService Monitoring should limit metrics history                  00:23 +379 -25: C:/Users/Thibaut/Desktop/PriorisProject/test/domain/services/cache/cache_monitoring_service_test.dart: CacheMonitoringService Monitoring should limit metrics history                  00:23 +380 -25: C:/Users/Thibaut/Desktop/PriorisProject/test/domain/services/cache/cache_monitoring_service_test.dart: CacheMonitoringService Monitoring should limit metrics history                  00:23 +381 -25: C:/Users/Thibaut/Desktop/PriorisProject/test/domain/services/cache/cache_monitoring_service_test.dart: CacheMonitoringService Monitoring should limit metrics history                  00:24 +381 -25: C:/Users/Thibaut/Desktop/PriorisProject/test/domain/services/cache/cache_monitoring_service_test.dart: CacheMonitoringService Monitoring should limit metrics history                  00:24 +382 -25: C:/Users/Thibaut/Desktop/PriorisProject/test/domain/services/cache/cache_monitoring_service_test.dart: CacheMonitoringService Monitoring should limit metrics history                  00:24 +383 -25: C:/Users/Thibaut/Desktop/PriorisProject/test/domain/services/cache/cache_monitoring_service_test.dart: CacheMonitoringService Monitoring should limit metrics history                  00:24 +384 -25: C:/Users/Thibaut/Desktop/PriorisProject/test/domain/services/cache/cache_monitoring_service_test.dart: CacheMonitoringService Monitoring should limit metrics history                  00:24 +384 -26: C:/Users/Thibaut/Desktop/PriorisProject/test/integration/data_persistence_test.dart: Data Persistence Test - Tâche 2.3 Riverpod State Persistence Should maintain state consistency through controller [E]
  Expected: an object with length of <2>
    Actual: []
     Which: has length of <0>
  
  package:matcher                                     expect
  package:flutter_test/src/widget_tester.dart 474:18  expect
  test\integration\data_persistence_test.dart 178:9   main.<fn>.<fn>.<fn>
  

To run this test again: C:\flutter\bin\cache\dart-sdk\bin\dart.exe test C:/Users/Thibaut/Desktop/PriorisProject/test/integration/data_persistence_test.dart -p vm --plain-name "Data Persistence Test - Tâche 2.3 Riverpod State Persistence Should maintain state consistency through controller"
00:24 +385 -26: C:/Users/Thibaut/Desktop/PriorisProject/test/domain/services/cache/cache_monitoring_service_test.dart: CacheMonitoringService Monitoring should limit metrics history                  00:24 +386 -26: C:/Users/Thibaut/Desktop/PriorisProject/test/domain/services/cache/cache_monitoring_service_test.dart: CacheMonitoringService Monitoring should limit metrics history                  00:24 +387 -26: C:/Users/Thibaut/Desktop/PriorisProject/test/domain/services/cache/cache_monitoring_service_test.dart: CacheMonitoringService Monitoring should limit metrics history                  00:24 +387 -26: C:/Users/Thibaut/Desktop/PriorisProject/test/integration/custom_lists_integration_test.dart: Custom Lists Integration Test - Tâche 2.1 Should create multiple custom lists of different types
══╡ EXCEPTION CAUGHT BY FLUTTER TEST FRAMEWORK ╞════════════════════════════════════════════════════
The following StateError was thrown running a test:
Bad state: No element

When the exception was thrown, this was the stack:
#0      Iterable.first (dart:core/iterable.dart:663:7)
#1      _FirstFinderMixin.filter (package:flutter_test/src/finders.dart:1340:28)
#3      ExpandIterator.moveNext (dart:_internal/iterable.dart:506:21)
#4      SetBase.addAll (dart:collection/set.dart:58:23)
#5      _Set.addAll (dart:_compact_hash:1189:11)
#6      new LinkedHashSet.of (dart:collection/linked_hash_set.dart:193:27)
#7      Iterable.toSet (dart:core/iterable.dart:532:21)
#8      _DescendantFinderMixin.allCandidates (package:flutter_test/src/finders.dart:1737:14)
#9      FinderBase.evaluate (package:flutter_test/src/finders.dart:987:76)
#10     WidgetController.state (package:flutter_test/src/controller.dart:908:31)
#11     WidgetTester.showKeyboard.<anonymous closure> (package:flutter_test/src/widget_tester.dart:1127:42)
#14     TestAsyncUtils.guard (package:flutter_test/src/test_async_utils.dart:74:41)
#15     WidgetTester.showKeyboard (package:flutter_test/src/widget_tester.dart:1126:27)
#16     WidgetTester.enterText.<anonymous closure> (package:flutter_test/src/widget_tester.dart:1162:13)
#19     TestAsyncUtils.guard (package:flutter_test/src/test_async_utils.dart:74:41)
#20     WidgetTester.enterText (package:flutter_test/src/widget_tester.dart:1161:27)
#21     _createTestList (file:///C:/Users/Thibaut/Desktop/PriorisProject/test/integration/custom_lists_integration_test.dart:147:16)
<asynchronous suspension>
#22     _testCreateListsOfDifferentTypes (file:///C:/Users/Thibaut/Desktop/PriorisProject/test/integration/custom_lists_integration_test.dart:103:3)
<asynchronous suspension>
#23     main.<anonymous closure>.<anonymous closure> (file:///C:/Users/Thibaut/Desktop/PriorisProject/test/integration/custom_lists_integration_test.dart:41:7)
<asynchronous suspension>
#24     testWidgets.<anonymous closure>.<anonymous closure> (package:flutter_test/src/widget_tester.dart:193:15)
<asynchronous suspension>
#25     TestWidgetsFlutterBinding._runTestBody (package:flutter_test/src/binding.dart:1064:5)
<asynchronous suspension>
<asynchronous suspension>
(elided 6 frames from dart:async, dart:async-patch, and package:stack_trace)

The test description was:
  Should create multiple custom lists of different types
════════════════════════════════════════════════════════════════════════════════════════════════════
00:24 +387 -27: C:/Users/Thibaut/Desktop/PriorisProject/test/integration/custom_lists_integration_test.dart: Custom Lists Integration Test - Tâche 2.1 Should create multiple custom lists of different types [E]
  Test failed. See exception logs above.
  The test description was: Should create multiple custom lists of different types
  

To run this test again: C:\flutter\bin\cache\dart-sdk\bin\dart.exe test C:/Users/Thibaut/Desktop/PriorisProject/test/integration/custom_lists_integration_test.dart -p vm --plain-name "Custom Lists Integration Test - Tâche 2.1 Should create multiple custom lists of different types"
00:24 +387 -27: C:/Users/Thibaut/Desktop/PriorisProject/test/integration/custom_lists_integration_test.dart: Custom Lists Integration Test - Tâche 2.1 Should save and retrieve data correctly         
══╡ EXCEPTION CAUGHT BY FLUTTER TEST FRAMEWORK ╞════════════════════════════════════════════════════
The following StateError was thrown running a test:
Bad state: No element

When the exception was thrown, this was the stack:
#0      Iterable.first (dart:core/iterable.dart:663:7)
#1      _FirstFinderMixin.filter (package:flutter_test/src/finders.dart:1340:28)
#3      ExpandIterator.moveNext (dart:_internal/iterable.dart:506:21)
#4      SetBase.addAll (dart:collection/set.dart:58:23)
#5      _Set.addAll (dart:_compact_hash:1189:11)
#6      new LinkedHashSet.of (dart:collection/linked_hash_set.dart:193:27)
#7      Iterable.toSet (dart:core/iterable.dart:532:21)
#8      _DescendantFinderMixin.allCandidates (package:flutter_test/src/finders.dart:1737:14)
#9      FinderBase.evaluate (package:flutter_test/src/finders.dart:987:76)
#10     WidgetController.state (package:flutter_test/src/controller.dart:908:31)
#11     WidgetTester.showKeyboard.<anonymous closure> (package:flutter_test/src/widget_tester.dart:1127:42)
#14     TestAsyncUtils.guard (package:flutter_test/src/test_async_utils.dart:74:41)
#15     WidgetTester.showKeyboard (package:flutter_test/src/widget_tester.dart:1126:27)
#16     WidgetTester.enterText.<anonymous closure> (package:flutter_test/src/widget_tester.dart:1162:13)
#19     TestAsyncUtils.guard (package:flutter_test/src/test_async_utils.dart:74:41)
#20     WidgetTester.enterText (package:flutter_test/src/widget_tester.dart:1161:27)
#21     _createTestList (file:///C:/Users/Thibaut/Desktop/PriorisProject/test/integration/custom_lists_integration_test.dart:147:16)
<asynchronous suspension>
#22     _testDataPersistence (file:///C:/Users/Thibaut/Desktop/PriorisProject/test/integration/custom_lists_integration_test.dart:178:3)
<asynchronous suspension>
#23     main.<anonymous closure>.<anonymous closure> (file:///C:/Users/Thibaut/Desktop/PriorisProject/test/integration/custom_lists_integration_test.dart:55:7)
<asynchronous suspension>
#24     testWidgets.<anonymous closure>.<anonymous closure> (package:flutter_test/src/widget_tester.dart:193:15)
<asynchronous suspension>
#25     TestWidgetsFlutterBinding._runTestBody (package:flutter_test/src/binding.dart:1064:5)
<asynchronous suspension>
<asynchronous suspension>
(elided 6 frames from dart:async, dart:async-patch, and package:stack_trace)

The test description was:
  Should save and retrieve data correctly
════════════════════════════════════════════════════════════════════════════════════════════════════
00:24 +387 -28: C:/Users/Thibaut/Desktop/PriorisProject/test/integration/custom_lists_integration_test.dart: Custom Lists Integration Test - Tâche 2.1 Should save and retrieve data correctly [E]     
  Test failed. See exception logs above.
  The test description was: Should save and retrieve data correctly
  

To run this test again: C:\flutter\bin\cache\dart-sdk\bin\dart.exe test C:/Users/Thibaut/Desktop/PriorisProject/test/integration/custom_lists_integration_test.dart -p vm --plain-name "Custom Lists Integration Test - Tâche 2.1 Should save and retrieve data correctly"
00:24 +387 -28: C:/Users/Thibaut/Desktop/PriorisProject/test/domain/services/cache/cache_monitoring_service_test.dart: CacheMonitoringService Monitoring should limit metrics history                  00:24 +387 -29: C:/Users/Thibaut/Desktop/PriorisProject/test/integration/ui_hive_integration_test.dart: UI/Hive Integration Test - Phase 3 should create list via UI controller and persist to Hive [E]
  Expected: not null
    Actual: <null>
  
  package:matcher                                      expect
  package:flutter_test/src/widget_tester.dart 474:18   expect
  test\integration\ui_hive_integration_test.dart 89:7  main.<fn>.<fn>
  

To run this test again: C:\flutter\bin\cache\dart-sdk\bin\dart.exe test C:/Users/Thibaut/Desktop/PriorisProject/test/integration/ui_hive_integration_test.dart -p vm --plain-name "UI/Hive Integration Test - Phase 3 should create list via UI controller and persist to Hive"
00:25 +387 -30: C:/Users/Thibaut/Desktop/PriorisProject/test/integration/ui_hive_integration_test.dart: UI/Hive Integration Test - Phase 3 should update list via UI controller and persist to Hive [E]
  Null check operator used on a null value
  test\integration\ui_hive_integration_test.dart 127:27  main.<fn>.<fn>
  

To run this test again: C:\flutter\bin\cache\dart-sdk\bin\dart.exe test C:/Users/Thibaut/Desktop/PriorisProject/test/integration/ui_hive_integration_test.dart -p vm --plain-name "UI/Hive Integration Test - Phase 3 should update list via UI controller and persist to Hive"
00:25 +388 -30: C:/Users/Thibaut/Desktop/PriorisProject/test/domain/services/cache/cache_monitoring_service_test.dart: CacheMonitoringService Monitoring should limit metrics history                  00:25 +388 -31: C:/Users/Thibaut/Desktop/PriorisProject/test/integration/ui_hive_integration_test.dart: UI/Hive Integration Test - Phase 3 should handle Hive errors gracefully in UI [E]              
  Expected: not null
    Actual: <null>
  
  package:matcher                                       expect
  package:flutter_test/src/widget_tester.dart 474:18    expect
  test\integration\ui_hive_integration_test.dart 169:7  main.<fn>.<fn>
  
  AppError[BUSINESS]: HiveCustomListRepository n'est pas initialisé. Appelez initialize() d'abord. (Context: ensureInitialized)
  package:prioris/data/repositories/hive_custom_list_repository.dart 36:7   HiveCustomListRepository._ensureInitialized
  package:prioris/data/repositories/hive_custom_list_repository.dart 139:5  HiveCustomListRepository.clearAllLists
  test\integration\ui_hive_integration_test.dart 57:24                      main.<fn>.<fn>
  ===== asynchronous gap ===========================
  dart:async                                                                _CustomZone.registerBinaryCallback
  test\integration\ui_hive_integration_test.dart 57:7                       main.<fn>.<fn>
  

To run this test again: C:\flutter\bin\cache\dart-sdk\bin\dart.exe test C:/Users/Thibaut/Desktop/PriorisProject/test/integration/ui_hive_integration_test.dart -p vm --plain-name "UI/Hive Integration Test - Phase 3 should handle Hive errors gracefully in UI"
00:25 +389 -31: C:/Users/Thibaut/Desktop/PriorisProject/test/domain/services/cache/cache_monitoring_service_test.dart: CacheMonitoringService Monitoring should limit metrics history                  00:25 +390 -31: C:/Users/Thibaut/Desktop/PriorisProject/test/domain/services/cache/cache_monitoring_service_test.dart: CacheMonitoringService Monitoring should limit metrics history                  00:25 +390 -32: C:/Users/Thibaut/Desktop/PriorisProject/test/integration/ui_hive_integration_test.dart: UI/Hive Integration Test - Phase 3 should persist UI state between app sessions [E]            
  Expected: <1>
    Actual: <6>
  
  package:matcher                                       expect
  package:flutter_test/src/widget_tester.dart 474:18    expect
  test\integration\ui_hive_integration_test.dart 276:7  main.<fn>.<fn>
  
  AppError[BUSINESS]: HiveCustomListRepository n'est pas initialisé. Appelez initialize() d'abord. (Context: ensureInitialized)
  package:prioris/data/repositories/hive_custom_list_repository.dart 36:7   HiveCustomListRepository._ensureInitialized
  package:prioris/data/repositories/hive_custom_list_repository.dart 139:5  HiveCustomListRepository.clearAllLists
  test\integration\ui_hive_integration_test.dart 57:24                      main.<fn>.<fn>
  ===== asynchronous gap ===========================
  dart:async                                                                _CustomZone.registerBinaryCallback
  test\integration\ui_hive_integration_test.dart 57:7                       main.<fn>.<fn>
  

To run this test again: C:\flutter\bin\cache\dart-sdk\bin\dart.exe test C:/Users/Thibaut/Desktop/PriorisProject/test/integration/ui_hive_integration_test.dart -p vm --plain-name "UI/Hive Integration Test - Phase 3 should persist UI state between app sessions"
00:25 +390 -32: C:/Users/Thibaut/Desktop/PriorisProject/test/domain/services/cache/cache_monitoring_service_test.dart: CacheMonitoringService Monitoring should limit metrics history                  00:25 +390 -32: C:/Users/Thibaut/Desktop/PriorisProject/test/integration/custom_lists_integration_test.dart: Custom Lists Integration Test - Tâche 2.1 Should handle edit and delete operations        
══╡ EXCEPTION CAUGHT BY FLUTTER TEST FRAMEWORK ╞════════════════════════════════════════════════════
The following StateError was thrown running a test:
Bad state: No element

When the exception was thrown, this was the stack:
#0      Iterable.first (dart:core/iterable.dart:663:7)
#1      _FirstFinderMixin.filter (package:flutter_test/src/finders.dart:1340:28)
#3      ExpandIterator.moveNext (dart:_internal/iterable.dart:506:21)
#4      SetBase.addAll (dart:collection/set.dart:58:23)
#5      _Set.addAll (dart:_compact_hash:1189:11)
#6      new LinkedHashSet.of (dart:collection/linked_hash_set.dart:193:27)
#7      Iterable.toSet (dart:core/iterable.dart:532:21)
#8      _DescendantFinderMixin.allCandidates (package:flutter_test/src/finders.dart:1737:14)
#9      FinderBase.evaluate (package:flutter_test/src/finders.dart:987:76)
#10     WidgetController.state (package:flutter_test/src/controller.dart:908:31)
#11     WidgetTester.showKeyboard.<anonymous closure> (package:flutter_test/src/widget_tester.dart:1127:42)
#14     TestAsyncUtils.guard (package:flutter_test/src/test_async_utils.dart:74:41)
#15     WidgetTester.showKeyboard (package:flutter_test/src/widget_tester.dart:1126:27)
#16     WidgetTester.enterText.<anonymous closure> (package:flutter_test/src/widget_tester.dart:1162:13)
#19     TestAsyncUtils.guard (package:flutter_test/src/test_async_utils.dart:74:41)
#20     WidgetTester.enterText (package:flutter_test/src/widget_tester.dart:1161:27)
#21     _createTestList (file:///C:/Users/Thibaut/Desktop/PriorisProject/test/integration/custom_lists_integration_test.dart:147:16)
<asynchronous suspension>
#22     _testEditAndDeleteOperations (file:///C:/Users/Thibaut/Desktop/PriorisProject/test/integration/custom_lists_integration_test.dart:196:3)
<asynchronous suspension>
#23     main.<anonymous closure>.<anonymous closure> (file:///C:/Users/Thibaut/Desktop/PriorisProject/test/integration/custom_lists_integration_test.dart:69:7)
<asynchronous suspension>
#24     testWidgets.<anonymous closure>.<anonymous closure> (package:flutter_test/src/widget_tester.dart:193:15)
<asynchronous suspension>
#25     TestWidgetsFlutterBinding._runTestBody (package:flutter_test/src/binding.dart:1064:5)
<asynchronous suspension>
<asynchronous suspension>
(elided 6 frames from dart:async, dart:async-patch, and package:stack_trace)

The test description was:
  Should handle edit and delete operations
════════════════════════════════════════════════════════════════════════════════════════════════════
00:25 +390 -33: C:/Users/Thibaut/Desktop/PriorisProject/test/integration/custom_lists_integration_test.dart: Custom Lists Integration Test - Tâche 2.1 Should handle edit and delete operations [E]    
  Test failed. See exception logs above.
  The test description was: Should handle edit and delete operations
  

To run this test again: C:\flutter\bin\cache\dart-sdk\bin\dart.exe test C:/Users/Thibaut/Desktop/PriorisProject/test/integration/custom_lists_integration_test.dart -p vm --plain-name "Custom Lists Integration Test - Tâche 2.1 Should handle edit and delete operations"
00:25 +391 -33: C:/Users/Thibaut/Desktop/PriorisProject/test/domain/services/cache/cache_monitoring_service_test.dart: CacheMonitoringService Monitoring should limit metrics history                  00:25 +391 -33: C:/Users/Thibaut/Desktop/PriorisProject/test/integration/lists_system_integration_test.dart: Lists System Integration Test - Tâche 2.2 Should navigate to lists page from home navigation
══╡ EXCEPTION CAUGHT BY FLUTTER TEST FRAMEWORK ╞════════════════════════════════════════════════════
The following TestFailure was thrown running a test:
Expected: exactly one matching candidate
  Actual: _TextWidgetFinder:<Found 2 widgets with text "Listes": [
            Text("Listes", inherit: true, size: 20.0, weight: 600, dependencies:
[DefaultSelectionStyle, DefaultTextStyle, MediaQuery]),
            Text("Listes", dependencies: [DefaultSelectionStyle, DefaultTextStyle, MediaQuery]),
          ]>
   Which: is too many

When the exception was thrown, this was the stack:
#4      main.<anonymous closure>.<anonymous closure> (file:///C:/Users/Thibaut/Desktop/PriorisProject/test/integration/lists_system_integration_test.dart:42:7)
<asynchronous suspension>
#5      testWidgets.<anonymous closure>.<anonymous closure> (package:flutter_test/src/widget_tester.dart:193:15)
<asynchronous suspension>
#6      TestWidgetsFlutterBinding._runTestBody (package:flutter_test/src/binding.dart:1064:5)
<asynchronous suspension>
<asynchronous suspension>
(elided one frame from package:stack_trace)

This was caught by the test expectation on the following line:
  file:///C:/Users/Thibaut/Desktop/PriorisProject/test/integration/lists_system_integration_test.dart line 42
The test description was:
  Should navigate to lists page from home navigation
════════════════════════════════════════════════════════════════════════════════════════════════════
00:25 +391 -34: C:/Users/Thibaut/Desktop/PriorisProject/test/integration/lists_system_integration_test.dart: Lists System Integration Test - Tâche 2.2 Should navigate to lists page from home navigation [E]
  Test failed. See exception logs above.
  The test description was: Should navigate to lists page from home navigation
  

To run this test again: C:\flutter\bin\cache\dart-sdk\bin\dart.exe test C:/Users/Thibaut/Desktop/PriorisProject/test/integration/lists_system_integration_test.dart -p vm --plain-name "Lists System Integration Test - Tâche 2.2 Should navigate to lists page from home navigation"
00:25 +391 -34: C:/Users/Thibaut/Desktop/PriorisProject/test/domain/services/cache/cache_monitoring_service_test.dart: CacheMonitoringService Monitoring should limit metrics history                  00:25 +392 -34: C:/Users/Thibaut/Desktop/PriorisProject/test/domain/services/cache/cache_monitoring_service_test.dart: CacheMonitoringService Monitoring should limit metrics history                  00:25 +393 -34: C:/Users/Thibaut/Desktop/PriorisProject/test/domain/services/cache/cache_monitoring_service_test.dart: CacheMonitoringService Monitoring should limit metrics history                  00:25 +394 -34: C:/Users/Thibaut/Desktop/PriorisProject/test/domain/services/cache/cache_monitoring_service_test.dart: CacheMonitoringService Monitoring should limit metrics history                  00:25 +395 -34: C:/Users/Thibaut/Desktop/PriorisProject/test/domain/services/cache/cache_monitoring_service_test.dart: CacheMonitoringService Monitoring should limit metrics history                  00:25 +396 -34: C:/Users/Thibaut/Desktop/PriorisProject/test/domain/services/cache/cache_monitoring_service_test.dart: CacheMonitoringService Monitoring should limit metrics history                  00:25 +397 -34: C:/Users/Thibaut/Desktop/PriorisProject/test/domain/services/cache/cache_monitoring_service_test.dart: CacheMonitoringService Monitoring should limit metrics history                  00:26 +397 -34: C:/Users/Thibaut/Desktop/PriorisProject/test/domain/services/cache/cache_monitoring_service_test.dart: CacheMonitoringService Monitoring should limit metrics history                  00:26 +398 -34: C:/Users/Thibaut/Desktop/PriorisProject/test/domain/services/cache/cache_monitoring_service_test.dart: CacheMonitoringService Monitoring should limit metrics history                  00:26 +398 -34: C:/Users/Thibaut/Desktop/PriorisProject/test/integration/lists_system_integration_test.dart: Lists System Integration Test - Tâche 2.2 Should filter lists by type correctly           
══╡ EXCEPTION CAUGHT BY FLUTTER TEST FRAMEWORK ╞════════════════════════════════════════════════════
The following assertion was thrown running a test:
The finder "Found 2 widgets with text "Listes": [
  Text("Listes", inherit: true, size: 20.0, weight: 600, dependencies: [DefaultSelectionStyle,
DefaultTextStyle, MediaQuery]),
  Text("Listes", dependencies: [DefaultSelectionStyle, DefaultTextStyle, MediaQuery]),
]" (used in a call to "tap()") ambiguously found multiple matching widgets. The "tap()" method needs
a single target.

When the exception was thrown, this was the stack:
#0      WidgetController._getElementPoint (package:flutter_test/src/controller.dart:2014:7)
#1      WidgetController.getCenter (package:flutter_test/src/controller.dart:1861:12)
#2      WidgetController.tap (package:flutter_test/src/controller.dart:1041:7)
#3      main.<anonymous closure>.<anonymous closure> (file:///C:/Users/Thibaut/Desktop/PriorisProject/test/integration/lists_system_integration_test.dart:87:20)
<asynchronous suspension>
#4      testWidgets.<anonymous closure>.<anonymous closure> (package:flutter_test/src/widget_tester.dart:193:15)
<asynchronous suspension>
#5      TestWidgetsFlutterBinding._runTestBody (package:flutter_test/src/binding.dart:1064:5)
<asynchronous suspension>
<asynchronous suspension>
(elided one frame from package:stack_trace)

The test description was:
  Should filter lists by type correctly
════════════════════════════════════════════════════════════════════════════════════════════════════
00:26 +398 -35: C:/Users/Thibaut/Desktop/PriorisProject/test/integration/lists_system_integration_test.dart: Lists System Integration Test - Tâche 2.2 Should filter lists by type correctly [E]       
  Test failed. See exception logs above.
  The test description was: Should filter lists by type correctly
  

To run this test again: C:\flutter\bin\cache\dart-sdk\bin\dart.exe test C:/Users/Thibaut/Desktop/PriorisProject/test/integration/lists_system_integration_test.dart -p vm --plain-name "Lists System Integration Test - Tâche 2.2 Should filter lists by type correctly"
00:26 +398 -35: C:/Users/Thibaut/Desktop/PriorisProject/test/presentation/pages/home_page_test.dart: HomePage affiche tous les onglets de navigation                                                   
══╡ EXCEPTION CAUGHT BY FLUTTER TEST FRAMEWORK ╞════════════════════════════════════════════════════
The following TestFailure was thrown running a test:
Expected: exactly one matching candidate
  Actual: _TextWidgetFinder:<Found 0 widgets with text "Tâches": []>
   Which: means none were found but one was expected

When the exception was thrown, this was the stack:
#4      main.<anonymous closure>.<anonymous closure> (file:///C:/Users/Thibaut/Desktop/PriorisProject/test/presentation/pages/home_page_test.dart:35:7)
<asynchronous suspension>
#5      testWidgets.<anonymous closure>.<anonymous closure> (package:flutter_test/src/widget_tester.dart:193:15)
<asynchronous suspension>
#6      TestWidgetsFlutterBinding._runTestBody (package:flutter_test/src/binding.dart:1064:5)
<asynchronous suspension>
<asynchronous suspension>
(elided one frame from package:stack_trace)

This was caught by the test expectation on the following line:
  file:///C:/Users/Thibaut/Desktop/PriorisProject/test/presentation/pages/home_page_test.dart line 35
The test description was:
  affiche tous les onglets de navigation
════════════════════════════════════════════════════════════════════════════════════════════════════
00:26 +398 -36: C:/Users/Thibaut/Desktop/PriorisProject/test/presentation/pages/home_page_test.dart: HomePage affiche tous les onglets de navigation [E]                                               
  Test failed. See exception logs above.
  The test description was: affiche tous les onglets de navigation
  

To run this test again: C:\flutter\bin\cache\dart-sdk\bin\dart.exe test C:/Users/Thibaut/Desktop/PriorisProject/test/presentation/pages/home_page_test.dart -p vm --plain-name "HomePage affiche tous les onglets de navigation"
00:26 +398 -36: C:/Users/Thibaut/Desktop/PriorisProject/test/presentation/pages/home_page_test.dart: HomePage affiche les icônes pour chaque onglet                                                    
══╡ EXCEPTION CAUGHT BY FLUTTER TEST FRAMEWORK ╞════════════════════════════════════════════════════
The following TestFailure was thrown running a test:
Expected: exactly one matching candidate
  Actual: _TextWidgetFinder:<Found 0 widgets with text "Tâches": []>
   Which: means none were found but one was expected

When the exception was thrown, this was the stack:
#4      main.<anonymous closure>.<anonymous closure> (file:///C:/Users/Thibaut/Desktop/PriorisProject/test/presentation/pages/home_page_test.dart:52:7)
<asynchronous suspension>
#5      testWidgets.<anonymous closure>.<anonymous closure> (package:flutter_test/src/widget_tester.dart:193:15)
<asynchronous suspension>
#6      TestWidgetsFlutterBinding._runTestBody (package:flutter_test/src/binding.dart:1064:5)
<asynchronous suspension>
<asynchronous suspension>
(elided one frame from package:stack_trace)

This was caught by the test expectation on the following line:
  file:///C:/Users/Thibaut/Desktop/PriorisProject/test/presentation/pages/home_page_test.dart line 52
The test description was:
  affiche les icônes pour chaque onglet
════════════════════════════════════════════════════════════════════════════════════════════════════
00:26 +398 -37: C:/Users/Thibaut/Desktop/PriorisProject/test/presentation/pages/home_page_test.dart: HomePage affiche les icônes pour chaque onglet [E]                                                
  Test failed. See exception logs above.
  The test description was: affiche les icônes pour chaque onglet
  

To run this test again: C:\flutter\bin\cache\dart-sdk\bin\dart.exe test C:/Users/Thibaut/Desktop/PriorisProject/test/presentation/pages/home_page_test.dart -p vm --plain-name "HomePage affiche les icônes pour chaque onglet"
00:26 +399 -37: C:/Users/Thibaut/Desktop/PriorisProject/test/domain/services/cache/cache_monitoring_service_test.dart: CacheMonitoringService Monitoring should limit metrics history                  00:26 +400 -37: C:/Users/Thibaut/Desktop/PriorisProject/test/domain/services/cache/cache_monitoring_service_test.dart: CacheMonitoringService Monitoring should limit metrics history                  00:26 +400 -37: C:/Users/Thibaut/Desktop/PriorisProject/test/integration/lists_system_integration_test.dart: Lists System Integration Test - Tâche 2.2 Should search lists correctly                   
══╡ EXCEPTION CAUGHT BY FLUTTER TEST FRAMEWORK ╞════════════════════════════════════════════════════
The following assertion was thrown running a test:
The finder "Found 2 widgets with text "Listes": [
  Text("Listes", inherit: true, size: 20.0, weight: 600, dependencies: [DefaultSelectionStyle,
DefaultTextStyle, MediaQuery]),
  Text("Listes", dependencies: [DefaultSelectionStyle, DefaultTextStyle, MediaQuery]),
]" (used in a call to "tap()") ambiguously found multiple matching widgets. The "tap()" method needs
a single target.

When the exception was thrown, this was the stack:
#0      WidgetController._getElementPoint (package:flutter_test/src/controller.dart:2014:7)
#1      WidgetController.getCenter (package:flutter_test/src/controller.dart:1861:12)
#2      WidgetController.tap (package:flutter_test/src/controller.dart:1041:7)
#3      main.<anonymous closure>.<anonymous closure> (file:///C:/Users/Thibaut/Desktop/PriorisProject/test/integration/lists_system_integration_test.dart:124:20)
<asynchronous suspension>
#4      testWidgets.<anonymous closure>.<anonymous closure> (package:flutter_test/src/widget_tester.dart:193:15)
<asynchronous suspension>
#5      TestWidgetsFlutterBinding._runTestBody (package:flutter_test/src/binding.dart:1064:5)
<asynchronous suspension>
<asynchronous suspension>
(elided one frame from package:stack_trace)

The test description was:
  Should search lists correctly
════════════════════════════════════════════════════════════════════════════════════════════════════
00:26 +400 -38: C:/Users/Thibaut/Desktop/PriorisProject/test/integration/lists_system_integration_test.dart: Lists System Integration Test - Tâche 2.2 Should search lists correctly [E]               
  Test failed. See exception logs above.
  The test description was: Should search lists correctly
  

To run this test again: C:\flutter\bin\cache\dart-sdk\bin\dart.exe test C:/Users/Thibaut/Desktop/PriorisProject/test/integration/lists_system_integration_test.dart -p vm --plain-name "Lists System Integration Test - Tâche 2.2 Should search lists correctly"
00:26 +401 -38: C:/Users/Thibaut/Desktop/PriorisProject/test/domain/services/cache/cache_monitoring_service_test.dart: CacheMonitoringService Monitoring should limit metrics history                  00:26 +401 -38: C:/Users/Thibaut/Desktop/PriorisProject/test/presentation/pages/home_page_test.dart: HomePage affiche la page des tâches par défaut                                                    
══╡ EXCEPTION CAUGHT BY FLUTTER TEST FRAMEWORK ╞════════════════════════════════════════════════════
The following TestFailure was thrown running a test:
Expected: exactly one matching candidate
  Actual: _TypeWidgetFinder:<Found 0 widgets with type "TasksPage": []>
   Which: means none were found but one was expected

When the exception was thrown, this was the stack:
#4      main.<anonymous closure>.<anonymous closure> (file:///C:/Users/Thibaut/Desktop/PriorisProject/test/presentation/pages/home_page_test.dart:68:7)
<asynchronous suspension>
#5      testWidgets.<anonymous closure>.<anonymous closure> (package:flutter_test/src/widget_tester.dart:193:15)
<asynchronous suspension>
#6      TestWidgetsFlutterBinding._runTestBody (package:flutter_test/src/binding.dart:1064:5)
<asynchronous suspension>
<asynchronous suspension>
(elided one frame from package:stack_trace)

This was caught by the test expectation on the following line:
  file:///C:/Users/Thibaut/Desktop/PriorisProject/test/presentation/pages/home_page_test.dart line 68
The test description was:
  affiche la page des tâches par défaut
════════════════════════════════════════════════════════════════════════════════════════════════════
00:26 +401 -39: C:/Users/Thibaut/Desktop/PriorisProject/test/presentation/pages/home_page_test.dart: HomePage affiche la page des tâches par défaut [E]                                                
  Test failed. See exception logs above.
  The test description was: affiche la page des tâches par défaut
  

To run this test again: C:\flutter\bin\cache\dart-sdk\bin\dart.exe test C:/Users/Thibaut/Desktop/PriorisProject/test/presentation/pages/home_page_test.dart -p vm --plain-name "HomePage affiche la page des tâches par défaut"
00:26 +402 -39: C:/Users/Thibaut/Desktop/PriorisProject/test/domain/services/cache/cache_monitoring_service_test.dart: CacheMonitoringService Monitoring should limit metrics history                  00:26 +403 -39: C:/Users/Thibaut/Desktop/PriorisProject/test/domain/services/cache/cache_monitoring_service_test.dart: CacheMonitoringService Monitoring should limit metrics history                  00:27 +403 -39: C:/Users/Thibaut/Desktop/PriorisProject/test/domain/services/cache/cache_monitoring_service_test.dart: CacheMonitoringService Monitoring should limit metrics history                  00:27 +403 -39: C:/Users/Thibaut/Desktop/PriorisProject/test/presentation/pages/home_page_test.dart: HomePage permet de naviguer vers la page des listes                                               
══╡ EXCEPTION CAUGHT BY FLUTTER TEST FRAMEWORK ╞════════════════════════════════════════════════════
The following assertion was thrown running a test:
The finder "Found 2 widgets with text "Listes": [
  Text("Listes", inherit: true, size: 20.0, weight: 600, dependencies: [DefaultSelectionStyle,
DefaultTextStyle, MediaQuery]),
  Text("Listes", dependencies: [DefaultSelectionStyle, DefaultTextStyle, MediaQuery]),
]" (used in a call to "tap()") ambiguously found multiple matching widgets. The "tap()" method needs
a single target.

When the exception was thrown, this was the stack:
#0      WidgetController._getElementPoint (package:flutter_test/src/controller.dart:2014:7)
#1      WidgetController.getCenter (package:flutter_test/src/controller.dart:1861:12)
#2      WidgetController.tap (package:flutter_test/src/controller.dart:1041:7)
#3      main.<anonymous closure>.<anonymous closure> (file:///C:/Users/Thibaut/Desktop/PriorisProject/test/presentation/pages/home_page_test.dart:81:20)
<asynchronous suspension>
#4      testWidgets.<anonymous closure>.<anonymous closure> (package:flutter_test/src/widget_tester.dart:193:15)
<asynchronous suspension>
#5      TestWidgetsFlutterBinding._runTestBody (package:flutter_test/src/binding.dart:1064:5)
<asynchronous suspension>
<asynchronous suspension>
(elided one frame from package:stack_trace)

The test description was:
  permet de naviguer vers la page des listes
════════════════════════════════════════════════════════════════════════════════════════════════════
00:27 +403 -40: C:/Users/Thibaut/Desktop/PriorisProject/test/presentation/pages/home_page_test.dart: HomePage permet de naviguer vers la page des listes [E]                                           
  Test failed. See exception logs above.
  The test description was: permet de naviguer vers la page des listes
  

To run this test again: C:\flutter\bin\cache\dart-sdk\bin\dart.exe test C:/Users/Thibaut/Desktop/PriorisProject/test/presentation/pages/home_page_test.dart -p vm --plain-name "HomePage permet de naviguer vers la page des listes"
00:27 +404 -40: C:/Users/Thibaut/Desktop/PriorisProject/test/domain/services/cache/cache_monitoring_service_test.dart: CacheMonitoringService Monitoring should limit metrics history                  00:27 +405 -40: C:/Users/Thibaut/Desktop/PriorisProject/test/domain/services/cache/cache_monitoring_service_test.dart: CacheMonitoringService Monitoring should limit metrics history                  00:27 +405 -40: C:/Users/Thibaut/Desktop/PriorisProject/test/integration/lists_system_integration_test.dart: Lists System Integration Test - Tâche 2.2 Should maintain Riverpod state consistency      
══╡ EXCEPTION CAUGHT BY FLUTTER TEST FRAMEWORK ╞════════════════════════════════════════════════════
The following assertion was thrown running a test:
The finder "Found 2 widgets with text "Listes": [
  Text("Listes", inherit: true, size: 20.0, weight: 600, dependencies: [DefaultSelectionStyle,
DefaultTextStyle, MediaQuery]),
  Text("Listes", dependencies: [DefaultSelectionStyle, DefaultTextStyle, MediaQuery]),
]" (used in a call to "tap()") ambiguously found multiple matching widgets. The "tap()" method needs
a single target.

When the exception was thrown, this was the stack:
#0      WidgetController._getElementPoint (package:flutter_test/src/controller.dart:2014:7)
#1      WidgetController.getCenter (package:flutter_test/src/controller.dart:1861:12)
#2      WidgetController.tap (package:flutter_test/src/controller.dart:1041:7)
#3      _testRiverpodStateConsistency (file:///C:/Users/Thibaut/Desktop/PriorisProject/test/integration/lists_system_integration_test.dart:241:16)
<asynchronous suspension>
#4      main.<anonymous closure>.<anonymous closure> (file:///C:/Users/Thibaut/Desktop/PriorisProject/test/integration/lists_system_integration_test.dart:133:7)
<asynchronous suspension>
#5      testWidgets.<anonymous closure>.<anonymous closure> (package:flutter_test/src/widget_tester.dart:193:15)
<asynchronous suspension>
#6      TestWidgetsFlutterBinding._runTestBody (package:flutter_test/src/binding.dart:1064:5)
<asynchronous suspension>
<asynchronous suspension>
(elided one frame from package:stack_trace)

The test description was:
  Should maintain Riverpod state consistency
════════════════════════════════════════════════════════════════════════════════════════════════════
00:27 +405 -41: C:/Users/Thibaut/Desktop/PriorisProject/test/integration/lists_system_integration_test.dart: Lists System Integration Test - Tâche 2.2 Should maintain Riverpod state consistency [E]  
  Test failed. See exception logs above.
  The test description was: Should maintain Riverpod state consistency
  

To run this test again: C:\flutter\bin\cache\dart-sdk\bin\dart.exe test C:/Users/Thibaut/Desktop/PriorisProject/test/integration/lists_system_integration_test.dart -p vm --plain-name "Lists System Integration Test - Tâche 2.2 Should maintain Riverpod state consistency"
00:27 +406 -41: C:/Users/Thibaut/Desktop/PriorisProject/test/domain/services/cache/cache_monitoring_service_test.dart: CacheMonitoringService Monitoring should limit metrics history                  00:27 +406 -41: C:/Users/Thibaut/Desktop/PriorisProject/test/presentation/pages/lists/widgets/list_item_card_test.dart: ListItemCard handles tap events                                                
══╡ EXCEPTION CAUGHT BY FLUTTER TEST FRAMEWORK ╞════════════════════════════════════════════════════
The following TestFailure was thrown running a test:
Expected: true
  Actual: <false>

When the exception was thrown, this was the stack:
#4      main.<anonymous closure>.<anonymous closure> (file:///C:/Users/Thibaut/Desktop/PriorisProject/test/presentation/pages/lists/widgets/list_item_card_test.dart:80:7)
<asynchronous suspension>
#5      testWidgets.<anonymous closure>.<anonymous closure> (package:flutter_test/src/widget_tester.dart:193:15)
<asynchronous suspension>
#6      TestWidgetsFlutterBinding._runTestBody (package:flutter_test/src/binding.dart:1064:5)
<asynchronous suspension>
<asynchronous suspension>
(elided one frame from package:stack_trace)

This was caught by the test expectation on the following line:
  file:///C:/Users/Thibaut/Desktop/PriorisProject/test/presentation/pages/lists/widgets/list_item_card_test.dart line 80
The test description was:
  handles tap events
════════════════════════════════════════════════════════════════════════════════════════════════════
00:27 +406 -42: C:/Users/Thibaut/Desktop/PriorisProject/test/presentation/pages/lists/widgets/list_item_card_test.dart: ListItemCard handles tap events [E]                                            
  Test failed. See exception logs above.
  The test description was: handles tap events
  

To run this test again: C:\flutter\bin\cache\dart-sdk\bin\dart.exe test C:/Users/Thibaut/Desktop/PriorisProject/test/presentation/pages/lists/widgets/list_item_card_test.dart -p vm --plain-name "ListItemCard handles tap events"
00:27 +407 -42: C:/Users/Thibaut/Desktop/PriorisProject/test/domain/services/cache/cache_monitoring_service_test.dart: CacheMonitoringService Monitoring should limit metrics history                  00:27 +408 -42: C:/Users/Thibaut/Desktop/PriorisProject/test/domain/services/cache/cache_monitoring_service_test.dart: CacheMonitoringService Monitoring should limit metrics history                  00:27 +409 -42: C:/Users/Thibaut/Desktop/PriorisProject/test/domain/services/cache/cache_monitoring_service_test.dart: CacheMonitoringService Monitoring should limit metrics history                  00:27 +410 -42: C:/Users/Thibaut/Desktop/PriorisProject/test/domain/services/cache/cache_monitoring_service_test.dart: CacheMonitoringService Monitoring should limit metrics history                  00:27 +411 -42: C:/Users/Thibaut/Desktop/PriorisProject/test/domain/services/cache/cache_monitoring_service_test.dart: CacheMonitoringService Monitoring should limit metrics history                  00:27 +412 -42: C:/Users/Thibaut/Desktop/PriorisProject/test/domain/services/cache/cache_monitoring_service_test.dart: CacheMonitoringService Monitoring should limit metrics history                  00:27 +412 -42: C:/Users/Thibaut/Desktop/PriorisProject/test/presentation/pages/lists/widgets/list_item_card_test.dart: ListItemCard Actions menu shows action menu when actions provided              
══╡ EXCEPTION CAUGHT BY RENDERING LIBRARY ╞═════════════════════════════════════════════════════════
The following assertion was thrown during layout:
A RenderFlex overflowed by 21 pixels on the bottom.

The relevant error-causing widget was:
  Column
  Column:file:///C:/Users/Thibaut/Desktop/PriorisProject/lib/presentation/pages/lists/widgets/list_item_card.dart:175:12

The overflowing RenderFlex has an orientation of Axis.vertical.
The edge of the RenderFlex that is overflowing has been marked in the rendering with a yellow and
black striped pattern. This is usually caused by the contents being too big for the RenderFlex.
Consider applying a flex factor (e.g. using an Expanded widget) to force the children of the
RenderFlex to fit within the available space instead of being sized to their natural size.
This is considered an error condition because it indicates that there is content that cannot be
seen. If the content is legitimately bigger than the available space, consider clipping it with a
ClipRect widget before putting it in the flex, or using a scrollable container rather than a Flex,
like a ListView.
The specific RenderFlex in question is: RenderFlex#8b742 relayoutBoundary=up17 OVERFLOWING:
  creator: Column ← DefaultTextStyle ← AnimatedDefaultTextStyle ← _ListTile ← IconButtonTheme ←
    IconTheme ← Builder ← MediaQuery ← Padding ← SafeArea ← Builder ← Padding-[GlobalKey#aa369] ← ⋯
  parentData: offset=Offset(664.0, 274.0) (can use size)
  constraints: BoxConstraints(0.0<=w<=760.0, 0.0<=h<=56.0)
  size: Size(96.0, 56.0)
  direction: vertical
  mainAxisAlignment: start
  mainAxisSize: min
  crossAxisAlignment: end
  textDirection: ltr
  verticalDirection: down
  spacing: 0.0
◢◤◢◤◢◤◢◤◢◤◢◤◢◤◢◤◢◤◢◤◢◤◢◤◢◤◢◤◢◤◢◤◢◤◢◤◢◤◢◤◢◤◢◤◢◤◢◤◢◤◢◤◢◤◢◤◢◤◢◤◢◤◢◤◢◤◢◤◢◤◢◤◢◤◢◤◢◤◢◤◢◤◢◤◢◤◢◤◢◤◢◤◢◤◢◤◢◤◢◤
════════════════════════════════════════════════════════════════════════════════════════════════════
00:27 +412 -43: C:/Users/Thibaut/Desktop/PriorisProject/test/presentation/pages/lists/widgets/list_item_card_test.dart: ListItemCard Actions menu shows action menu when actions provided [E]          
  Test failed. See exception logs above.
  The test description was: shows action menu when actions provided
  

To run this test again: C:\flutter\bin\cache\dart-sdk\bin\dart.exe test C:/Users/Thibaut/Desktop/PriorisProject/test/presentation/pages/lists/widgets/list_item_card_test.dart -p vm --plain-name "ListItemCard Actions menu shows action menu when actions provided"
00:27 +413 -43: C:/Users/Thibaut/Desktop/PriorisProject/test/domain/services/cache/cache_monitoring_service_test.dart: CacheMonitoringService Monitoring should limit metrics history                  00:27 +414 -43: C:/Users/Thibaut/Desktop/PriorisProject/test/domain/services/cache/cache_monitoring_service_test.dart: CacheMonitoringService Monitoring should limit metrics history                  00:27 +415 -43: C:/Users/Thibaut/Desktop/PriorisProject/test/domain/services/cache/cache_monitoring_service_test.dart: CacheMonitoringService Monitoring should limit metrics history                  00:27 +416 -43: C:/Users/Thibaut/Desktop/PriorisProject/test/domain/services/cache/cache_monitoring_service_test.dart: CacheMonitoringService Monitoring should limit metrics history                  00:27 +417 -43: C:/Users/Thibaut/Desktop/PriorisProject/test/domain/services/cache/cache_monitoring_service_test.dart: CacheMonitoringService Monitoring should limit metrics history                  00:28 +417 -43: C:/Users/Thibaut/Desktop/PriorisProject/test/domain/services/cache/cache_monitoring_service_test.dart: CacheMonitoringService Monitoring should limit metrics history                  00:28 +418 -43: C:/Users/Thibaut/Desktop/PriorisProject/test/domain/services/cache/cache_monitoring_service_test.dart: CacheMonitoringService Monitoring should limit metrics history                  00:28 +419 -43: C:/Users/Thibaut/Desktop/PriorisProject/test/domain/services/cache/cache_monitoring_service_test.dart: CacheMonitoringService Monitoring should limit metrics history                  00:28 +420 -43: C:/Users/Thibaut/Desktop/PriorisProject/test/domain/services/cache/cache_monitoring_service_test.dart: CacheMonitoringService Monitoring should limit metrics history                  00:28 +420 -43: C:/Users/Thibaut/Desktop/PriorisProject/test/presentation/pages/home_page_test.dart: HomePage permet de naviguer vers la page des statistiques                                         
══╡ EXCEPTION CAUGHT BY FLUTTER TEST FRAMEWORK ╞════════════════════════════════════════════════════
The following assertion was thrown running a test:
The finder "Found 0 widgets with text "Statistiques": []" (used in a call to "tap()") could not find
any matching widgets.

When the exception was thrown, this was the stack:
#0      WidgetController._getElementPoint (package:flutter_test/src/controller.dart:2009:7)
#1      WidgetController.getCenter (package:flutter_test/src/controller.dart:1861:12)
#2      WidgetController.tap (package:flutter_test/src/controller.dart:1041:7)
#3      main.<anonymous closure>.<anonymous closure> (file:///C:/Users/Thibaut/Desktop/PriorisProject/test/presentation/pages/home_page_test.dart:129:20)
<asynchronous suspension>
#4      testWidgets.<anonymous closure>.<anonymous closure> (package:flutter_test/src/widget_tester.dart:193:15)
<asynchronous suspension>
#5      TestWidgetsFlutterBinding._runTestBody (package:flutter_test/src/binding.dart:1064:5)
<asynchronous suspension>
<asynchronous suspension>
(elided one frame from package:stack_trace)

The test description was:
  permet de naviguer vers la page des statistiques
════════════════════════════════════════════════════════════════════════════════════════════════════
00:28 +420 -44: C:/Users/Thibaut/Desktop/PriorisProject/test/presentation/pages/home_page_test.dart: HomePage permet de naviguer vers la page des statistiques [E]                                     
  Test failed. See exception logs above.
  The test description was: permet de naviguer vers la page des statistiques
  

To run this test again: C:\flutter\bin\cache\dart-sdk\bin\dart.exe test C:/Users/Thibaut/Desktop/PriorisProject/test/presentation/pages/home_page_test.dart -p vm --plain-name "HomePage permet de naviguer vers la page des statistiques"
00:28 +420 -44: C:/Users/Thibaut/Desktop/PriorisProject/test/presentation/pages/home_page_test.dart: HomePage permet de revenir à la page des tâches                                                   
══╡ EXCEPTION CAUGHT BY FLUTTER TEST FRAMEWORK ╞════════════════════════════════════════════════════
The following assertion was thrown running a test:
The finder "Found 2 widgets with text "Listes": [
  Text("Listes", inherit: true, size: 20.0, weight: 600, dependencies: [DefaultSelectionStyle,
DefaultTextStyle, MediaQuery]),
  Text("Listes", dependencies: [DefaultSelectionStyle, DefaultTextStyle, MediaQuery]),
]" (used in a call to "tap()") ambiguously found multiple matching widgets. The "tap()" method needs
a single target.

When the exception was thrown, this was the stack:
#0      WidgetController._getElementPoint (package:flutter_test/src/controller.dart:2014:7)
#1      WidgetController.getCenter (package:flutter_test/src/controller.dart:1861:12)
#2      WidgetController.tap (package:flutter_test/src/controller.dart:1041:7)
#3      main.<anonymous closure>.<anonymous closure> (file:///C:/Users/Thibaut/Desktop/PriorisProject/test/presentation/pages/home_page_test.dart:145:20)
<asynchronous suspension>
#4      testWidgets.<anonymous closure>.<anonymous closure> (package:flutter_test/src/widget_tester.dart:193:15)
<asynchronous suspension>
#5      TestWidgetsFlutterBinding._runTestBody (package:flutter_test/src/binding.dart:1064:5)
<asynchronous suspension>
<asynchronous suspension>
(elided one frame from package:stack_trace)

The test description was:
  permet de revenir à la page des tâches
════════════════════════════════════════════════════════════════════════════════════════════════════
00:28 +420 -45: C:/Users/Thibaut/Desktop/PriorisProject/test/presentation/pages/home_page_test.dart: HomePage permet de revenir à la page des tâches [E]                                               
  Test failed. See exception logs above.
  The test description was: permet de revenir à la page des tâches
  

To run this test again: C:\flutter\bin\cache\dart-sdk\bin\dart.exe test C:/Users/Thibaut/Desktop/PriorisProject/test/presentation/pages/home_page_test.dart -p vm --plain-name "HomePage permet de revenir à la page des tâches"
00:28 +421 -45: C:/Users/Thibaut/Desktop/PriorisProject/test/domain/services/cache/cache_monitoring_service_test.dart: CacheMonitoringService Monitoring should limit metrics history                  00:28 +422 -45: C:/Users/Thibaut/Desktop/PriorisProject/test/domain/services/cache/cache_monitoring_service_test.dart: CacheMonitoringService Monitoring should limit metrics history                  00:28 +422 -45: C:/Users/Thibaut/Desktop/PriorisProject/test/presentation/pages/lists/widgets/list_type_selector_test.dart: ListTypeSelector affiche tous les types de liste par défaut                
══╡ EXCEPTION CAUGHT BY FLUTTER TEST FRAMEWORK ╞════════════════════════════════════════════════════
The following TestFailure was thrown running a test:
Expected: exactly one matching candidate
  Actual: _TextWidgetFinder:<Found 0 widgets with text "TRAVEL": []>
   Which: means none were found but one was expected

When the exception was thrown, this was the stack:
#4      main.<anonymous closure>.<anonymous closure> (file:///C:/Users/Thibaut/Desktop/PriorisProject/test/presentation/pages/lists/widgets/list_type_selector_test.dart:29:7)
<asynchronous suspension>
#5      testWidgets.<anonymous closure>.<anonymous closure> (package:flutter_test/src/widget_tester.dart:193:15)
<asynchronous suspension>
#6      TestWidgetsFlutterBinding._runTestBody (package:flutter_test/src/binding.dart:1064:5)
<asynchronous suspension>
<asynchronous suspension>
(elided one frame from package:stack_trace)

This was caught by the test expectation on the following line:
  file:///C:/Users/Thibaut/Desktop/PriorisProject/test/presentation/pages/lists/widgets/list_type_selector_test.dart line 29
The test description was:
  affiche tous les types de liste par défaut
════════════════════════════════════════════════════════════════════════════════════════════════════
00:28 +422 -46: C:/Users/Thibaut/Desktop/PriorisProject/test/presentation/pages/lists/widgets/list_type_selector_test.dart: ListTypeSelector affiche tous les types de liste par défaut [E]            
  Test failed. See exception logs above.
  The test description was: affiche tous les types de liste par défaut
  

To run this test again: C:\flutter\bin\cache\dart-sdk\bin\dart.exe test C:/Users/Thibaut/Desktop/PriorisProject/test/presentation/pages/lists/widgets/list_type_selector_test.dart -p vm --plain-name "ListTypeSelector affiche tous les types de liste par défaut"
00:28 +422 -46: C:/Users/Thibaut/Desktop/PriorisProject/test/presentation/pages/home_page_test.dart: HomePage affiche le header premium                                                                
══╡ EXCEPTION CAUGHT BY FLUTTER TEST FRAMEWORK ╞════════════════════════════════════════════════════
The following TestFailure was thrown running a test:
Expected: exactly one matching candidate
  Actual: _TextWidgetFinder:<Found 0 widgets with text "Prioris Premium": []>
   Which: means none were found but one was expected

When the exception was thrown, this was the stack:
#4      main.<anonymous closure>.<anonymous closure> (file:///C:/Users/Thibaut/Desktop/PriorisProject/test/presentation/pages/home_page_test.dart:176:7)
<asynchronous suspension>
#5      testWidgets.<anonymous closure>.<anonymous closure> (package:flutter_test/src/widget_tester.dart:193:15)
<asynchronous suspension>
#6      TestWidgetsFlutterBinding._runTestBody (package:flutter_test/src/binding.dart:1064:5)
<asynchronous suspension>
<asynchronous suspension>
(elided one frame from package:stack_trace)

This was caught by the test expectation on the following line:
  file:///C:/Users/Thibaut/Desktop/PriorisProject/test/presentation/pages/home_page_test.dart line 176
The test description was:
  affiche le header premium
════════════════════════════════════════════════════════════════════════════════════════════════════
00:28 +422 -47: C:/Users/Thibaut/Desktop/PriorisProject/test/presentation/pages/home_page_test.dart: HomePage affiche le header premium [E]                                                            
  Test failed. See exception logs above.
  The test description was: affiche le header premium
  

To run this test again: C:\flutter\bin\cache\dart-sdk\bin\dart.exe test C:/Users/Thibaut/Desktop/PriorisProject/test/presentation/pages/home_page_test.dart -p vm --plain-name "HomePage affiche le header premium"
00:28 +422 -47: C:/Users/Thibaut/Desktop/PriorisProject/test/presentation/pages/lists/widgets/list_type_selector_test.dart: ListTypeSelector n'affiche pas CUSTOM quand showCustomType est false       
══╡ EXCEPTION CAUGHT BY FLUTTER TEST FRAMEWORK ╞════════════════════════════════════════════════════
The following TestFailure was thrown running a test:
Expected: exactly one matching candidate
  Actual: _TextWidgetFinder:<Found 0 widgets with text "TRAVEL": []>
   Which: means none were found but one was expected

When the exception was thrown, this was the stack:
#4      main.<anonymous closure>.<anonymous closure> (file:///C:/Users/Thibaut/Desktop/PriorisProject/test/presentation/pages/lists/widgets/list_type_selector_test.dart:48:7)
<asynchronous suspension>
#5      testWidgets.<anonymous closure>.<anonymous closure> (package:flutter_test/src/widget_tester.dart:193:15)
<asynchronous suspension>
#6      TestWidgetsFlutterBinding._runTestBody (package:flutter_test/src/binding.dart:1064:5)
<asynchronous suspension>
<asynchronous suspension>
(elided one frame from package:stack_trace)

This was caught by the test expectation on the following line:
  file:///C:/Users/Thibaut/Desktop/PriorisProject/test/presentation/pages/lists/widgets/list_type_selector_test.dart line 48
The test description was:
  n'affiche pas CUSTOM quand showCustomType est false
════════════════════════════════════════════════════════════════════════════════════════════════════
00:28 +422 -48: C:/Users/Thibaut/Desktop/PriorisProject/test/presentation/pages/lists/widgets/list_type_selector_test.dart: ListTypeSelector n'affiche pas CUSTOM quand showCustomType est false [E]   
  Test failed. See exception logs above.
  The test description was: n'affiche pas CUSTOM quand showCustomType est false
  

To run this test again: C:\flutter\bin\cache\dart-sdk\bin\dart.exe test C:/Users/Thibaut/Desktop/PriorisProject/test/presentation/pages/lists/widgets/list_type_selector_test.dart -p vm --plain-name "ListTypeSelector n'affiche pas CUSTOM quand showCustomType est false"
00:28 +422 -48: C:/Users/Thibaut/Desktop/PriorisProject/test/presentation/pages/lists/widgets/list_type_selector_test.dart: ListTypeSelector sélectionne le type correct                               
══╡ EXCEPTION CAUGHT BY FLUTTER TEST FRAMEWORK ╞════════════════════════════════════════════════════
The following TestFailure was thrown running a test:
Expected: exactly one matching candidate
  Actual: _AncestorWidgetFinder:<Found 0 widgets with type "AnimatedContainer" that are ancestors of
widgets with text "SHOPPING": []>
   Which: means none were found but one was expected

When the exception was thrown, this was the stack:
#4      main.<anonymous closure>.<anonymous closure> (file:///C:/Users/Thibaut/Desktop/PriorisProject/test/presentation/pages/lists/widgets/list_type_selector_test.dart:66:7)
<asynchronous suspension>
#5      testWidgets.<anonymous closure>.<anonymous closure> (package:flutter_test/src/widget_tester.dart:193:15)
<asynchronous suspension>
#6      TestWidgetsFlutterBinding._runTestBody (package:flutter_test/src/binding.dart:1064:5)
<asynchronous suspension>
<asynchronous suspension>
(elided one frame from package:stack_trace)

This was caught by the test expectation on the following line:
  file:///C:/Users/Thibaut/Desktop/PriorisProject/test/presentation/pages/lists/widgets/list_type_selector_test.dart line 66
The test description was:
  sélectionne le type correct
════════════════════════════════════════════════════════════════════════════════════════════════════
00:28 +422 -49: C:/Users/Thibaut/Desktop/PriorisProject/test/presentation/pages/lists/widgets/list_type_selector_test.dart: ListTypeSelector sélectionne le type correct [E]                           
  Test failed. See exception logs above.
  The test description was: sélectionne le type correct
  

To run this test again: C:\flutter\bin\cache\dart-sdk\bin\dart.exe test C:/Users/Thibaut/Desktop/PriorisProject/test/presentation/pages/lists/widgets/list_type_selector_test.dart -p vm --plain-name "ListTypeSelector sélectionne le type correct"
00:28 +422 -49: C:/Users/Thibaut/Desktop/PriorisProject/test/presentation/pages/lists/widgets/list_type_selector_test.dart: ListTypeSelector appelle onTypeSelected quand on tape sur un type          
══╡ EXCEPTION CAUGHT BY FLUTTER TEST FRAMEWORK ╞════════════════════════════════════════════════════
The following assertion was thrown running a test:
The finder "Found 0 widgets with text "SHOPPING": []" (used in a call to "tap()") could not find any
matching widgets.

When the exception was thrown, this was the stack:
#0      WidgetController._getElementPoint (package:flutter_test/src/controller.dart:2009:7)
#1      WidgetController.getCenter (package:flutter_test/src/controller.dart:1861:12)
#2      WidgetController.tap (package:flutter_test/src/controller.dart:1041:7)
#3      main.<anonymous closure>.<anonymous closure> (file:///C:/Users/Thibaut/Desktop/PriorisProject/test/presentation/pages/lists/widgets/list_type_selector_test.dart:82:20)
<asynchronous suspension>
#4      testWidgets.<anonymous closure>.<anonymous closure> (package:flutter_test/src/widget_tester.dart:193:15)
<asynchronous suspension>
#5      TestWidgetsFlutterBinding._runTestBody (package:flutter_test/src/binding.dart:1064:5)
<asynchronous suspension>
<asynchronous suspension>
(elided one frame from package:stack_trace)

The test description was:
  appelle onTypeSelected quand on tape sur un type
════════════════════════════════════════════════════════════════════════════════════════════════════
00:28 +422 -50: C:/Users/Thibaut/Desktop/PriorisProject/test/presentation/pages/lists/widgets/list_type_selector_test.dart: ListTypeSelector appelle onTypeSelected quand on tape sur un type [E]      
  Test failed. See exception logs above.
  The test description was: appelle onTypeSelected quand on tape sur un type
  

To run this test again: C:\flutter\bin\cache\dart-sdk\bin\dart.exe test C:/Users/Thibaut/Desktop/PriorisProject/test/presentation/pages/lists/widgets/list_type_selector_test.dart -p vm --plain-name "ListTypeSelector appelle onTypeSelected quand on tape sur un type"
00:28 +422 -50: C:/Users/Thibaut/Desktop/PriorisProject/test/presentation/pages/lists/widgets/list_type_selector_test.dart: ListTypeSelector affiche les descriptions des types                        
══╡ EXCEPTION CAUGHT BY FLUTTER TEST FRAMEWORK ╞════════════════════════════════════════════════════
The following TestFailure was thrown running a test:
Expected: exactly one matching candidate
  Actual: _TextWidgetFinder:<Found 0 widgets with text "Voyages et destinations": []>
   Which: means none were found but one was expected

When the exception was thrown, this was the stack:
#4      main.<anonymous closure>.<anonymous closure> (file:///C:/Users/Thibaut/Desktop/PriorisProject/test/presentation/pages/lists/widgets/list_type_selector_test.dart:98:7)
<asynchronous suspension>
#5      testWidgets.<anonymous closure>.<anonymous closure> (package:flutter_test/src/widget_tester.dart:193:15)
<asynchronous suspension>
#6      TestWidgetsFlutterBinding._runTestBody (package:flutter_test/src/binding.dart:1064:5)
<asynchronous suspension>
<asynchronous suspension>
(elided one frame from package:stack_trace)

This was caught by the test expectation on the following line:
  file:///C:/Users/Thibaut/Desktop/PriorisProject/test/presentation/pages/lists/widgets/list_type_selector_test.dart line 98
The test description was:
  affiche les descriptions des types
════════════════════════════════════════════════════════════════════════════════════════════════════
00:28 +422 -51: C:/Users/Thibaut/Desktop/PriorisProject/test/presentation/pages/lists/widgets/list_type_selector_test.dart: ListTypeSelector affiche les descriptions des types [E]                    
  Test failed. See exception logs above.
  The test description was: affiche les descriptions des types
  

To run this test again: C:\flutter\bin\cache\dart-sdk\bin\dart.exe test C:/Users/Thibaut/Desktop/PriorisProject/test/presentation/pages/lists/widgets/list_type_selector_test.dart -p vm --plain-name "ListTypeSelector affiche les descriptions des types"
00:28 +422 -51: C:/Users/Thibaut/Desktop/PriorisProject/test/presentation/pages/lists/widgets/list_type_selector_test.dart: ListTypeSelector affiche les icônes pour chaque type                       
══╡ EXCEPTION CAUGHT BY FLUTTER TEST FRAMEWORK ╞════════════════════════════════════════════════════
The following TestFailure was thrown running a test:
Expected: exactly one matching candidate
  Actual: _IconWidgetFinder:<Found 0 widgets with icon "IconData(U+0E532)": []>
   Which: means none were found but one was expected

When the exception was thrown, this was the stack:
#4      main.<anonymous closure>.<anonymous closure> (file:///C:/Users/Thibaut/Desktop/PriorisProject/test/presentation/pages/lists/widgets/list_type_selector_test.dart:116:7)
<asynchronous suspension>
#5      testWidgets.<anonymous closure>.<anonymous closure> (package:flutter_test/src/widget_tester.dart:193:15)
<asynchronous suspension>
#6      TestWidgetsFlutterBinding._runTestBody (package:flutter_test/src/binding.dart:1064:5)
<asynchronous suspension>
<asynchronous suspension>
(elided one frame from package:stack_trace)

This was caught by the test expectation on the following line:
  file:///C:/Users/Thibaut/Desktop/PriorisProject/test/presentation/pages/lists/widgets/list_type_selector_test.dart line 116
The test description was:
  affiche les icônes pour chaque type
════════════════════════════════════════════════════════════════════════════════════════════════════
00:28 +422 -52: C:/Users/Thibaut/Desktop/PriorisProject/test/presentation/pages/lists/widgets/list_type_selector_test.dart: ListTypeSelector affiche les icônes pour chaque type [E]                   
  Test failed. See exception logs above.
  The test description was: affiche les icônes pour chaque type
  

To run this test again: C:\flutter\bin\cache\dart-sdk\bin\dart.exe test C:/Users/Thibaut/Desktop/PriorisProject/test/presentation/pages/lists/widgets/list_type_selector_test.dart -p vm --plain-name "ListTypeSelector affiche les icônes pour chaque type"
00:28 +422 -52: C:/Users/Thibaut/Desktop/PriorisProject/test/domain/services/cache/cache_monitoring_service_test.dart: CacheMonitoringService Monitoring should limit metrics history                  00:28 +423 -52: C:/Users/Thibaut/Desktop/PriorisProject/test/domain/services/cache/cache_monitoring_service_test.dart: CacheMonitoringService Monitoring should limit metrics history                  00:28 +424 -52: C:/Users/Thibaut/Desktop/PriorisProject/test/domain/services/cache/cache_monitoring_service_test.dart: CacheMonitoringService Monitoring should limit metrics history                  00:28 +425 -52: C:/Users/Thibaut/Desktop/PriorisProject/test/domain/services/cache/cache_monitoring_service_test.dart: CacheMonitoringService Monitoring should limit metrics history                  00:28 +426 -52: C:/Users/Thibaut/Desktop/PriorisProject/test/domain/services/cache/cache_monitoring_service_test.dart: CacheMonitoringService Monitoring should limit metrics history                  00:28 +427 -52: C:/Users/Thibaut/Desktop/PriorisProject/test/domain/services/cache/cache_monitoring_service_test.dart: CacheMonitoringService Monitoring should limit metrics history                  00:28 +428 -52: C:/Users/Thibaut/Desktop/PriorisProject/test/domain/services/cache/cache_monitoring_service_test.dart: CacheMonitoringService Monitoring should limit metrics history                  00:28 +429 -52: C:/Users/Thibaut/Desktop/PriorisProject/test/domain/services/cache/cache_monitoring_service_test.dart: CacheMonitoringService Monitoring should limit metrics history                  00:28 +430 -52: C:/Users/Thibaut/Desktop/PriorisProject/test/domain/services/cache/cache_monitoring_service_test.dart: CacheMonitoringService Monitoring should limit metrics history                  00:28 +431 -52: C:/Users/Thibaut/Desktop/PriorisProject/test/domain/services/cache/cache_monitoring_service_test.dart: CacheMonitoringService Monitoring should limit metrics history                  00:28 +432 -52: C:/Users/Thibaut/Desktop/PriorisProject/test/domain/services/cache/cache_monitoring_service_test.dart: CacheMonitoringService Monitoring should limit metrics history                  00:28 +433 -52: C:/Users/Thibaut/Desktop/PriorisProject/test/domain/services/cache/cache_monitoring_service_test.dart: CacheMonitoringService Monitoring should limit metrics history                  00:28 +434 -52: C:/Users/Thibaut/Desktop/PriorisProject/test/domain/services/cache/cache_monitoring_service_test.dart: CacheMonitoringService Monitoring should limit metrics history                  00:28 +435 -52: C:/Users/Thibaut/Desktop/PriorisProject/test/domain/services/cache/cache_monitoring_service_test.dart: CacheMonitoringService Monitoring should limit metrics history                  00:28 +436 -52: C:/Users/Thibaut/Desktop/PriorisProject/test/domain/services/cache/cache_monitoring_service_test.dart: CacheMonitoringService Monitoring should limit metrics history                  00:28 +437 -52: C:/Users/Thibaut/Desktop/PriorisProject/test/domain/services/cache/cache_monitoring_service_test.dart: CacheMonitoringService Monitoring should limit metrics history                  00:28 +438 -52: C:/Users/Thibaut/Desktop/PriorisProject/test/domain/services/cache/cache_monitoring_service_test.dart: CacheMonitoringService Monitoring should limit metrics history                  00:28 +439 -52: C:/Users/Thibaut/Desktop/PriorisProject/test/domain/services/cache/cache_monitoring_service_test.dart: CacheMonitoringService Monitoring should limit metrics history                  00:28 +440 -52: C:/Users/Thibaut/Desktop/PriorisProject/test/domain/services/cache/cache_monitoring_service_test.dart: CacheMonitoringService Monitoring should limit metrics history                  00:28 +441 -52: C:/Users/Thibaut/Desktop/PriorisProject/test/domain/services/cache/cache_monitoring_service_test.dart: CacheMonitoringService Monitoring should limit metrics history                  00:28 +441 -52: C:/Users/Thibaut/Desktop/PriorisProject/test/presentation/pages/lists/widgets/list_type_selector_test.dart: ListTypeSelector gère la sélection multiple                                
══╡ EXCEPTION CAUGHT BY FLUTTER TEST FRAMEWORK ╞════════════════════════════════════════════════════
The following assertion was thrown running a test:
The finder "Found 0 widgets with text "TRAVEL": []" (used in a call to "tap()") could not find any
matching widgets.

When the exception was thrown, this was the stack:
#0      WidgetController._getElementPoint (package:flutter_test/src/controller.dart:2009:7)
#1      WidgetController.getCenter (package:flutter_test/src/controller.dart:1861:12)
#2      WidgetController.tap (package:flutter_test/src/controller.dart:1041:7)
#3      main.<anonymous closure>.<anonymous closure> (file:///C:/Users/Thibaut/Desktop/PriorisProject/test/presentation/pages/lists/widgets/list_type_selector_test.dart:146:20)
<asynchronous suspension>
#4      testWidgets.<anonymous closure>.<anonymous closure> (package:flutter_test/src/widget_tester.dart:193:15)
<asynchronous suspension>
#5      TestWidgetsFlutterBinding._runTestBody (package:flutter_test/src/binding.dart:1064:5)
<asynchronous suspension>
<asynchronous suspension>
(elided one frame from package:stack_trace)

The test description was:
  gère la sélection multiple
════════════════════════════════════════════════════════════════════════════════════════════════════
00:28 +441 -53: C:/Users/Thibaut/Desktop/PriorisProject/test/presentation/pages/lists/widgets/list_type_selector_test.dart: ListTypeSelector gère la sélection multiple [E]                            
  Test failed. See exception logs above.
  The test description was: gère la sélection multiple
  

To run this test again: C:\flutter\bin\cache\dart-sdk\bin\dart.exe test C:/Users/Thibaut/Desktop/PriorisProject/test/presentation/pages/lists/widgets/list_type_selector_test.dart -p vm --plain-name "ListTypeSelector gère la sélection multiple"
00:28 +441 -53: C:/Users/Thibaut/Desktop/PriorisProject/test/presentation/pages/lists/widgets/list_type_selector_test.dart: ListTypeSelector affiche le type sélectionné avec un style différent       
══╡ EXCEPTION CAUGHT BY FLUTTER TEST FRAMEWORK ╞════════════════════════════════════════════════════
The following TestFailure was thrown running a test:
Expected: exactly one matching candidate
  Actual: _AncestorWidgetFinder:<Found 0 widgets with type "AnimatedContainer" that are ancestors of
widgets with text "BOOKS": []>
   Which: means none were found but one was expected

When the exception was thrown, this was the stack:
#4      main.<anonymous closure>.<anonymous closure> (file:///C:/Users/Thibaut/Desktop/PriorisProject/test/presentation/pages/lists/widgets/list_type_selector_test.dart:169:7)
<asynchronous suspension>
#5      testWidgets.<anonymous closure>.<anonymous closure> (package:flutter_test/src/widget_tester.dart:193:15)
<asynchronous suspension>
#6      TestWidgetsFlutterBinding._runTestBody (package:flutter_test/src/binding.dart:1064:5)
<asynchronous suspension>
<asynchronous suspension>
(elided one frame from package:stack_trace)

This was caught by the test expectation on the following line:
  file:///C:/Users/Thibaut/Desktop/PriorisProject/test/presentation/pages/lists/widgets/list_type_selector_test.dart line 169
The test description was:
  affiche le type sélectionné avec un style différent
════════════════════════════════════════════════════════════════════════════════════════════════════
00:28 +441 -54: C:/Users/Thibaut/Desktop/PriorisProject/test/presentation/pages/lists/widgets/list_type_selector_test.dart: ListTypeSelector affiche le type sélectionné avec un style différent [E]   
  Test failed. See exception logs above.
  The test description was: affiche le type sélectionné avec un style différent
  

To run this test again: C:\flutter\bin\cache\dart-sdk\bin\dart.exe test C:/Users/Thibaut/Desktop/PriorisProject/test/presentation/pages/lists/widgets/list_type_selector_test.dart -p vm --plain-name "ListTypeSelector affiche le type sélectionné avec un style différent"
00:29 +441 -54: C:/Users/Thibaut/Desktop/PriorisProject/test/presentation/pages/list_detail_page_test.dart: ListDetailPage displays list information correctly                                         
══╡ EXCEPTION CAUGHT BY RENDERING LIBRARY ╞═════════════════════════════════════════════════════════
The following assertion was thrown during layout:
A RenderFlex overflowed by 21 pixels on the bottom.

The relevant error-causing widget was:
  Column
  Column:file:///C:/Users/Thibaut/Desktop/PriorisProject/lib/presentation/pages/lists/widgets/list_item_card.dart:175:12

The overflowing RenderFlex has an orientation of Axis.vertical.
The edge of the RenderFlex that is overflowing has been marked in the rendering with a yellow and
black striped pattern. This is usually caused by the contents being too big for the RenderFlex.
Consider applying a flex factor (e.g. using an Expanded widget) to force the children of the
RenderFlex to fit within the available space instead of being sized to their natural size.
This is considered an error condition because it indicates that there is content that cannot be
seen. If the content is legitimately bigger than the available space, consider clipping it with a
ClipRect widget before putting it in the flex, or using a scrollable container rather than a Flex,
like a ListView.
The specific RenderFlex in question is: RenderFlex#eb9fe relayoutBoundary=up21 OVERFLOWING:
  creator: Column ← DefaultTextStyle ← AnimatedDefaultTextStyle ← _ListTile ← IconButtonTheme ←
    IconTheme ← Builder ← MediaQuery ← Padding ← SafeArea ← Builder ← Padding-[GlobalKey#c51f8] ← ⋯
  parentData: offset=Offset(632.0, 8.0) (can use size)
  constraints: BoxConstraints(0.0<=w<=728.0, 0.0<=h<=56.0)
  size: Size(96.0, 56.0)
  direction: vertical
  mainAxisAlignment: start
  mainAxisSize: min
  crossAxisAlignment: end
  textDirection: ltr
  verticalDirection: down
  spacing: 0.0
◢◤◢◤◢◤◢◤◢◤◢◤◢◤◢◤◢◤◢◤◢◤◢◤◢◤◢◤◢◤◢◤◢◤◢◤◢◤◢◤◢◤◢◤◢◤◢◤◢◤◢◤◢◤◢◤◢◤◢◤◢◤◢◤◢◤◢◤◢◤◢◤◢◤◢◤◢◤◢◤◢◤◢◤◢◤◢◤◢◤◢◤◢◤◢◤◢◤◢◤
════════════════════════════════════════════════════════════════════════════════════════════════════
══╡ EXCEPTION CAUGHT BY RENDERING LIBRARY ╞═════════════════════════════════════════════════════════
The following assertion was thrown during layout:
A RenderFlex overflowed by 21 pixels on the bottom.

The relevant error-causing widget was:
  Column
  Column:file:///C:/Users/Thibaut/Desktop/PriorisProject/lib/presentation/pages/lists/widgets/list_item_card.dart:175:12

The overflowing RenderFlex has an orientation of Axis.vertical.
The edge of the RenderFlex that is overflowing has been marked in the rendering with a yellow and
black striped pattern. This is usually caused by the contents being too big for the RenderFlex.
Consider applying a flex factor (e.g. using an Expanded widget) to force the children of the
RenderFlex to fit within the available space instead of being sized to their natural size.
This is considered an error condition because it indicates that there is content that cannot be
seen. If the content is legitimately bigger than the available space, consider clipping it with a
ClipRect widget before putting it in the flex, or using a scrollable container rather than a Flex,
like a ListView.
The specific RenderFlex in question is: RenderFlex#64371 relayoutBoundary=up21 OVERFLOWING:
  creator: Column ← DefaultTextStyle ← AnimatedDefaultTextStyle ← _ListTile ← IconButtonTheme ←
    IconTheme ← Builder ← MediaQuery ← Padding ← SafeArea ← Builder ← Padding-[GlobalKey#d4b50] ← ⋯
  parentData: offset=Offset(632.0, 8.0) (can use size)
  constraints: BoxConstraints(0.0<=w<=728.0, 0.0<=h<=56.0)
  size: Size(96.0, 56.0)
  direction: vertical
  mainAxisAlignment: start
  mainAxisSize: min
  crossAxisAlignment: end
  textDirection: ltr
  verticalDirection: down
  spacing: 0.0
◢◤◢◤◢◤◢◤◢◤◢◤◢◤◢◤◢◤◢◤◢◤◢◤◢◤◢◤◢◤◢◤◢◤◢◤◢◤◢◤◢◤◢◤◢◤◢◤◢◤◢◤◢◤◢◤◢◤◢◤◢◤◢◤◢◤◢◤◢◤◢◤◢◤◢◤◢◤◢◤◢◤◢◤◢◤◢◤◢◤◢◤◢◤◢◤◢◤◢◤
════════════════════════════════════════════════════════════════════════════════════════════════════
══╡ EXCEPTION CAUGHT BY FLUTTER TEST FRAMEWORK ╞════════════════════════════════════════════════════
The following TestFailure was thrown running a test:
Expected: exactly one matching candidate
  Actual: _TextWidgetFinder:<Found 0 widgets with text "Test Description": []>
   Which: means none were found but one was expected

When the exception was thrown, this was the stack:
#4      main.<anonymous closure>.<anonymous closure> (file:///C:/Users/Thibaut/Desktop/PriorisProject/test/presentation/pages/list_detail_page_test.dart:55:9)
<asynchronous suspension>
#5      testWidgets.<anonymous closure>.<anonymous closure> (package:flutter_test/src/widget_tester.dart:193:15)
<asynchronous suspension>
#6      TestWidgetsFlutterBinding._runTestBody (package:flutter_test/src/binding.dart:1064:5)
<asynchronous suspension>
<asynchronous suspension>
(elided one frame from package:stack_trace)

This was caught by the test expectation on the following line:
  file:///C:/Users/Thibaut/Desktop/PriorisProject/test/presentation/pages/list_detail_page_test.dart line 55
The test description was:
  displays list information correctly
════════════════════════════════════════════════════════════════════════════════════════════════════
══╡ EXCEPTION CAUGHT BY FLUTTER TEST FRAMEWORK ╞════════════════════════════════════════════════════
The following message was thrown:
Multiple exceptions (3) were detected during the running of the current test, and at least one was
unexpected.
════════════════════════════════════════════════════════════════════════════════════════════════════
00:29 +441 -55: C:/Users/Thibaut/Desktop/PriorisProject/test/presentation/pages/list_detail_page_test.dart: ListDetailPage displays list information correctly [E]                                     
  Test failed. See exception logs above.
  The test description was: displays list information correctly
  

To run this test again: C:\flutter\bin\cache\dart-sdk\bin\dart.exe test C:/Users/Thibaut/Desktop/PriorisProject/test/presentation/pages/list_detail_page_test.dart -p vm --plain-name "ListDetailPage displays list information correctly"
00:29 +441 -55: C:/Users/Thibaut/Desktop/PriorisProject/test/presentation/pages/list_detail_page_test.dart: ListDetailPage shows items with ELO scores                                                 
══╡ EXCEPTION CAUGHT BY RENDERING LIBRARY ╞═════════════════════════════════════════════════════════
The following assertion was thrown during layout:
A RenderFlex overflowed by 21 pixels on the bottom.

The relevant error-causing widget was:
  Column
  Column:file:///C:/Users/Thibaut/Desktop/PriorisProject/lib/presentation/pages/lists/widgets/list_item_card.dart:175:12

The overflowing RenderFlex has an orientation of Axis.vertical.
The edge of the RenderFlex that is overflowing has been marked in the rendering with a yellow and
black striped pattern. This is usually caused by the contents being too big for the RenderFlex.
Consider applying a flex factor (e.g. using an Expanded widget) to force the children of the
RenderFlex to fit within the available space instead of being sized to their natural size.
This is considered an error condition because it indicates that there is content that cannot be
seen. If the content is legitimately bigger than the available space, consider clipping it with a
ClipRect widget before putting it in the flex, or using a scrollable container rather than a Flex,
like a ListView.
The specific RenderFlex in question is: RenderFlex#93ef4 relayoutBoundary=up21 OVERFLOWING:
  creator: Column ← DefaultTextStyle ← AnimatedDefaultTextStyle ← _ListTile ← IconButtonTheme ←
    IconTheme ← Builder ← MediaQuery ← Padding ← SafeArea ← Builder ← Padding-[GlobalKey#dbecd] ← ⋯
  parentData: offset=Offset(632.0, 8.0) (can use size)
  constraints: BoxConstraints(0.0<=w<=728.0, 0.0<=h<=56.0)
  size: Size(96.0, 56.0)
  direction: vertical
  mainAxisAlignment: start
  mainAxisSize: min
  crossAxisAlignment: end
  textDirection: ltr
  verticalDirection: down
  spacing: 0.0
◢◤◢◤◢◤◢◤◢◤◢◤◢◤◢◤◢◤◢◤◢◤◢◤◢◤◢◤◢◤◢◤◢◤◢◤◢◤◢◤◢◤◢◤◢◤◢◤◢◤◢◤◢◤◢◤◢◤◢◤◢◤◢◤◢◤◢◤◢◤◢◤◢◤◢◤◢◤◢◤◢◤◢◤◢◤◢◤◢◤◢◤◢◤◢◤◢◤◢◤
════════════════════════════════════════════════════════════════════════════════════════════════════
══╡ EXCEPTION CAUGHT BY RENDERING LIBRARY ╞═════════════════════════════════════════════════════════
The following assertion was thrown during layout:
A RenderFlex overflowed by 21 pixels on the bottom.

The relevant error-causing widget was:
  Column
  Column:file:///C:/Users/Thibaut/Desktop/PriorisProject/lib/presentation/pages/lists/widgets/list_item_card.dart:175:12

The overflowing RenderFlex has an orientation of Axis.vertical.
The edge of the RenderFlex that is overflowing has been marked in the rendering with a yellow and
black striped pattern. This is usually caused by the contents being too big for the RenderFlex.
Consider applying a flex factor (e.g. using an Expanded widget) to force the children of the
RenderFlex to fit within the available space instead of being sized to their natural size.
This is considered an error condition because it indicates that there is content that cannot be
seen. If the content is legitimately bigger than the available space, consider clipping it with a
ClipRect widget before putting it in the flex, or using a scrollable container rather than a Flex,
like a ListView.
The specific RenderFlex in question is: RenderFlex#5c921 relayoutBoundary=up21 OVERFLOWING:
  creator: Column ← DefaultTextStyle ← AnimatedDefaultTextStyle ← _ListTile ← IconButtonTheme ←
    IconTheme ← Builder ← MediaQuery ← Padding ← SafeArea ← Builder ← Padding-[GlobalKey#06848] ← ⋯
  parentData: offset=Offset(632.0, 8.0) (can use size)
  constraints: BoxConstraints(0.0<=w<=728.0, 0.0<=h<=56.0)
  size: Size(96.0, 56.0)
  direction: vertical
  mainAxisAlignment: start
  mainAxisSize: min
  crossAxisAlignment: end
  textDirection: ltr
  verticalDirection: down
  spacing: 0.0
◢◤◢◤◢◤◢◤◢◤◢◤◢◤◢◤◢◤◢◤◢◤◢◤◢◤◢◤◢◤◢◤◢◤◢◤◢◤◢◤◢◤◢◤◢◤◢◤◢◤◢◤◢◤◢◤◢◤◢◤◢◤◢◤◢◤◢◤◢◤◢◤◢◤◢◤◢◤◢◤◢◤◢◤◢◤◢◤◢◤◢◤◢◤◢◤◢◤◢◤
════════════════════════════════════════════════════════════════════════════════════════════════════
══╡ EXCEPTION CAUGHT BY FLUTTER TEST FRAMEWORK ╞════════════════════════════════════════════════════
The following message was thrown:
Multiple exceptions (2) were detected during the running of the current test, and at least one was
unexpected.
════════════════════════════════════════════════════════════════════════════════════════════════════
00:29 +441 -56: C:/Users/Thibaut/Desktop/PriorisProject/test/presentation/pages/list_detail_page_test.dart: ListDetailPage shows items with ELO scores [E]                                             
  Test failed. See exception logs above.
  The test description was: shows items with ELO scores
  
00:29 +441 -56: C:/Users/Thibaut/Desktop/PriorisProject/test/domain/services/cache/cache_monitoring_service_test.dart: CacheMonitoringService Monitoring should limit metrics history                  
To run this test again: C:\flutter\bin\cache\dart-sdk\bin\dart.exe test C:/Users/Thibaut/Desktop/PriorisProject/test/presentation/pages/list_detail_page_test.dart -p vm --plain-name "ListDetailPage shows items with ELO scores"
00:29 +441 -56: C:/Users/Thibaut/Desktop/PriorisProject/test/presentation/pages/list_detail_page_test.dart: ListDetailPage handles item completion toggle                                              
══╡ EXCEPTION CAUGHT BY RENDERING LIBRARY ╞═════════════════════════════════════════════════════════
The following assertion was thrown during layout:
A RenderFlex overflowed by 21 pixels on the bottom.

The relevant error-causing widget was:
  Column
  Column:file:///C:/Users/Thibaut/Desktop/PriorisProject/lib/presentation/pages/lists/widgets/list_item_card.dart:175:12

The overflowing RenderFlex has an orientation of Axis.vertical.
The edge of the RenderFlex that is overflowing has been marked in the rendering with a yellow and
black striped pattern. This is usually caused by the contents being too big for the RenderFlex.
Consider applying a flex factor (e.g. using an Expanded widget) to force the children of the
RenderFlex to fit within the available space instead of being sized to their natural size.
This is considered an error condition because it indicates that there is content that cannot be
seen. If the content is legitimately bigger than the available space, consider clipping it with a
ClipRect widget before putting it in the flex, or using a scrollable container rather than a Flex,
like a ListView.
The specific RenderFlex in question is: RenderFlex#7647e relayoutBoundary=up21 OVERFLOWING:
  creator: Column ← DefaultTextStyle ← AnimatedDefaultTextStyle ← _ListTile ← IconButtonTheme ←
    IconTheme ← Builder ← MediaQuery ← Padding ← SafeArea ← Builder ← Padding-[GlobalKey#6dfa6] ← ⋯
  parentData: offset=Offset(632.0, 8.0) (can use size)
  constraints: BoxConstraints(0.0<=w<=728.0, 0.0<=h<=56.0)
  size: Size(96.0, 56.0)
  direction: vertical
  mainAxisAlignment: start
  mainAxisSize: min
  crossAxisAlignment: end
  textDirection: ltr
  verticalDirection: down
  spacing: 0.0
◢◤◢◤◢◤◢◤◢◤◢◤◢◤◢◤◢◤◢◤◢◤◢◤◢◤◢◤◢◤◢◤◢◤◢◤◢◤◢◤◢◤◢◤◢◤◢◤◢◤◢◤◢◤◢◤◢◤◢◤◢◤◢◤◢◤◢◤◢◤◢◤◢◤◢◤◢◤◢◤◢◤◢◤◢◤◢◤◢◤◢◤◢◤◢◤◢◤◢◤
════════════════════════════════════════════════════════════════════════════════════════════════════
══╡ EXCEPTION CAUGHT BY RENDERING LIBRARY ╞═════════════════════════════════════════════════════════
The following assertion was thrown during layout:
A RenderFlex overflowed by 21 pixels on the bottom.

The relevant error-causing widget was:
  Column
  Column:file:///C:/Users/Thibaut/Desktop/PriorisProject/lib/presentation/pages/lists/widgets/list_item_card.dart:175:12

The overflowing RenderFlex has an orientation of Axis.vertical.
The edge of the RenderFlex that is overflowing has been marked in the rendering with a yellow and
black striped pattern. This is usually caused by the contents being too big for the RenderFlex.
Consider applying a flex factor (e.g. using an Expanded widget) to force the children of the
RenderFlex to fit within the available space instead of being sized to their natural size.
This is considered an error condition because it indicates that there is content that cannot be
seen. If the content is legitimately bigger than the available space, consider clipping it with a
ClipRect widget before putting it in the flex, or using a scrollable container rather than a Flex,
like a ListView.
The specific RenderFlex in question is: RenderFlex#355ec relayoutBoundary=up21 OVERFLOWING:
  creator: Column ← DefaultTextStyle ← AnimatedDefaultTextStyle ← _ListTile ← IconButtonTheme ←
    IconTheme ← Builder ← MediaQuery ← Padding ← SafeArea ← Builder ← Padding-[GlobalKey#86525] ← ⋯
  parentData: offset=Offset(632.0, 8.0) (can use size)
  constraints: BoxConstraints(0.0<=w<=728.0, 0.0<=h<=56.0)
  size: Size(96.0, 56.0)
  direction: vertical
  mainAxisAlignment: start
  mainAxisSize: min
  crossAxisAlignment: end
  textDirection: ltr
  verticalDirection: down
  spacing: 0.0
◢◤◢◤◢◤◢◤◢◤◢◤◢◤◢◤◢◤◢◤◢◤◢◤◢◤◢◤◢◤◢◤◢◤◢◤◢◤◢◤◢◤◢◤◢◤◢◤◢◤◢◤◢◤◢◤◢◤◢◤◢◤◢◤◢◤◢◤◢◤◢◤◢◤◢◤◢◤◢◤◢◤◢◤◢◤◢◤◢◤◢◤◢◤◢◤◢◤◢◤
════════════════════════════════════════════════════════════════════════════════════════════════════
══╡ EXCEPTION CAUGHT BY FLUTTER TEST FRAMEWORK ╞════════════════════════════════════════════════════
The following message was thrown:
Multiple exceptions (2) were detected during the running of the current test, and at least one was
unexpected.
════════════════════════════════════════════════════════════════════════════════════════════════════
00:29 +441 -57: C:/Users/Thibaut/Desktop/PriorisProject/test/presentation/pages/list_detail_page_test.dart: ListDetailPage handles item completion toggle [E]                                          
  Test failed. See exception logs above.
  The test description was: handles item completion toggle
  

To run this test again: C:\flutter\bin\cache\dart-sdk\bin\dart.exe test C:/Users/Thibaut/Desktop/PriorisProject/test/presentation/pages/list_detail_page_test.dart -p vm --plain-name "ListDetailPage handles item completion toggle"
00:29 +441 -57: C:/Users/Thibaut/Desktop/PriorisProject/test/presentation/pages/list_detail_page_test.dart: ListDetailPage ELO system integration displays items sorted by ELO score                   
══╡ EXCEPTION CAUGHT BY RENDERING LIBRARY ╞═════════════════════════════════════════════════════════
The following assertion was thrown during layout:
A RenderFlex overflowed by 21 pixels on the bottom.

The relevant error-causing widget was:
  Column
  Column:file:///C:/Users/Thibaut/Desktop/PriorisProject/lib/presentation/pages/lists/widgets/list_item_card.dart:175:12

The overflowing RenderFlex has an orientation of Axis.vertical.
The edge of the RenderFlex that is overflowing has been marked in the rendering with a yellow and
black striped pattern. This is usually caused by the contents being too big for the RenderFlex.
Consider applying a flex factor (e.g. using an Expanded widget) to force the children of the
RenderFlex to fit within the available space instead of being sized to their natural size.
This is considered an error condition because it indicates that there is content that cannot be
seen. If the content is legitimately bigger than the available space, consider clipping it with a
ClipRect widget before putting it in the flex, or using a scrollable container rather than a Flex,
like a ListView.
The specific RenderFlex in question is: RenderFlex#d4e26 relayoutBoundary=up21 OVERFLOWING:
  creator: Column ← DefaultTextStyle ← AnimatedDefaultTextStyle ← _ListTile ← IconButtonTheme ←
    IconTheme ← Builder ← MediaQuery ← Padding ← SafeArea ← Builder ← Padding-[GlobalKey#0fd8f] ← ⋯
  parentData: offset=Offset(632.0, 0.0) (can use size)
  constraints: BoxConstraints(0.0<=w<=728.0, 0.0<=h<=56.0)
  size: Size(96.0, 56.0)
  direction: vertical
  mainAxisAlignment: start
  mainAxisSize: min
  crossAxisAlignment: end
  textDirection: ltr
  verticalDirection: down
  spacing: 0.0
◢◤◢◤◢◤◢◤◢◤◢◤◢◤◢◤◢◤◢◤◢◤◢◤◢◤◢◤◢◤◢◤◢◤◢◤◢◤◢◤◢◤◢◤◢◤◢◤◢◤◢◤◢◤◢◤◢◤◢◤◢◤◢◤◢◤◢◤◢◤◢◤◢◤◢◤◢◤◢◤◢◤◢◤◢◤◢◤◢◤◢◤◢◤◢◤◢◤◢◤
════════════════════════════════════════════════════════════════════════════════════════════════════
══╡ EXCEPTION CAUGHT BY RENDERING LIBRARY ╞═════════════════════════════════════════════════════════
The following assertion was thrown during layout:
A RenderFlex overflowed by 21 pixels on the bottom.

The relevant error-causing widget was:
  Column
  Column:file:///C:/Users/Thibaut/Desktop/PriorisProject/lib/presentation/pages/lists/widgets/list_item_card.dart:175:12

The overflowing RenderFlex has an orientation of Axis.vertical.
The edge of the RenderFlex that is overflowing has been marked in the rendering with a yellow and
black striped pattern. This is usually caused by the contents being too big for the RenderFlex.
Consider applying a flex factor (e.g. using an Expanded widget) to force the children of the
RenderFlex to fit within the available space instead of being sized to their natural size.
This is considered an error condition because it indicates that there is content that cannot be
seen. If the content is legitimately bigger than the available space, consider clipping it with a
ClipRect widget before putting it in the flex, or using a scrollable container rather than a Flex,
like a ListView.
The specific RenderFlex in question is: RenderFlex#e60bc relayoutBoundary=up21 OVERFLOWING:
  creator: Column ← DefaultTextStyle ← AnimatedDefaultTextStyle ← _ListTile ← IconButtonTheme ←
    IconTheme ← Builder ← MediaQuery ← Padding ← SafeArea ← Builder ← Padding-[GlobalKey#6bb2d] ← ⋯
  parentData: offset=Offset(632.0, 0.0) (can use size)
  constraints: BoxConstraints(0.0<=w<=728.0, 0.0<=h<=56.0)
  size: Size(96.0, 56.0)
  direction: vertical
  mainAxisAlignment: start
  mainAxisSize: min
  crossAxisAlignment: end
  textDirection: ltr
  verticalDirection: down
  spacing: 0.0
◢◤◢◤◢◤◢◤◢◤◢◤◢◤◢◤◢◤◢◤◢◤◢◤◢◤◢◤◢◤◢◤◢◤◢◤◢◤◢◤◢◤◢◤◢◤◢◤◢◤◢◤◢◤◢◤◢◤◢◤◢◤◢◤◢◤◢◤◢◤◢◤◢◤◢◤◢◤◢◤◢◤◢◤◢◤◢◤◢◤◢◤◢◤◢◤◢◤◢◤
════════════════════════════════════════════════════════════════════════════════════════════════════
══╡ EXCEPTION CAUGHT BY RENDERING LIBRARY ╞═════════════════════════════════════════════════════════
The following assertion was thrown during layout:
A RenderFlex overflowed by 21 pixels on the bottom.

The relevant error-causing widget was:
  Column
  Column:file:///C:/Users/Thibaut/Desktop/PriorisProject/lib/presentation/pages/lists/widgets/list_item_card.dart:175:12

The overflowing RenderFlex has an orientation of Axis.vertical.
The edge of the RenderFlex that is overflowing has been marked in the rendering with a yellow and
black striped pattern. This is usually caused by the contents being too big for the RenderFlex.
Consider applying a flex factor (e.g. using an Expanded widget) to force the children of the
RenderFlex to fit within the available space instead of being sized to their natural size.
This is considered an error condition because it indicates that there is content that cannot be
seen. If the content is legitimately bigger than the available space, consider clipping it with a
ClipRect widget before putting it in the flex, or using a scrollable container rather than a Flex,
like a ListView.
The specific RenderFlex in question is: RenderFlex#409ad relayoutBoundary=up21 OVERFLOWING:
  creator: Column ← DefaultTextStyle ← AnimatedDefaultTextStyle ← _ListTile ← IconButtonTheme ←
    IconTheme ← Builder ← MediaQuery ← Padding ← SafeArea ← Builder ← Padding-[GlobalKey#fbbc1] ← ⋯
  parentData: offset=Offset(632.0, 0.0) (can use size)
  constraints: BoxConstraints(0.0<=w<=728.0, 0.0<=h<=56.0)
  size: Size(96.0, 56.0)
  direction: vertical
  mainAxisAlignment: start
  mainAxisSize: min
  crossAxisAlignment: end
  textDirection: ltr
  verticalDirection: down
  spacing: 0.0
◢◤◢◤◢◤◢◤◢◤◢◤◢◤◢◤◢◤◢◤◢◤◢◤◢◤◢◤◢◤◢◤◢◤◢◤◢◤◢◤◢◤◢◤◢◤◢◤◢◤◢◤◢◤◢◤◢◤◢◤◢◤◢◤◢◤◢◤◢◤◢◤◢◤◢◤◢◤◢◤◢◤◢◤◢◤◢◤◢◤◢◤◢◤◢◤◢◤◢◤
════════════════════════════════════════════════════════════════════════════════════════════════════
══╡ EXCEPTION CAUGHT BY FLUTTER TEST FRAMEWORK ╞════════════════════════════════════════════════════
The following message was thrown:
Multiple exceptions (3) were detected during the running of the current test, and at least one was
unexpected.
════════════════════════════════════════════════════════════════════════════════════════════════════
00:29 +441 -58: C:/Users/Thibaut/Desktop/PriorisProject/test/presentation/pages/list_detail_page_test.dart: ListDetailPage ELO system integration displays items sorted by ELO score [E]               
  Test failed. See exception logs above.
  The test description was: displays items sorted by ELO score
  

To run this test again: C:\flutter\bin\cache\dart-sdk\bin\dart.exe test C:/Users/Thibaut/Desktop/PriorisProject/test/presentation/pages/list_detail_page_test.dart -p vm --plain-name "ListDetailPage ELO system integration displays items sorted by ELO score"
00:29 +441 -58: C:/Users/Thibaut/Desktop/PriorisProject/test/presentation/pages/list_detail_page_test.dart: ListDetailPage Item actions supports adding new items                                      
══╡ EXCEPTION CAUGHT BY RENDERING LIBRARY ╞═════════════════════════════════════════════════════════
The following assertion was thrown during layout:
A RenderFlex overflowed by 21 pixels on the bottom.

The relevant error-causing widget was:
  Column
  Column:file:///C:/Users/Thibaut/Desktop/PriorisProject/lib/presentation/pages/lists/widgets/list_item_card.dart:175:12

The overflowing RenderFlex has an orientation of Axis.vertical.
The edge of the RenderFlex that is overflowing has been marked in the rendering with a yellow and
black striped pattern. This is usually caused by the contents being too big for the RenderFlex.
Consider applying a flex factor (e.g. using an Expanded widget) to force the children of the
RenderFlex to fit within the available space instead of being sized to their natural size.
This is considered an error condition because it indicates that there is content that cannot be
seen. If the content is legitimately bigger than the available space, consider clipping it with a
ClipRect widget before putting it in the flex, or using a scrollable container rather than a Flex,
like a ListView.
The specific RenderFlex in question is: RenderFlex#a67e3 relayoutBoundary=up21 OVERFLOWING:
  creator: Column ← DefaultTextStyle ← AnimatedDefaultTextStyle ← _ListTile ← IconButtonTheme ←
    IconTheme ← Builder ← MediaQuery ← Padding ← SafeArea ← Builder ← Padding-[GlobalKey#29bd9] ← ⋯
  parentData: offset=Offset(632.0, 8.0) (can use size)
  constraints: BoxConstraints(0.0<=w<=728.0, 0.0<=h<=56.0)
  size: Size(96.0, 56.0)
  direction: vertical
  mainAxisAlignment: start
  mainAxisSize: min
  crossAxisAlignment: end
  textDirection: ltr
  verticalDirection: down
  spacing: 0.0
◢◤◢◤◢◤◢◤◢◤◢◤◢◤◢◤◢◤◢◤◢◤◢◤◢◤◢◤◢◤◢◤◢◤◢◤◢◤◢◤◢◤◢◤◢◤◢◤◢◤◢◤◢◤◢◤◢◤◢◤◢◤◢◤◢◤◢◤◢◤◢◤◢◤◢◤◢◤◢◤◢◤◢◤◢◤◢◤◢◤◢◤◢◤◢◤◢◤◢◤
════════════════════════════════════════════════════════════════════════════════════════════════════
══╡ EXCEPTION CAUGHT BY RENDERING LIBRARY ╞═════════════════════════════════════════════════════════
The following assertion was thrown during layout:
A RenderFlex overflowed by 21 pixels on the bottom.

The relevant error-causing widget was:
  Column
  Column:file:///C:/Users/Thibaut/Desktop/PriorisProject/lib/presentation/pages/lists/widgets/list_item_card.dart:175:12

The overflowing RenderFlex has an orientation of Axis.vertical.
The edge of the RenderFlex that is overflowing has been marked in the rendering with a yellow and
black striped pattern. This is usually caused by the contents being too big for the RenderFlex.
Consider applying a flex factor (e.g. using an Expanded widget) to force the children of the
RenderFlex to fit within the available space instead of being sized to their natural size.
This is considered an error condition because it indicates that there is content that cannot be
seen. If the content is legitimately bigger than the available space, consider clipping it with a
ClipRect widget before putting it in the flex, or using a scrollable container rather than a Flex,
like a ListView.
The specific RenderFlex in question is: RenderFlex#ae611 relayoutBoundary=up21 OVERFLOWING:
  creator: Column ← DefaultTextStyle ← AnimatedDefaultTextStyle ← _ListTile ← IconButtonTheme ←
    IconTheme ← Builder ← MediaQuery ← Padding ← SafeArea ← Builder ← Padding-[GlobalKey#33f0b] ← ⋯
  parentData: offset=Offset(632.0, 8.0) (can use size)
  constraints: BoxConstraints(0.0<=w<=728.0, 0.0<=h<=56.0)
  size: Size(96.0, 56.0)
  direction: vertical
  mainAxisAlignment: start
  mainAxisSize: min
  crossAxisAlignment: end
  textDirection: ltr
  verticalDirection: down
  spacing: 0.0
◢◤◢◤◢◤◢◤◢◤◢◤◢◤◢◤◢◤◢◤◢◤◢◤◢◤◢◤◢◤◢◤◢◤◢◤◢◤◢◤◢◤◢◤◢◤◢◤◢◤◢◤◢◤◢◤◢◤◢◤◢◤◢◤◢◤◢◤◢◤◢◤◢◤◢◤◢◤◢◤◢◤◢◤◢◤◢◤◢◤◢◤◢◤◢◤◢◤◢◤
════════════════════════════════════════════════════════════════════════════════════════════════════
══╡ EXCEPTION CAUGHT BY FLUTTER TEST FRAMEWORK ╞════════════════════════════════════════════════════
The following message was thrown:
Multiple exceptions (2) were detected during the running of the current test, and at least one was
unexpected.
════════════════════════════════════════════════════════════════════════════════════════════════════
00:29 +441 -59: C:/Users/Thibaut/Desktop/PriorisProject/test/presentation/pages/list_detail_page_test.dart: ListDetailPage Item actions supports adding new items [E]                                  
  Test failed. See exception logs above.
  The test description was: supports adding new items
  

To run this test again: C:\flutter\bin\cache\dart-sdk\bin\dart.exe test C:/Users/Thibaut/Desktop/PriorisProject/test/presentation/pages/list_detail_page_test.dart -p vm --plain-name "ListDetailPage Item actions supports adding new items"
00:29 +441 -59: C:/Users/Thibaut/Desktop/PriorisProject/test/presentation/pages/list_detail_page_test.dart: ListDetailPage Item actions supports editing items                                         
══╡ EXCEPTION CAUGHT BY RENDERING LIBRARY ╞═════════════════════════════════════════════════════════
The following assertion was thrown during layout:
A RenderFlex overflowed by 21 pixels on the bottom.

The relevant error-causing widget was:
  Column
  Column:file:///C:/Users/Thibaut/Desktop/PriorisProject/lib/presentation/pages/lists/widgets/list_item_card.dart:175:12

The overflowing RenderFlex has an orientation of Axis.vertical.
The edge of the RenderFlex that is overflowing has been marked in the rendering with a yellow and
black striped pattern. This is usually caused by the contents being too big for the RenderFlex.
Consider applying a flex factor (e.g. using an Expanded widget) to force the children of the
RenderFlex to fit within the available space instead of being sized to their natural size.
This is considered an error condition because it indicates that there is content that cannot be
seen. If the content is legitimately bigger than the available space, consider clipping it with a
ClipRect widget before putting it in the flex, or using a scrollable container rather than a Flex,
like a ListView.
The specific RenderFlex in question is: RenderFlex#54de4 relayoutBoundary=up21 OVERFLOWING:
  creator: Column ← DefaultTextStyle ← AnimatedDefaultTextStyle ← _ListTile ← IconButtonTheme ←
    IconTheme ← Builder ← MediaQuery ← Padding ← SafeArea ← Builder ← Padding-[GlobalKey#adb1f] ← ⋯
  parentData: offset=Offset(632.0, 8.0) (can use size)
  constraints: BoxConstraints(0.0<=w<=728.0, 0.0<=h<=56.0)
  size: Size(96.0, 56.0)
  direction: vertical
  mainAxisAlignment: start
  mainAxisSize: min
  crossAxisAlignment: end
  textDirection: ltr
  verticalDirection: down
  spacing: 0.0
◢◤◢◤◢◤◢◤◢◤◢◤◢◤◢◤◢◤◢◤◢◤◢◤◢◤◢◤◢◤◢◤◢◤◢◤◢◤◢◤◢◤◢◤◢◤◢◤◢◤◢◤◢◤◢◤◢◤◢◤◢◤◢◤◢◤◢◤◢◤◢◤◢◤◢◤◢◤◢◤◢◤◢◤◢◤◢◤◢◤◢◤◢◤◢◤◢◤◢◤
════════════════════════════════════════════════════════════════════════════════════════════════════
══╡ EXCEPTION CAUGHT BY RENDERING LIBRARY ╞═════════════════════════════════════════════════════════
The following assertion was thrown during layout:
A RenderFlex overflowed by 21 pixels on the bottom.

The relevant error-causing widget was:
  Column
  Column:file:///C:/Users/Thibaut/Desktop/PriorisProject/lib/presentation/pages/lists/widgets/list_item_card.dart:175:12

The overflowing RenderFlex has an orientation of Axis.vertical.
The edge of the RenderFlex that is overflowing has been marked in the rendering with a yellow and
black striped pattern. This is usually caused by the contents being too big for the RenderFlex.
Consider applying a flex factor (e.g. using an Expanded widget) to force the children of the
RenderFlex to fit within the available space instead of being sized to their natural size.
This is considered an error condition because it indicates that there is content that cannot be
seen. If the content is legitimately bigger than the available space, consider clipping it with a
ClipRect widget before putting it in the flex, or using a scrollable container rather than a Flex,
like a ListView.
The specific RenderFlex in question is: RenderFlex#53e0d relayoutBoundary=up21 OVERFLOWING:
  creator: Column ← DefaultTextStyle ← AnimatedDefaultTextStyle ← _ListTile ← IconButtonTheme ←
    IconTheme ← Builder ← MediaQuery ← Padding ← SafeArea ← Builder ← Padding-[GlobalKey#c7be6] ← ⋯
  parentData: offset=Offset(632.0, 8.0) (can use size)
  constraints: BoxConstraints(0.0<=w<=728.0, 0.0<=h<=56.0)
  size: Size(96.0, 56.0)
  direction: vertical
  mainAxisAlignment: start
  mainAxisSize: min
  crossAxisAlignment: end
  textDirection: ltr
  verticalDirection: down
  spacing: 0.0
◢◤◢◤◢◤◢◤◢◤◢◤◢◤◢◤◢◤◢◤◢◤◢◤◢◤◢◤◢◤◢◤◢◤◢◤◢◤◢◤◢◤◢◤◢◤◢◤◢◤◢◤◢◤◢◤◢◤◢◤◢◤◢◤◢◤◢◤◢◤◢◤◢◤◢◤◢◤◢◤◢◤◢◤◢◤◢◤◢◤◢◤◢◤◢◤◢◤◢◤
════════════════════════════════════════════════════════════════════════════════════════════════════
══╡ EXCEPTION CAUGHT BY FLUTTER TEST FRAMEWORK ╞════════════════════════════════════════════════════
The following message was thrown:
Multiple exceptions (2) were detected during the running of the current test, and at least one was
unexpected.
════════════════════════════════════════════════════════════════════════════════════════════════════
00:29 +441 -60: C:/Users/Thibaut/Desktop/PriorisProject/test/presentation/pages/list_detail_page_test.dart: ListDetailPage Item actions supports editing items [E]                                     
  Test failed. See exception logs above.
  The test description was: supports editing items
  

To run this test again: C:\flutter\bin\cache\dart-sdk\bin\dart.exe test C:/Users/Thibaut/Desktop/PriorisProject/test/presentation/pages/list_detail_page_test.dart -p vm --plain-name "ListDetailPage Item actions supports editing items"
00:29 +441 -60: C:/Users/Thibaut/Desktop/PriorisProject/test/presentation/pages/list_detail_page_test.dart: ListDetailPage Item actions supports deleting items                                        
══╡ EXCEPTION CAUGHT BY RENDERING LIBRARY ╞═════════════════════════════════════════════════════════
The following assertion was thrown during layout:
A RenderFlex overflowed by 21 pixels on the bottom.

The relevant error-causing widget was:
  Column
  Column:file:///C:/Users/Thibaut/Desktop/PriorisProject/lib/presentation/pages/lists/widgets/list_item_card.dart:175:12

The overflowing RenderFlex has an orientation of Axis.vertical.
The edge of the RenderFlex that is overflowing has been marked in the rendering with a yellow and
black striped pattern. This is usually caused by the contents being too big for the RenderFlex.
Consider applying a flex factor (e.g. using an Expanded widget) to force the children of the
RenderFlex to fit within the available space instead of being sized to their natural size.
This is considered an error condition because it indicates that there is content that cannot be
seen. If the content is legitimately bigger than the available space, consider clipping it with a
ClipRect widget before putting it in the flex, or using a scrollable container rather than a Flex,
like a ListView.
The specific RenderFlex in question is: RenderFlex#516c4 relayoutBoundary=up21 OVERFLOWING:
  creator: Column ← DefaultTextStyle ← AnimatedDefaultTextStyle ← _ListTile ← IconButtonTheme ←
    IconTheme ← Builder ← MediaQuery ← Padding ← SafeArea ← Builder ← Padding-[GlobalKey#ff4a8] ← ⋯
  parentData: offset=Offset(632.0, 8.0) (can use size)
  constraints: BoxConstraints(0.0<=w<=728.0, 0.0<=h<=56.0)
  size: Size(96.0, 56.0)
  direction: vertical
  mainAxisAlignment: start
  mainAxisSize: min
  crossAxisAlignment: end
  textDirection: ltr
  verticalDirection: down
  spacing: 0.0
◢◤◢◤◢◤◢◤◢◤◢◤◢◤◢◤◢◤◢◤◢◤◢◤◢◤◢◤◢◤◢◤◢◤◢◤◢◤◢◤◢◤◢◤◢◤◢◤◢◤◢◤◢◤◢◤◢◤◢◤◢◤◢◤◢◤◢◤◢◤◢◤◢◤◢◤◢◤◢◤◢◤◢◤◢◤◢◤◢◤◢◤◢◤◢◤◢◤◢◤
════════════════════════════════════════════════════════════════════════════════════════════════════
══╡ EXCEPTION CAUGHT BY RENDERING LIBRARY ╞═════════════════════════════════════════════════════════
The following assertion was thrown during layout:
A RenderFlex overflowed by 21 pixels on the bottom.

The relevant error-causing widget was:
  Column
  Column:file:///C:/Users/Thibaut/Desktop/PriorisProject/lib/presentation/pages/lists/widgets/list_item_card.dart:175:12

The overflowing RenderFlex has an orientation of Axis.vertical.
The edge of the RenderFlex that is overflowing has been marked in the rendering with a yellow and
black striped pattern. This is usually caused by the contents being too big for the RenderFlex.
Consider applying a flex factor (e.g. using an Expanded widget) to force the children of the
RenderFlex to fit within the available space instead of being sized to their natural size.
This is considered an error condition because it indicates that there is content that cannot be
seen. If the content is legitimately bigger than the available space, consider clipping it with a
ClipRect widget before putting it in the flex, or using a scrollable container rather than a Flex,
like a ListView.
The specific RenderFlex in question is: RenderFlex#c5fee relayoutBoundary=up21 OVERFLOWING:
  creator: Column ← DefaultTextStyle ← AnimatedDefaultTextStyle ← _ListTile ← IconButtonTheme ←
    IconTheme ← Builder ← MediaQuery ← Padding ← SafeArea ← Builder ← Padding-[GlobalKey#860f9] ← ⋯
  parentData: offset=Offset(632.0, 8.0) (can use size)
  constraints: BoxConstraints(0.0<=w<=728.0, 0.0<=h<=56.0)
  size: Size(96.0, 56.0)
  direction: vertical
  mainAxisAlignment: start
  mainAxisSize: min
  crossAxisAlignment: end
  textDirection: ltr
  verticalDirection: down
  spacing: 0.0
◢◤◢◤◢◤◢◤◢◤◢◤◢◤◢◤◢◤◢◤◢◤◢◤◢◤◢◤◢◤◢◤◢◤◢◤◢◤◢◤◢◤◢◤◢◤◢◤◢◤◢◤◢◤◢◤◢◤◢◤◢◤◢◤◢◤◢◤◢◤◢◤◢◤◢◤◢◤◢◤◢◤◢◤◢◤◢◤◢◤◢◤◢◤◢◤◢◤◢◤
════════════════════════════════════════════════════════════════════════════════════════════════════
══╡ EXCEPTION CAUGHT BY FLUTTER TEST FRAMEWORK ╞════════════════════════════════════════════════════
The following message was thrown:
Multiple exceptions (2) were detected during the running of the current test, and at least one was
unexpected.
════════════════════════════════════════════════════════════════════════════════════════════════════
00:29 +441 -61: C:/Users/Thibaut/Desktop/PriorisProject/test/presentation/pages/list_detail_page_test.dart: ListDetailPage Item actions supports deleting items [E]                                    
  Test failed. See exception logs above.
  The test description was: supports deleting items
  

To run this test again: C:\flutter\bin\cache\dart-sdk\bin\dart.exe test C:/Users/Thibaut/Desktop/PriorisProject/test/presentation/pages/list_detail_page_test.dart -p vm --plain-name "ListDetailPage Item actions supports deleting items"
00:29 +441 -61: C:/Users/Thibaut/Desktop/PriorisProject/test/presentation/pages/list_detail_page_test.dart: ListDetailPage Progress tracking shows completion progress correctly                       
══╡ EXCEPTION CAUGHT BY RENDERING LIBRARY ╞═════════════════════════════════════════════════════════
The following assertion was thrown during layout:
A RenderFlex overflowed by 21 pixels on the bottom.

The relevant error-causing widget was:
  Column
  Column:file:///C:/Users/Thibaut/Desktop/PriorisProject/lib/presentation/pages/lists/widgets/list_item_card.dart:175:12

The overflowing RenderFlex has an orientation of Axis.vertical.
The edge of the RenderFlex that is overflowing has been marked in the rendering with a yellow and
black striped pattern. This is usually caused by the contents being too big for the RenderFlex.
Consider applying a flex factor (e.g. using an Expanded widget) to force the children of the
RenderFlex to fit within the available space instead of being sized to their natural size.
This is considered an error condition because it indicates that there is content that cannot be
seen. If the content is legitimately bigger than the available space, consider clipping it with a
ClipRect widget before putting it in the flex, or using a scrollable container rather than a Flex,
like a ListView.
The specific RenderFlex in question is: RenderFlex#50888 relayoutBoundary=up21 OVERFLOWING:
  creator: Column ← DefaultTextStyle ← AnimatedDefaultTextStyle ← _ListTile ← IconButtonTheme ←
    IconTheme ← Builder ← MediaQuery ← Padding ← SafeArea ← Builder ← Padding-[GlobalKey#4fb88] ← ⋯
  parentData: offset=Offset(632.0, 8.0) (can use size)
  constraints: BoxConstraints(0.0<=w<=728.0, 0.0<=h<=56.0)
  size: Size(96.0, 56.0)
  direction: vertical
  mainAxisAlignment: start
  mainAxisSize: min
  crossAxisAlignment: end
  textDirection: ltr
  verticalDirection: down
  spacing: 0.0
◢◤◢◤◢◤◢◤◢◤◢◤◢◤◢◤◢◤◢◤◢◤◢◤◢◤◢◤◢◤◢◤◢◤◢◤◢◤◢◤◢◤◢◤◢◤◢◤◢◤◢◤◢◤◢◤◢◤◢◤◢◤◢◤◢◤◢◤◢◤◢◤◢◤◢◤◢◤◢◤◢◤◢◤◢◤◢◤◢◤◢◤◢◤◢◤◢◤◢◤
════════════════════════════════════════════════════════════════════════════════════════════════════
══╡ EXCEPTION CAUGHT BY RENDERING LIBRARY ╞═════════════════════════════════════════════════════════
The following assertion was thrown during layout:
A RenderFlex overflowed by 21 pixels on the bottom.

The relevant error-causing widget was:
  Column
  Column:file:///C:/Users/Thibaut/Desktop/PriorisProject/lib/presentation/pages/lists/widgets/list_item_card.dart:175:12

The overflowing RenderFlex has an orientation of Axis.vertical.
The edge of the RenderFlex that is overflowing has been marked in the rendering with a yellow and
black striped pattern. This is usually caused by the contents being too big for the RenderFlex.
Consider applying a flex factor (e.g. using an Expanded widget) to force the children of the
RenderFlex to fit within the available space instead of being sized to their natural size.
This is considered an error condition because it indicates that there is content that cannot be
seen. If the content is legitimately bigger than the available space, consider clipping it with a
ClipRect widget before putting it in the flex, or using a scrollable container rather than a Flex,
like a ListView.
The specific RenderFlex in question is: RenderFlex#3b42a relayoutBoundary=up21 OVERFLOWING:
  creator: Column ← DefaultTextStyle ← AnimatedDefaultTextStyle ← _ListTile ← IconButtonTheme ←
    IconTheme ← Builder ← MediaQuery ← Padding ← SafeArea ← Builder ← Padding-[GlobalKey#97157] ← ⋯
  parentData: offset=Offset(632.0, 8.0) (can use size)
  constraints: BoxConstraints(0.0<=w<=728.0, 0.0<=h<=56.0)
  size: Size(96.0, 56.0)
  direction: vertical
  mainAxisAlignment: start
  mainAxisSize: min
  crossAxisAlignment: end
  textDirection: ltr
  verticalDirection: down
  spacing: 0.0
◢◤◢◤◢◤◢◤◢◤◢◤◢◤◢◤◢◤◢◤◢◤◢◤◢◤◢◤◢◤◢◤◢◤◢◤◢◤◢◤◢◤◢◤◢◤◢◤◢◤◢◤◢◤◢◤◢◤◢◤◢◤◢◤◢◤◢◤◢◤◢◤◢◤◢◤◢◤◢◤◢◤◢◤◢◤◢◤◢◤◢◤◢◤◢◤◢◤◢◤
════════════════════════════════════════════════════════════════════════════════════════════════════
══╡ EXCEPTION CAUGHT BY FLUTTER TEST FRAMEWORK ╞════════════════════════════════════════════════════
The following message was thrown:
Multiple exceptions (2) were detected during the running of the current test, and at least one was
unexpected.
════════════════════════════════════════════════════════════════════════════════════════════════════
00:29 +441 -62: C:/Users/Thibaut/Desktop/PriorisProject/test/presentation/pages/list_detail_page_test.dart: ListDetailPage Progress tracking shows completion progress correctly [E]                   
  Test failed. See exception logs above.
  The test description was: shows completion progress correctly
  

To run this test again: C:\flutter\bin\cache\dart-sdk\bin\dart.exe test C:/Users/Thibaut/Desktop/PriorisProject/test/presentation/pages/list_detail_page_test.dart -p vm --plain-name "ListDetailPage Progress tracking shows completion progress correctly"
00:29 +442 -62: C:/Users/Thibaut/Desktop/PriorisProject/test/domain/services/cache/cache_monitoring_service_test.dart: CacheMonitoringService Monitoring should limit metrics history                  00:29 +443 -62: C:/Users/Thibaut/Desktop/PriorisProject/test/domain/services/cache/cache_monitoring_service_test.dart: CacheMonitoringService Monitoring should limit metrics history                  00:29 +444 -62: C:/Users/Thibaut/Desktop/PriorisProject/test/domain/services/cache/cache_monitoring_service_test.dart: CacheMonitoringService Monitoring should limit metrics history                  00:29 +445 -62: C:/Users/Thibaut/Desktop/PriorisProject/test/domain/services/cache/cache_monitoring_service_test.dart: CacheMonitoringService Monitoring should limit metrics history                  00:29 +446 -62: C:/Users/Thibaut/Desktop/PriorisProject/test/domain/services/cache/cache_monitoring_service_test.dart: CacheMonitoringService Monitoring should limit metrics history                  00:29 +447 -62: C:/Users/Thibaut/Desktop/PriorisProject/test/domain/services/cache/cache_monitoring_service_test.dart: CacheMonitoringService Monitoring should limit metrics history                  00:29 +448 -62: C:/Users/Thibaut/Desktop/PriorisProject/test/domain/services/cache/cache_monitoring_service_test.dart: CacheMonitoringService Monitoring should limit metrics history                  00:29 +449 -62: C:/Users/Thibaut/Desktop/PriorisProject/test/domain/services/cache/cache_monitoring_service_test.dart: CacheMonitoringService Monitoring should limit metrics history                  00:29 +450 -62: C:/Users/Thibaut/Desktop/PriorisProject/test/domain/services/cache/cache_monitoring_service_test.dart: CacheMonitoringService Monitoring should limit metrics history                  00:29 +451 -62: C:/Users/Thibaut/Desktop/PriorisProject/test/domain/services/cache/cache_monitoring_service_test.dart: CacheMonitoringService Monitoring should limit metrics history                  00:30 +451 -62: C:/Users/Thibaut/Desktop/PriorisProject/test/domain/services/cache/cache_monitoring_service_test.dart: CacheMonitoringService Monitoring should limit metrics history                  00:30 +452 -62: C:/Users/Thibaut/Desktop/PriorisProject/test/domain/services/cache/cache_monitoring_service_test.dart: CacheMonitoringService Monitoring should limit metrics history                  00:30 +453 -62: C:/Users/Thibaut/Desktop/PriorisProject/test/domain/services/cache/cache_monitoring_service_test.dart: CacheMonitoringService Monitoring should limit metrics history                  00:30 +453 -63: C:/Users/Thibaut/Desktop/PriorisProject/test/domain/services/cache/cache_monitoring_service_test.dart: CacheMonitoringService Monitoring should limit metrics history [E]              
  Bad state: Cannot add new events after calling close
  dart:async                                                                  _BroadcastStreamController.add
  package:prioris/domain/services/cache/cache_monitoring_service.dart 274:24  CacheMonitoringService._processCollectedMetrics
  package:prioris/domain/services/cache/cache_monitoring_service.dart 252:5   CacheMonitoringService._collectMetrics
  ===== asynchronous gap ===========================
  dart:async                                                                  _CustomZone.registerUnaryCallback
  package:prioris/domain/services/cache/cache_monitoring_service.dart 249:19  CacheMonitoringService._collectMetrics
  package:prioris/domain/services/cache/cache_monitoring_service.dart 40:56   CacheMonitoringService.startMonitoring.<fn>
  ===== asynchronous gap ===========================
  dart:async                                                                  new Timer.periodic
  package:prioris/domain/services/cache/cache_monitoring_service.dart 40:30   CacheMonitoringService.startMonitoring
  test\domain\services\cache\cache_monitoring_service_test.dart 78:33         main.<fn>.<fn>.<fn>
  

To run this test again: C:\flutter\bin\cache\dart-sdk\bin\dart.exe test C:/Users/Thibaut/Desktop/PriorisProject/test/domain/services/cache/cache_monitoring_service_test.dart -p vm --plain-name "CacheMonitoringService Monitoring should limit metrics history"
00:30 +454 -63: C:/Users/Thibaut/Desktop/PriorisProject/test/domain/services/cache/cache_monitoring_service_test.dart: CacheMonitoringService Alertes should generate disk usage alerts                00:30 +455 -63: C:/Users/Thibaut/Desktop/PriorisProject/test/presentation/pages/statistics/widgets/charts/streaks_chart_widget_test.dart: StreaksChartWidget should render correctly with valid data   00:30 +456 -63: C:/Users/Thibaut/Desktop/PriorisProject/test/presentation/pages/statistics/widgets/charts/streaks_chart_widget_test.dart: StreaksChartWidget should render correctly with valid data   00:30 +456 -64: C:/Users/Thibaut/Desktop/PriorisProject/test/domain/services/cache/cache_monitoring_service_test.dart: CacheMonitoringService Alertes should record errors [E]                         
  Expected: <1>
    Actual: <0>
  
  package:matcher                                                      expect
  package:flutter_test/src/widget_tester.dart 474:18                   expect
  test\domain\services\cache\cache_monitoring_service_test.dart 128:9  main.<fn>.<fn>.<fn>
  

To run this test again: C:\flutter\bin\cache\dart-sdk\bin\dart.exe test C:/Users/Thibaut/Desktop/PriorisProject/test/domain/services/cache/cache_monitoring_service_test.dart -p vm --plain-name "CacheMonitoringService Alertes should record errors"
00:30 +457 -64: C:/Users/Thibaut/Desktop/PriorisProject/test/presentation/pages/statistics/widgets/charts/streaks_chart_widget_test.dart: StreaksChartWidget should render correctly with valid data   00:30 +458 -64: C:/Users/Thibaut/Desktop/PriorisProject/test/domain/services/cache/cache_monitoring_service_test.dart: ... Rapports de performance should generate performance report                  00:30 +459 -65: C:/Users/Thibaut/Desktop/PriorisProject/test/presentation/pages/statistics/widgets/charts/streaks_chart_widget_test.dart: StreaksChartWidget should handle empty data gracefully       00:30 +459 -65: C:/Users/Thibaut/Desktop/PriorisProject/test/presentation/pages/statistics/widgets/charts/streaks_chart_widget_test.dart: StreaksChartWidget should handle single habit data           00:30 +459 -65: C:/Users/Thibaut/Desktop/PriorisProject/test/domain/services/cache/cache_monitoring_service_test.dart: CacheMonitoringService Rapports de performance should generate performance report [E]
  Expected: non-empty
    Actual: []
  
  package:matcher                                                      expect
  package:flutter_test/src/widget_tester.dart 474:18                   expect
  test\domain\services\cache\cache_monitoring_service_test.dart 166:9  main.<fn>.<fn>.<fn>
  

To run this test again: C:\flutter\bin\cache\dart-sdk\bin\dart.exe test C:/Users/Thibaut/Desktop/PriorisProject/test/domain/services/cache/cache_monitoring_service_test.dart -p vm --plain-name "CacheMonitoringService Rapports de performance should generate performance report"
00:30 +460 -65: C:/Users/Thibaut/Desktop/PriorisProject/test/presentation/pages/statistics/widgets/charts/streaks_chart_widget_test.dart: StreaksChartWidget should handle single habit data           00:30 +461 -65: C:/Users/Thibaut/Desktop/PriorisProject/test/domain/services/cache/cache_monitoring_service_test.dart: CacheMonitoringService Rapports de performance should analyze trends correctly  00:30 +462 -65: C:/Users/Thibaut/Desktop/PriorisProject/test/domain/services/cache/cache_monitoring_service_test.dart: CacheMonitoringService Rapports de performance should analyze trends correctly  00:30 +463 -65: C:/Users/Thibaut/Desktop/PriorisProject/test/domain/services/cache/cache_monitoring_service_test.dart: CacheMonitoringService Rapports de performance should analyze trends correctly  00:30 +464 -65: C:/Users/Thibaut/Desktop/PriorisProject/test/domain/services/cache/cache_monitoring_service_test.dart: CacheMonitoringService Rapports de performance should analyze trends correctly  00:30 +465 -65: C:/Users/Thibaut/Desktop/PriorisProject/test/domain/services/cache/cache_monitoring_service_test.dart: CacheMonitoringService Rapports de performance should analyze trends correctly  00:30 +466 -65: C:/Users/Thibaut/Desktop/PriorisProject/test/domain/services/cache/cache_monitoring_service_test.dart: CacheMonitoringService Rapports de performance should analyze trends correctly  00:30 +467 -65: C:/Users/Thibaut/Desktop/PriorisProject/test/domain/services/cache/cache_monitoring_service_test.dart: CacheMonitoringService Rapports de performance should analyze trends correctly  00:30 +468 -65: C:/Users/Thibaut/Desktop/PriorisProject/test/presentation/pages/statistics/widgets/metrics/category_performance_widget_test.dart: ... affiche les catégories avec leurs pourcentages   00:30 +469 -65: C:/Users/Thibaut/Desktop/PriorisProject/test/presentation/pages/statistics/widgets/metrics/category_performance_widget_test.dart: ... affiche les catégories avec leurs pourcentages   00:30 +470 -65: C:/Users/Thibaut/Desktop/PriorisProject/test/presentation/pages/statistics/widgets/metrics/category_performance_widget_test.dart: ... affiche les catégories avec leurs pourcentages   00:30 +471 -65: C:/Users/Thibaut/Desktop/PriorisProject/test/presentation/pages/statistics/widgets/metrics/category_performance_widget_test.dart: ... affiche les catégories avec leurs pourcentages   00:30 +472 -65: C:/Users/Thibaut/Desktop/PriorisProject/test/presentation/pages/statistics/widgets/metrics/category_performance_widget_test.dart: ... affiche les catégories avec leurs pourcentages   00:30 +473 -65: C:/Users/Thibaut/Desktop/PriorisProject/test/domain/services/cache/cache_monitoring_service_test.dart: CacheMonitoringService Streams should emit alerts through stream                00:30 +474 -65: C:/Users/Thibaut/Desktop/PriorisProject/test/domain/services/cache/cache_monitoring_service_test.dart: CacheMonitoringService Streams should emit alerts through stream                00:30 +475 -65: C:/Users/Thibaut/Desktop/PriorisProject/test/domain/services/cache/cache_monitoring_service_test.dart: CacheMonitoringService Streams should emit alerts through stream                00:30 +476 -65: C:/Users/Thibaut/Desktop/PriorisProject/test/domain/services/cache/cache_monitoring_service_test.dart: CacheMonitoringService Streams should emit alerts through stream                00:30 +476 -65: C:/Users/Thibaut/Desktop/PriorisProject/test/domain/services/cache/cache_monitoring_service_test.dart: CacheMonitoringService Dispose should dispose correctly                         00:30 +477 -65: C:/Users/Thibaut/Desktop/PriorisProject/test/domain/services/cache/cache_monitoring_service_test.dart: CacheMonitoringService Dispose should dispose correctly                         00:30 +477 -65: C:/Users/Thibaut/Desktop/PriorisProject/test/domain/services/cache/cache_monitoring_service_test.dart: CacheMonitoringService Dispose should not emit after dispose                    00:30 +477 -66: C:/Users/Thibaut/Desktop/PriorisProject/test/domain/services/cache/cache_monitoring_service_test.dart: CacheMonitoringService Dispose should not emit after dispose [E]                
  Bad state: Cannot add new events after calling close
  dart:async                                                                  _BroadcastStreamController.add
  package:prioris/domain/services/cache/cache_monitoring_service.dart 274:24  CacheMonitoringService._processCollectedMetrics
  package:prioris/domain/services/cache/cache_monitoring_service.dart 252:5   CacheMonitoringService._collectMetrics
  

To run this test again: C:\flutter\bin\cache\dart-sdk\bin\dart.exe test C:/Users/Thibaut/Desktop/PriorisProject/test/domain/services/cache/cache_monitoring_service_test.dart -p vm --plain-name "CacheMonitoringService Dispose should not emit after dispose"
00:30 +477 -66: C:/Users/Thibaut/Desktop/PriorisProject/test/domain/services/cache/cache_monitoring_service_test.dart: CacheMonitoringService Performance should handle rapid metric collection        00:30 +478 -66: C:/Users/Thibaut/Desktop/PriorisProject/test/domain/services/cache/cache_monitoring_service_test.dart: CacheMonitoringService Performance should handle rapid metric collection        00:30 +478 -66: C:/Users/Thibaut/Desktop/PriorisProject/test/domain/services/cache/cache_monitoring_service_test.dart: CacheMonitoringService Performance should handle concurrent monitoring          00:30 +479 -66: C:/Users/Thibaut/Desktop/PriorisProject/test/domain/services/cache/cache_monitoring_service_test.dart: CacheMonitoringService Performance should handle concurrent monitoring          00:30 +479 -66: C:/Users/Thibaut/Desktop/PriorisProject/test/domain/services/cache/cache_monitoring_service_test.dart: CacheMonitoringService (tearDownAll)                                            00:30 +479 -66: loading C:/Users/Thibaut/Desktop/PriorisProject/test/presentation/pages/statistics/widgets/metrics/completion_time_stats_widget_test.dart                                              00:30 +479 -66: C:/Users/Thibaut/Desktop/PriorisProject/test/presentation/pages/statistics/widgets/metrics/completion_time_stats_widget_test.dart: ... should render correctly with valid data         00:31 +479 -66: C:/Users/Thibaut/Desktop/PriorisProject/test/presentation/pages/statistics/widgets/metrics/completion_time_stats_widget_test.dart: ... should render correctly with valid data         00:31 +480 -66: C:/Users/Thibaut/Desktop/PriorisProject/test/presentation/pages/statistics/widgets/metrics/completion_time_stats_widget_test.dart: ... should render correctly with valid data         00:31 +480 -66: C:/Users/Thibaut/Desktop/PriorisProject/test/presentation/pages/statistics/widgets/metrics/completion_time_stats_widget_test.dart: ... should handle empty list gracefully             00:31 +481 -66: C:/Users/Thibaut/Desktop/PriorisProject/test/presentation/pages/statistics/widgets/metrics/completion_time_stats_widget_test.dart: ... should handle empty list gracefully             00:31 +481 -66: C:/Users/Thibaut/Desktop/PriorisProject/test/presentation/pages/statistics/widgets/metrics/completion_time_stats_widget_test.dart: ... should handle tasks without completion dates    00:31 +482 -66: C:/Users/Thibaut/Desktop/PriorisProject/test/presentation/pages/statistics/widgets/metrics/completion_time_stats_widget_test.dart: ... should handle tasks without completion dates    00:31 +482 -66: C:/Users/Thibaut/Desktop/PriorisProject/test/presentation/pages/statistics/widgets/metrics/completion_time_stats_widget_test.dart: ... should handle tasks without categories          00:31 +483 -66: C:/Users/Thibaut/Desktop/PriorisProject/test/presentation/pages/statistics/widgets/metrics/completion_time_stats_widget_test.dart: ... should handle tasks without categories          00:31 +483 -66: C:/Users/Thibaut/Desktop/PriorisProject/test/presentation/pages/statistics/widgets/metrics/completion_time_stats_widget_test.dart: ... should have correct card styling                00:31 +484 -66: C:/Users/Thibaut/Desktop/PriorisProject/test/presentation/pages/statistics/widgets/metrics/completion_time_stats_widget_test.dart: ... should have correct card styling                00:31 +484 -66: ... CompletionTimeStatsWidget should have correct padding                                                                                                                              00:31 +485 -66: C:/Users/Thibaut/Desktop/PriorisProject/test/presentation/pages/statistics/widgets/metrics/main_metrics_widget_test.dart: ... affiche le loader quand le Future n'est pas résolu       00:31 +486 -66: C:/Users/Thibaut/Desktop/PriorisProject/test/presentation/pages/statistics/widgets/metrics/main_metrics_widget_test.dart: ... affiche le loader quand le Future n'est pas résolu       00:31 +487 -66: C:/Users/Thibaut/Desktop/PriorisProject/test/presentation/pages/statistics/widgets/metrics/main_metrics_widget_test.dart: ... affiche le loader quand le Future n'est pas résolu       00:31 +488 -66: C:/Users/Thibaut/Desktop/PriorisProject/test/presentation/pages/statistics/widgets/metrics/main_metrics_widget_test.dart: ... affiche le loader quand le Future n'est pas résolu       00:31 +489 -66: C:/Users/Thibaut/Desktop/PriorisProject/test/presentation/pages/statistics/widgets/metrics/main_metrics_widget_test.dart: ... affiche le loader quand le Future n'est pas résolu       00:31 +490 -66: C:/Users/Thibaut/Desktop/PriorisProject/test/presentation/pages/statistics/widgets/metrics/main_metrics_widget_test.dart: ... affiche le loader quand le Future n'est pas résolu       00:31 +491 -66: C:/Users/Thibaut/Desktop/PriorisProject/test/presentation/pages/statistics/widgets/metrics/main_metrics_widget_test.dart: ... affiche le loader quand le Future n'est pas résolu       00:31 +491 -66: C:/Users/Thibaut/Desktop/PriorisProject/test/presentation/pages/statistics/widgets/metrics/main_metrics_widget_test.dart: ... les métriques principales quand le Future est résolu     00:31 +492 -66: C:/Users/Thibaut/Desktop/PriorisProject/test/presentation/pages/statistics/widgets/metrics/main_metrics_widget_test.dart: ... les métriques principales quand le Future est résolu     00:31 +492 -66: C:/Users/Thibaut/Desktop/PriorisProject/test/presentation/pages/statistics/widgets/metrics/main_metrics_widget_test.dart: ... respecte le design (gradient, Card, MetricCard)          00:31 +493 -66: C:/Users/Thibaut/Desktop/PriorisProject/test/presentation/pages/statistics/widgets/metrics/main_metrics_widget_test.dart: ... respecte le design (gradient, Card, MetricCard)          00:31 +493 -66: loading C:/Users/Thibaut/Desktop/PriorisProject/test/presentation/pages/statistics/widgets/metrics/metric_card_test.dart                                                               00:31 +493 -66: C:/Users/Thibaut/Desktop/PriorisProject/test/presentation/pages/statistics/widgets/metrics/metric_card_test.dart: MetricCard affiche la valeur, le label et l'icône correctement       00:32 +493 -66: C:/Users/Thibaut/Desktop/PriorisProject/test/presentation/pages/statistics/widgets/metrics/metric_card_test.dart: MetricCard affiche la valeur, le label et l'icône correctement       00:32 +494 -66: C:/Users/Thibaut/Desktop/PriorisProject/test/presentation/pages/statistics/widgets/metrics/metric_card_test.dart: MetricCard affiche la valeur, le label et l'icône correctement       00:32 +494 -66: loading C:/Users/Thibaut/Desktop/PriorisProject/test/presentation/pages/statistics/widgets/metrics/stat_item_test.dart                                                                 00:32 +494 -66: C:/Users/Thibaut/Desktop/PriorisProject/test/presentation/pages/statistics/widgets/metrics/stat_item_test.dart: StatItem Widget should render with correct properties                  00:32 +495 -66: C:/Users/Thibaut/Desktop/PriorisProject/test/presentation/pages/statistics/widgets/metrics/stat_item_test.dart: StatItem Widget should render with correct properties                  00:32 +495 -66: C:/Users/Thibaut/Desktop/PriorisProject/test/presentation/pages/statistics/widgets/metrics/stat_item_test.dart: StatItem Widget should have correct styling                            00:32 +496 -66: C:/Users/Thibaut/Desktop/PriorisProject/test/presentation/pages/statistics/widgets/metrics/stat_item_test.dart: StatItem Widget should have correct styling                            00:32 +496 -66: C:/Users/Thibaut/Desktop/PriorisProject/test/presentation/pages/statistics/widgets/metrics/stat_item_test.dart: StatItem Widget should have correct container styling                  00:32 +497 -66: C:/Users/Thibaut/Desktop/PriorisProject/test/presentation/pages/statistics/widgets/metrics/stat_item_test.dart: StatItem Widget should have correct container styling                  00:32 +497 -66: C:/Users/Thibaut/Desktop/PriorisProject/test/presentation/pages/statistics/widgets/metrics/stat_item_test.dart: StatItem Widget should display complex values correctly                00:32 +498 -66: C:/Users/Thibaut/Desktop/PriorisProject/test/presentation/pages/statistics/widgets/metrics/stat_item_test.dart: StatItem Widget should display complex values correctly                00:32 +498 -66: C:/Users/Thibaut/Desktop/PriorisProject/test/presentation/pages/statistics/widgets/metrics/stat_item_test.dart: StatItem Widget should handle empty values                             00:32 +499 -66: C:/Users/Thibaut/Desktop/PriorisProject/test/presentation/pages/statistics/widgets/tabs/habits_stats_widget_test.dart: HabitsStatsWidget affiche les statistiques des habitudes        00:32 +500 -66: C:/Users/Thibaut/Desktop/PriorisProject/test/presentation/pages/statistics/widgets/tabs/habits_stats_widget_test.dart: HabitsStatsWidget affiche les statistiques des habitudes        00:32 +500 -66: C:/Users/Thibaut/Desktop/PriorisProject/test/presentation/pages/statistics/widgets/tabs/habits_stats_widget_test.dart: HabitsStatsWidget supporte une liste vide sans crash            00:32 +501 -66: C:/Users/Thibaut/Desktop/PriorisProject/test/presentation/pages/statistics/widgets/tabs/habits_stats_widget_test.dart: HabitsStatsWidget supporte une liste vide sans crash            00:32 +501 -66: C:/Users/Thibaut/Desktop/PriorisProject/test/presentation/pages/statistics/widgets/tabs/habits_stats_widget_test.dart: HabitsStatsWidget affiche les StatItem avec les bonnes icônes   00:32 +502 -66: C:/Users/Thibaut/Desktop/PriorisProject/test/presentation/pages/statistics/widgets/tabs/habits_stats_widget_test.dart: HabitsStatsWidget affiche les StatItem avec les bonnes icônes   00:32 +502 -66: loading C:/Users/Thibaut/Desktop/PriorisProject/test/presentation/pages/statistics/widgets/tabs/habits_tab_widget_test.dart                                                            00:32 +502 -66: C:/Users/Thibaut/Desktop/PriorisProject/test/presentation/pages/statistics/widgets/tabs/habits_tab_widget_test.dart: HabitsTabWidget should render correctly with valid data           00:33 +502 -66: C:/Users/Thibaut/Desktop/PriorisProject/test/presentation/pages/statistics/widgets/tabs/habits_tab_widget_test.dart: HabitsTabWidget should render correctly with valid data           00:33 +503 -66: C:/Users/Thibaut/Desktop/PriorisProject/test/presentation/pages/statistics/widgets/tabs/habits_tab_widget_test.dart: HabitsTabWidget should render correctly with valid data           00:33 +503 -66: loading C:/Users/Thibaut/Desktop/PriorisProject/test/presentation/pages/statistics/widgets/tabs/period_selector_test.dart                                                              00:33 +503 -66: C:/Users/Thibaut/Desktop/PriorisProject/test/presentation/pages/statistics/widgets/tabs/period_selector_test.dart: ... affiche les bonnes périodes et sélectionne correctement         00:33 +504 -66: C:/Users/Thibaut/Desktop/PriorisProject/test/presentation/pages/statistics/widgets/tabs/period_selector_test.dart: ... affiche les bonnes périodes et sélectionne correctement         00:33 +505 -66: C:/Users/Thibaut/Desktop/PriorisProject/test/presentation/pages/statistics/widgets/tabs/period_selector_test.dart: ... affiche les bonnes périodes et sélectionne correctement         00:33 +506 -66: C:/Users/Thibaut/Desktop/PriorisProject/test/presentation/pages/statistics/widgets/tabs/period_selector_test.dart: ... affiche les bonnes périodes et sélectionne correctement         00:33 +507 -66: C:/Users/Thibaut/Desktop/PriorisProject/test/presentation/pages/statistics/widgets/tabs/period_selector_test.dart: ... affiche les bonnes périodes et sélectionne correctement         00:33 +508 -66: C:/Users/Thibaut/Desktop/PriorisProject/test/presentation/pages/statistics/widgets/tabs/period_selector_test.dart: ... affiche les bonnes périodes et sélectionne correctement         00:33 +509 -66: C:/Users/Thibaut/Desktop/PriorisProject/test/presentation/pages/statistics/widgets/tabs/period_selector_test.dart: ... affiche les bonnes périodes et sélectionne correctement         00:33 +510 -66: C:/Users/Thibaut/Desktop/PriorisProject/test/presentation/pages/statistics/widgets/tabs/period_selector_test.dart: ... affiche les bonnes périodes et sélectionne correctement         00:33 +511 -66: C:/Users/Thibaut/Desktop/PriorisProject/test/presentation/pages/statistics/widgets/tabs/period_selector_test.dart: ... affiche les bonnes périodes et sélectionne correctement         00:33 +512 -66: C:/Users/Thibaut/Desktop/PriorisProject/test/presentation/pages/statistics/widgets/tabs/period_selector_test.dart: ... affiche les bonnes périodes et sélectionne correctement         00:33 +513 -66: C:/Users/Thibaut/Desktop/PriorisProject/test/presentation/pages/statistics/widgets/tabs/smart_insights_widget_test.dart: SmartInsightsWidget affiche les messages String               00:33 +514 -66: C:/Users/Thibaut/Desktop/PriorisProject/test/presentation/pages/statistics/widgets/tabs/smart_insights_widget_test.dart: SmartInsightsWidget affiche les messages String               00:34 +514 -66: C:/Users/Thibaut/Desktop/PriorisProject/test/presentation/pages/statistics/widgets/tabs/smart_insights_widget_test.dart: SmartInsightsWidget affiche les messages String               00:34 +514 -66: C:/Users/Thibaut/Desktop/PriorisProject/test/presentation/pages/statistics/widgets/tabs/smart_insights_widget_test.dart: SmartInsightsWidget affiche les messages Map avec icône       00:34 +515 -66: C:/Users/Thibaut/Desktop/PriorisProject/test/presentation/pages/statistics/widgets/tabs/smart_insights_widget_test.dart: SmartInsightsWidget affiche les messages Map avec icône       00:34 +515 -66: C:/Users/Thibaut/Desktop/PriorisProject/test/presentation/pages/statistics/widgets/tabs/smart_insights_widget_test.dart: SmartInsightsWidget supporte une liste vide sans crash        00:34 +516 -66: C:/Users/Thibaut/Desktop/PriorisProject/test/presentation/pages/statistics/widgets/tabs/smart_insights_widget_test.dart: SmartInsightsWidget supporte une liste vide sans crash        00:34 +516 -66: loading C:/Users/Thibaut/Desktop/PriorisProject/test/presentation/pages/statistics/widgets/tabs/tasks_tab_widget_test.dart                                                             00:34 +516 -66: C:/Users/Thibaut/Desktop/PriorisProject/test/presentation/pages/statistics/widgets/tabs/tasks_tab_widget_test.dart: TasksTabWidget should render all task-related widgets              00:34 +517 -66: C:/Users/Thibaut/Desktop/PriorisProject/test/presentation/pages/statistics/widgets/tabs/tasks_tab_widget_test.dart: TasksTabWidget should render all task-related widgets              00:34 +517 -66: loading C:/Users/Thibaut/Desktop/PriorisProject/test/presentation/pages/statistics/widgets/tabs/top_habits_widget_test.dart                                                            00:34 +517 -66: C:/Users/Thibaut/Desktop/PriorisProject/test/presentation/pages/statistics/widgets/tabs/top_habits_widget_test.dart: TopHabitsWidget should render correctly with valid data           00:34 +518 -66: C:/Users/Thibaut/Desktop/PriorisProject/test/presentation/pages/statistics/widgets/tabs/top_habits_widget_test.dart: TopHabitsWidget should render correctly with valid data           00:34 +519 -66: C:/Users/Thibaut/Desktop/PriorisProject/test/presentation/pages/statistics/widgets/tabs/top_habits_widget_test.dart: TopHabitsWidget should render correctly with valid data           00:34 +520 -66: C:/Users/Thibaut/Desktop/PriorisProject/test/presentation/pages/statistics/widgets/tabs/top_habits_widget_test.dart: TopHabitsWidget should render correctly with valid data           00:34 +521 -66: C:/Users/Thibaut/Desktop/PriorisProject/test/presentation/pages/statistics/widgets/tabs/top_habits_widget_test.dart: TopHabitsWidget should render correctly with valid data           00:34 +521 -66: C:/Users/Thibaut/Desktop/PriorisProject/test/presentation/pages/statistics/widgets/tabs/top_habits_widget_test.dart: TopHabitsWidget should handle empty list gracefully               00:34 +522 -66: C:/Users/Thibaut/Desktop/PriorisProject/test/presentation/pages/statistics/widgets/tabs/top_habits_widget_test.dart: TopHabitsWidget should handle empty list gracefully               00:34 +522 -66: C:/Users/Thibaut/Desktop/PriorisProject/test/presentation/pages/statistics/widgets/tabs/top_habits_widget_test.dart: TopHabitsWidget should display correct number of items            00:34 +523 -66: C:/Users/Thibaut/Desktop/PriorisProject/test/presentation/routes/app_routes_test.dart: AppRoutes navigates to list detail correctly                                                    00:34 +524 -66: C:/Users/Thibaut/Desktop/PriorisProject/test/presentation/routes/app_routes_test.dart: AppRoutes navigates to list detail correctly                                                    00:34 +525 -66: C:/Users/Thibaut/Desktop/PriorisProject/test/presentation/routes/app_routes_test.dart: AppRoutes navigates to list detail correctly                                                    00:35 +526 -66: C:/Users/Thibaut/Desktop/PriorisProject/test/presentation/routes/app_routes_test.dart: AppRoutes navigates to list detail correctly                                                    00:35 +527 -66: C:/Users/Thibaut/Desktop/PriorisProject/test/presentation/routes/app_routes_test.dart: AppRoutes navigates to list detail correctly                                                    00:35 +527 -66: C:/Users/Thibaut/Desktop/PriorisProject/test/presentation/routes/app_routes_test.dart: AppRoutes handles route generation correctly                                                    00:35 +528 -66: C:/Users/Thibaut/Desktop/PriorisProject/test/presentation/routes/app_routes_test.dart: AppRoutes handles route generation correctly                                                    00:35 +528 -66: C:/Users/Thibaut/Desktop/PriorisProject/test/presentation/routes/app_routes_test.dart: AppRoutes ELO system integration works with ELO-based lists                                     00:35 +529 -66: C:/Users/Thibaut/Desktop/PriorisProject/test/presentation/routes/app_routes_test.dart: AppRoutes ELO system integration works with ELO-based lists                                     00:35 +529 -66: C:/Users/Thibaut/Desktop/PriorisProject/test/presentation/routes/app_routes_test.dart: AppRoutes Route parameter validation validates list parameters correctly                        00:35 +530 -66: C:/Users/Thibaut/Desktop/PriorisProject/test/presentation/routes/app_routes_test.dart: AppRoutes Route parameter validation validates list parameters correctly                        00:35 +530 -66: loading C:/Users/Thibaut/Desktop/PriorisProject/test/presentation/widgets/action_button_test.dart                                                                                      00:35 +530 -66: C:/Users/Thibaut/Desktop/PriorisProject/test/presentation/widgets/action_button_test.dart: ActionButton should display icon and tooltip correctly                                      00:35 +531 -66: C:/Users/Thibaut/Desktop/PriorisProject/test/presentation/widgets/action_button_test.dart: ActionButton should display icon and tooltip correctly                                      00:35 +531 -66: C:/Users/Thibaut/Desktop/PriorisProject/test/presentation/widgets/action_button_test.dart: ActionButton should call onTap when tapped                                                  00:35 +532 -66: C:/Users/Thibaut/Desktop/PriorisProject/test/presentation/widgets/action_button_test.dart: ActionButton should call onTap when tapped                                                  00:35 +532 -66: C:/Users/Thibaut/Desktop/PriorisProject/test/presentation/widgets/action_button_test.dart: ActionButton should show loading state correctly                                            00:35 +533 -66: C:/Users/Thibaut/Desktop/PriorisProject/test/presentation/widgets/badges/habit_type_badge_test.dart: HabitTypeBadge should display binary type correctly                               00:35 +534 -66: C:/Users/Thibaut/Desktop/PriorisProject/test/presentation/widgets/badges/habit_type_badge_test.dart: HabitTypeBadge should display binary type correctly                               00:35 +535 -66: C:/Users/Thibaut/Desktop/PriorisProject/test/presentation/widgets/badges/habit_type_badge_test.dart: HabitTypeBadge should display binary type correctly                               00:35 +536 -66: C:/Users/Thibaut/Desktop/PriorisProject/test/presentation/widgets/badges/habit_type_badge_test.dart: HabitTypeBadge should display binary type correctly                               00:36 +536 -66: C:/Users/Thibaut/Desktop/PriorisProject/test/presentation/widgets/badges/habit_type_badge_test.dart: HabitTypeBadge should display binary type correctly                               00:36 +537 -66: C:/Users/Thibaut/Desktop/PriorisProject/test/presentation/widgets/badges/habit_type_badge_test.dart: HabitTypeBadge should display binary type correctly                               00:36 +537 -66: C:/Users/Thibaut/Desktop/PriorisProject/test/presentation/widgets/badges/habit_type_badge_test.dart: HabitTypeBadge should display quantitative type correctly                         00:36 +538 -66: C:/Users/Thibaut/Desktop/PriorisProject/test/presentation/widgets/badges/habit_type_badge_test.dart: HabitTypeBadge should display quantitative type correctly                         00:36 +538 -66: C:/Users/Thibaut/Desktop/PriorisProject/test/presentation/widgets/badges/habit_type_badge_test.dart: HabitTypeBadge should have correct styling for binary type                        00:36 +539 -66: C:/Users/Thibaut/Desktop/PriorisProject/test/presentation/widgets/badges/habit_type_badge_test.dart: HabitTypeBadge should have correct styling for binary type                        00:36 +539 -66: C:/Users/Thibaut/Desktop/PriorisProject/test/presentation/widgets/badges/habit_type_badge_test.dart: HabitTypeBadge should have correct styling for quantitative type                  00:36 +540 -66: C:/Users/Thibaut/Desktop/PriorisProject/test/presentation/widgets/badges/habit_type_badge_test.dart: HabitTypeBadge should have correct styling for quantitative type                  00:36 +540 -66: C:/Users/Thibaut/Desktop/PriorisProject/test/presentation/widgets/badges/habit_type_badge_test.dart: HabitTypeBadge should have proper layout structure                                00:36 +541 -66: C:/Users/Thibaut/Desktop/PriorisProject/test/presentation/widgets/common/common_badge_test.dart: CommonBadge affiche le texte du badge                                                 00:36 +542 -66: C:/Users/Thibaut/Desktop/PriorisProject/test/presentation/widgets/common/common_badge_test.dart: CommonBadge affiche le texte du badge                                                 00:36 +542 -66: C:/Users/Thibaut/Desktop/PriorisProject/test/presentation/widgets/common/common_badge_test.dart: CommonBadge utilise la couleur de fond personnalisée                                  00:36 +543 -66: C:/Users/Thibaut/Desktop/PriorisProject/test/presentation/widgets/common/common_badge_test.dart: CommonBadge utilise la couleur de fond personnalisée                                  00:36 +543 -66: C:/Users/Thibaut/Desktop/PriorisProject/test/presentation/widgets/common/common_badge_test.dart: CommonBadge utilise la couleur de texte personnalisée                                 00:36 +544 -66: C:/Users/Thibaut/Desktop/PriorisProject/test/presentation/widgets/common/common_badge_test.dart: CommonBadge utilise la couleur de texte personnalisée                                 00:36 +544 -66: C:/Users/Thibaut/Desktop/PriorisProject/test/presentation/widgets/common/common_badge_test.dart: CommonBadge utilise la taille de police personnalisée                                 00:36 +545 -66: C:/Users/Thibaut/Desktop/PriorisProject/test/presentation/widgets/common/common_badge_test.dart: CommonBadge utilise la taille de police personnalisée                                 00:36 +545 -66: C:/Users/Thibaut/Desktop/PriorisProject/test/presentation/widgets/common/common_badge_test.dart: CommonBadge utilise le padding personnalisé                                           00:36 +546 -66: C:/Users/Thibaut/Desktop/PriorisProject/test/presentation/widgets/common/common_button_test.dart: CommonButton affiche le texte du bouton                                              00:36 +547 -66: C:/Users/Thibaut/Desktop/PriorisProject/test/presentation/widgets/common/common_button_test.dart: CommonButton affiche le texte du bouton                                              00:36 +548 -66: C:/Users/Thibaut/Desktop/PriorisProject/test/presentation/widgets/common/common_button_test.dart: CommonButton affiche le texte du bouton                                              00:36 +549 -66: C:/Users/Thibaut/Desktop/PriorisProject/test/presentation/widgets/common/common_button_test.dart: CommonButton affiche le texte du bouton                                              00:36 +550 -66: C:/Users/Thibaut/Desktop/PriorisProject/test/presentation/widgets/common/common_button_test.dart: CommonButton affiche le texte du bouton                                              00:36 +551 -66: C:/Users/Thibaut/Desktop/PriorisProject/test/presentation/widgets/common/common_button_test.dart: CommonButton affiche le texte du bouton                                              00:36 +552 -66: C:/Users/Thibaut/Desktop/PriorisProject/test/presentation/widgets/common/common_button_test.dart: CommonButton affiche le texte du bouton                                              00:36 +553 -66: C:/Users/Thibaut/Desktop/PriorisProject/test/presentation/widgets/common/common_button_test.dart: CommonButton affiche le texte du bouton                                              00:36 +554 -66: C:/Users/Thibaut/Desktop/PriorisProject/test/presentation/widgets/common/common_button_test.dart: CommonButton affiche le texte du bouton                                              00:36 +554 -66: C:/Users/Thibaut/Desktop/PriorisProject/test/presentation/widgets/common/common_button_test.dart: CommonButton déclenche onPressed quand tapé                                          00:36 +555 -66: C:/Users/Thibaut/Desktop/PriorisProject/test/presentation/widgets/common/common_card_test.dart: CommonCard should render with default properties                                       00:36 +556 -66: C:/Users/Thibaut/Desktop/PriorisProject/test/presentation/widgets/common/common_card_test.dart: CommonCard should render with default properties                                       00:36 +557 -66: C:/Users/Thibaut/Desktop/PriorisProject/test/presentation/widgets/common/common_card_test.dart: CommonCard should render with default properties                                       00:36 +558 -66: C:/Users/Thibaut/Desktop/PriorisProject/test/presentation/widgets/common/common_card_test.dart: CommonCard should render with default properties                                       00:37 +558 -66: C:/Users/Thibaut/Desktop/PriorisProject/test/presentation/widgets/common/common_card_test.dart: CommonCard should render with default properties                                       00:37 +559 -66: C:/Users/Thibaut/Desktop/PriorisProject/test/presentation/widgets/common/common_card_test.dart: CommonCard should render with default properties                                       00:37 +560 -66: C:/Users/Thibaut/Desktop/PriorisProject/test/presentation/widgets/common/common_card_test.dart: CommonCard should render with default properties                                       00:37 +561 -66: C:/Users/Thibaut/Desktop/PriorisProject/test/presentation/widgets/common/common_card_test.dart: CommonCard should render with default properties                                       00:37 +562 -66: C:/Users/Thibaut/Desktop/PriorisProject/test/presentation/widgets/common/common_card_test.dart: CommonCard should render with default properties                                       00:37 +563 -66: C:/Users/Thibaut/Desktop/PriorisProject/test/presentation/widgets/common/common_card_test.dart: CommonCard should render with default properties                                       00:37 +564 -66: C:/Users/Thibaut/Desktop/PriorisProject/test/presentation/widgets/common/common_card_test.dart: CommonCard should render with default properties                                       00:37 +565 -66: C:/Users/Thibaut/Desktop/PriorisProject/test/presentation/widgets/common/common_card_test.dart: CommonCard should render with default properties                                       00:37 +566 -66: C:/Users/Thibaut/Desktop/PriorisProject/test/presentation/widgets/common/common_card_test.dart: CommonCard should render with default properties                                       00:37 +567 -66: C:/Users/Thibaut/Desktop/PriorisProject/test/presentation/widgets/common/common_card_test.dart: CommonCard should render with default properties                                       00:37 +568 -66: C:/Users/Thibaut/Desktop/PriorisProject/test/presentation/widgets/common/common_card_test.dart: CommonCard should render with default properties                                       00:37 +569 -66: C:/Users/Thibaut/Desktop/PriorisProject/test/presentation/widgets/common/common_card_test.dart: CommonCard should render with default properties                                       00:37 +570 -66: C:/Users/Thibaut/Desktop/PriorisProject/test/presentation/widgets/common/common_card_test.dart: CommonCard should render with default properties                                       00:37 +571 -66: C:/Users/Thibaut/Desktop/PriorisProject/test/presentation/widgets/common/common_card_test.dart: CommonCard should render with default properties                                       00:37 +572 -66: C:/Users/Thibaut/Desktop/PriorisProject/test/presentation/widgets/common/common_button_test.dart: CommonButton utilise mainAxisAlignment.center pour Wrap                              00:37 +573 -66: C:/Users/Thibaut/Desktop/PriorisProject/test/presentation/widgets/common/common_card_test.dart: CommonCard should apply custom padding                                                 00:37 +574 -66: C:/Users/Thibaut/Desktop/PriorisProject/test/presentation/widgets/common/common_button_test.dart: CommonButton affiche SizedBox entre icône et texte                                   00:37 +575 -66: C:/Users/Thibaut/Desktop/PriorisProject/test/presentation/widgets/common/common_card_test.dart: CommonCard should apply custom elevation                                               00:37 +576 -66: C:/Users/Thibaut/Desktop/PriorisProject/test/presentation/widgets/common/common_button_test.dart: CommonButton utilise la bonne taille d'icône                                         00:37 +577 -66: C:/Users/Thibaut/Desktop/PriorisProject/test/presentation/widgets/common/common_card_test.dart: CommonCard should apply custom border radius                                           00:37 +578 -66: C:/Users/Thibaut/Desktop/PriorisProject/test/presentation/widgets/common/common_card_test.dart: CommonCard should apply custom border radius                                           00:37 +579 -66: C:/Users/Thibaut/Desktop/PriorisProject/test/presentation/widgets/common/common_dialog_test.dart: CommonDialog affiche le titre                                                        00:37 +580 -66: C:/Users/Thibaut/Desktop/PriorisProject/test/presentation/widgets/common/common_dialog_test.dart: CommonDialog affiche le titre                                                        00:37 +581 -66: C:/Users/Thibaut/Desktop/PriorisProject/test/presentation/widgets/common/common_dialog_test.dart: CommonDialog affiche le titre                                                        00:37 +582 -66: C:/Users/Thibaut/Desktop/PriorisProject/test/presentation/widgets/common/common_dialog_test.dart: CommonDialog affiche le titre                                                        00:37 +583 -66: C:/Users/Thibaut/Desktop/PriorisProject/test/presentation/widgets/common/common_dialog_test.dart: CommonDialog affiche le titre                                                        00:37 +584 -66: C:/Users/Thibaut/Desktop/PriorisProject/test/presentation/widgets/common/common_dialog_test.dart: CommonDialog affiche le titre                                                        00:37 +585 -66: C:/Users/Thibaut/Desktop/PriorisProject/test/presentation/widgets/common/common_dialog_test.dart: CommonDialog affiche le titre                                                        00:37 +586 -66: C:/Users/Thibaut/Desktop/PriorisProject/test/presentation/widgets/common/common_dialog_test.dart: CommonDialog affiche le titre                                                        00:37 +587 -66: C:/Users/Thibaut/Desktop/PriorisProject/test/presentation/widgets/common/common_dialog_test.dart: CommonDialog affiche le titre                                                        00:37 +588 -66: C:/Users/Thibaut/Desktop/PriorisProject/test/presentation/widgets/common/common_dialog_test.dart: CommonDialog affiche le titre                                                        00:37 +589 -66: C:/Users/Thibaut/Desktop/PriorisProject/test/presentation/widgets/common/common_dialog_test.dart: CommonDialog affiche le titre                                                        00:37 +590 -66: C:/Users/Thibaut/Desktop/PriorisProject/test/presentation/widgets/common/common_dialog_test.dart: CommonDialog affiche le titre                                                        00:37 +591 -66: C:/Users/Thibaut/Desktop/PriorisProject/test/presentation/widgets/common/common_dialog_test.dart: CommonDialog affiche le titre                                                        00:37 +591 -66: C:/Users/Thibaut/Desktop/PriorisProject/test/presentation/widgets/common/common_dialog_test.dart: CommonDialog affiche le contenu                                                      00:37 +592 -66: C:/Users/Thibaut/Desktop/PriorisProject/test/presentation/widgets/common/common_dialog_test.dart: CommonDialog affiche le contenu                                                      00:37 +592 -66: C:/Users/Thibaut/Desktop/PriorisProject/test/presentation/widgets/common/common_dialog_test.dart: CommonDialog affiche les actions si fournies                                         00:37 +593 -66: C:/Users/Thibaut/Desktop/PriorisProject/test/presentation/widgets/common/common_dialog_test.dart: CommonDialog affiche les actions si fournies                                         00:37 +593 -66: C:/Users/Thibaut/Desktop/PriorisProject/test/presentation/widgets/common/common_dialog_test.dart: CommonDialog n'affiche pas d'actions si non fournies                                 00:37 +594 -66: C:/Users/Thibaut/Desktop/PriorisProject/test/presentation/widgets/common/common_dialog_test.dart: CommonDialog n'affiche pas d'actions si non fournies                                 00:37 +594 -66: C:/Users/Thibaut/Desktop/PriorisProject/test/presentation/widgets/common/common_dialog_test.dart: CommonDialog utilise le shape arrondi                                                00:37 +595 -66: C:/Users/Thibaut/Desktop/PriorisProject/test/presentation/widgets/common/common_empty_state_test.dart: CommonEmptyState should display title correctly                                 00:37 +596 -66: C:/Users/Thibaut/Desktop/PriorisProject/test/presentation/widgets/common/common_empty_state_test.dart: CommonEmptyState should display title correctly                                 00:37 +597 -66: C:/Users/Thibaut/Desktop/PriorisProject/test/presentation/widgets/common/common_empty_state_test.dart: CommonEmptyState should display title correctly                                 00:37 +598 -66: C:/Users/Thibaut/Desktop/PriorisProject/test/presentation/widgets/common/common_empty_state_test.dart: CommonEmptyState should display title correctly                                 00:37 +599 -66: C:/Users/Thibaut/Desktop/PriorisProject/test/presentation/widgets/common/common_empty_state_test.dart: CommonEmptyState should display title correctly                                 00:37 +600 -66: C:/Users/Thibaut/Desktop/PriorisProject/test/presentation/widgets/common/common_empty_state_test.dart: CommonEmptyState should display title correctly                                 00:38 +600 -66: C:/Users/Thibaut/Desktop/PriorisProject/test/presentation/widgets/common/common_empty_state_test.dart: CommonEmptyState should display title correctly                                 00:38 +601 -66: C:/Users/Thibaut/Desktop/PriorisProject/test/presentation/widgets/common/common_empty_state_test.dart: CommonEmptyState should display title correctly                                 00:38 +601 -66: C:/Users/Thibaut/Desktop/PriorisProject/test/presentation/widgets/common/common_empty_state_test.dart: CommonEmptyState should display subtitle when provided                          00:38 +602 -66: C:/Users/Thibaut/Desktop/PriorisProject/test/presentation/widgets/common/common_empty_state_test.dart: CommonEmptyState should display subtitle when provided                          00:38 +602 -66: C:/Users/Thibaut/Desktop/PriorisProject/test/presentation/widgets/common/common_empty_state_test.dart: CommonEmptyState should display icon when provided                              00:38 +603 -66: C:/Users/Thibaut/Desktop/PriorisProject/test/presentation/widgets/common/common_empty_state_test.dart: CommonEmptyState should display icon when provided                              00:38 +603 -66: C:/Users/Thibaut/Desktop/PriorisProject/test/presentation/widgets/common/common_empty_state_test.dart: ... should display action button when onAction and actionLabel are provided     00:38 +604 -66: C:/Users/Thibaut/Desktop/PriorisProject/test/presentation/widgets/common/common_list_tile_test.dart: CommonListTile affiche le titre                                                   00:38 +605 -66: C:/Users/Thibaut/Desktop/PriorisProject/test/presentation/widgets/common/common_list_tile_test.dart: CommonListTile affiche le titre                                                   00:38 +606 -66: C:/Users/Thibaut/Desktop/PriorisProject/test/presentation/widgets/common/common_list_tile_test.dart: CommonListTile affiche le titre                                                   00:38 +607 -66: C:/Users/Thibaut/Desktop/PriorisProject/test/presentation/widgets/common/common_list_tile_test.dart: CommonListTile affiche le titre                                                   00:38 +608 -66: C:/Users/Thibaut/Desktop/PriorisProject/test/presentation/widgets/common/common_list_tile_test.dart: CommonListTile affiche le titre                                                   00:38 +609 -66: C:/Users/Thibaut/Desktop/PriorisProject/test/presentation/widgets/common/common_list_tile_test.dart: CommonListTile affiche le titre                                                   00:38 +610 -66: C:/Users/Thibaut/Desktop/PriorisProject/test/presentation/widgets/common/common_list_tile_test.dart: CommonListTile affiche le titre                                                   00:38 +611 -66: C:/Users/Thibaut/Desktop/PriorisProject/test/presentation/widgets/common/common_list_tile_test.dart: CommonListTile affiche le titre                                                   00:38 +612 -66: C:/Users/Thibaut/Desktop/PriorisProject/test/presentation/widgets/common/common_list_tile_test.dart: CommonListTile affiche le titre                                                   00:38 +613 -66: C:/Users/Thibaut/Desktop/PriorisProject/test/presentation/widgets/common/common_list_tile_test.dart: CommonListTile affiche le titre                                                   00:38 +614 -66: C:/Users/Thibaut/Desktop/PriorisProject/test/presentation/widgets/common/common_list_tile_test.dart: CommonListTile affiche le titre                                                   00:38 +615 -66: C:/Users/Thibaut/Desktop/PriorisProject/test/presentation/widgets/common/common_list_tile_test.dart: CommonListTile affiche le titre                                                   00:38 +615 -66: C:/Users/Thibaut/Desktop/PriorisProject/test/presentation/widgets/common/common_list_tile_test.dart: CommonListTile affiche le sous-titre si fourni                                    00:38 +616 -66: C:/Users/Thibaut/Desktop/PriorisProject/test/presentation/widgets/common/common_list_tile_test.dart: CommonListTile affiche le sous-titre si fourni                                    00:38 +616 -66: C:/Users/Thibaut/Desktop/PriorisProject/test/presentation/widgets/common/common_list_tile_test.dart: CommonListTile n'affiche pas le sous-titre si non fourni                          00:38 +617 -66: C:/Users/Thibaut/Desktop/PriorisProject/test/presentation/widgets/common/common_list_tile_test.dart: CommonListTile n'affiche pas le sous-titre si non fourni                          00:38 +617 -66: C:/Users/Thibaut/Desktop/PriorisProject/test/presentation/widgets/common/common_list_tile_test.dart: CommonListTile affiche le leading si fourni                                       00:38 +618 -66: C:/Users/Thibaut/Desktop/PriorisProject/test/presentation/widgets/common/common_list_tile_test.dart: CommonListTile affiche le leading si fourni                                       00:38 +618 -66: C:/Users/Thibaut/Desktop/PriorisProject/test/presentation/widgets/common/common_list_tile_test.dart: CommonListTile affiche le trailing si fourni                                      00:38 +619 -66: C:/Users/Thibaut/Desktop/PriorisProject/test/presentation/widgets/common/common_loading_state_test.dart: CommonLoadingState should render with default properties                      00:38 +620 -66: C:/Users/Thibaut/Desktop/PriorisProject/test/presentation/widgets/common/common_loading_state_test.dart: CommonLoadingState should render with default properties                      00:38 +621 -66: C:/Users/Thibaut/Desktop/PriorisProject/test/presentation/widgets/common/common_loading_state_test.dart: CommonLoadingState should render with default properties                      00:38 +622 -66: C:/Users/Thibaut/Desktop/PriorisProject/test/presentation/widgets/common/common_loading_state_test.dart: CommonLoadingState should render with default properties                      00:38 +623 -66: C:/Users/Thibaut/Desktop/PriorisProject/test/presentation/widgets/common/common_loading_state_test.dart: CommonLoadingState should render with default properties                      00:38 +624 -66: C:/Users/Thibaut/Desktop/PriorisProject/test/presentation/widgets/common/common_loading_state_test.dart: CommonLoadingState should render with default properties                      00:38 +625 -66: C:/Users/Thibaut/Desktop/PriorisProject/test/presentation/widgets/common/common_loading_state_test.dart: CommonLoadingState should render with default properties                      00:38 +626 -66: C:/Users/Thibaut/Desktop/PriorisProject/test/presentation/widgets/common/common_loading_state_test.dart: CommonLoadingState should render with default properties                      00:38 +627 -66: C:/Users/Thibaut/Desktop/PriorisProject/test/presentation/widgets/common/common_loading_state_test.dart: CommonLoadingState should render with default properties                      00:38 +628 -66: C:/Users/Thibaut/Desktop/PriorisProject/test/presentation/widgets/common/common_loading_state_test.dart: CommonLoadingState should render with default properties                      00:38 +629 -66: C:/Users/Thibaut/Desktop/PriorisProject/test/presentation/widgets/common/common_loading_state_test.dart: CommonLoadingState should render with default properties                      00:38 +630 -66: C:/Users/Thibaut/Desktop/PriorisProject/test/presentation/widgets/common/common_loading_state_test.dart: CommonLoadingState should render with default properties                      00:38 +630 -66: C:/Users/Thibaut/Desktop/PriorisProject/test/presentation/widgets/common/common_loading_state_test.dart: CommonLoadingState should render with custom message                          00:38 +631 -66: C:/Users/Thibaut/Desktop/PriorisProject/test/presentation/widgets/common/common_loading_state_test.dart: CommonLoadingState should render with custom message                          00:38 +631 -66: C:/Users/Thibaut/Desktop/PriorisProject/test/presentation/widgets/common/common_loading_state_test.dart: CommonLoadingState should apply custom size                                   00:38 +632 -66: C:/Users/Thibaut/Desktop/PriorisProject/test/presentation/widgets/common/common_loading_state_test.dart: CommonLoadingState should apply custom size                                   00:38 +632 -66: C:/Users/Thibaut/Desktop/PriorisProject/test/presentation/widgets/common/common_loading_state_test.dart: CommonLoadingState should apply custom color                                  00:38 +633 -66: C:/Users/Thibaut/Desktop/PriorisProject/test/presentation/widgets/common/common_metric_display_test.dart: CommonMetricDisplay affiche la valeur et le label correctement               00:38 +634 -66: C:/Users/Thibaut/Desktop/PriorisProject/test/presentation/widgets/common/common_metric_display_test.dart: CommonMetricDisplay affiche la valeur et le label correctement               00:38 +635 -66: C:/Users/Thibaut/Desktop/PriorisProject/test/presentation/widgets/common/common_metric_display_test.dart: CommonMetricDisplay affiche la valeur et le label correctement               00:38 +636 -66: C:/Users/Thibaut/Desktop/PriorisProject/test/presentation/widgets/common/common_metric_display_test.dart: CommonMetricDisplay affiche la valeur et le label correctement               00:38 +637 -66: C:/Users/Thibaut/Desktop/PriorisProject/test/presentation/widgets/common/common_metric_display_test.dart: CommonMetricDisplay affiche la valeur et le label correctement               00:39 +637 -66: C:/Users/Thibaut/Desktop/PriorisProject/test/presentation/widgets/common/common_metric_display_test.dart: CommonMetricDisplay affiche la valeur et le label correctement               00:39 +638 -66: C:/Users/Thibaut/Desktop/PriorisProject/test/presentation/widgets/common/common_metric_display_test.dart: CommonMetricDisplay affiche la valeur et le label correctement               00:39 +638 -66: C:/Users/Thibaut/Desktop/PriorisProject/test/presentation/widgets/common/common_metric_display_test.dart: CommonMetricDisplay affiche l'icône si fournie                               00:39 +639 -66: C:/Users/Thibaut/Desktop/PriorisProject/test/presentation/widgets/common/common_metric_display_test.dart: CommonMetricDisplay affiche l'icône si fournie                               00:39 +639 -66: C:/Users/Thibaut/Desktop/PriorisProject/test/presentation/widgets/common/common_metric_display_test.dart: CommonMetricDisplay n'affiche pas l'icône si non fournie                     00:39 +640 -66: C:/Users/Thibaut/Desktop/PriorisProject/test/presentation/widgets/common/common_metric_display_test.dart: CommonMetricDisplay n'affiche pas l'icône si non fournie                     00:39 +640 -66: C:/Users/Thibaut/Desktop/PriorisProject/test/presentation/widgets/common/common_metric_display_test.dart: CommonMetricDisplay utilise la couleur personnalisée pour l'icône            00:39 +641 -66: C:/Users/Thibaut/Desktop/PriorisProject/test/presentation/widgets/common/common_metric_display_test.dart: CommonMetricDisplay utilise la couleur personnalisée pour l'icône            00:39 +641 -66: C:/Users/Thibaut/Desktop/PriorisProject/test/presentation/widgets/common/common_metric_display_test.dart: CommonMetricDisplay utilise la couleur personnalisée pour la valeur          00:39 +642 -66: C:/Users/Thibaut/Desktop/PriorisProject/test/presentation/widgets/common/common_progress_bar_test.dart: CommonProgressBar affiche le label si fourni                                   00:39 +643 -66: C:/Users/Thibaut/Desktop/PriorisProject/test/presentation/widgets/common/common_progress_bar_test.dart: CommonProgressBar affiche le label si fourni                                   00:39 +644 -66: C:/Users/Thibaut/Desktop/PriorisProject/test/presentation/widgets/common/common_progress_bar_test.dart: CommonProgressBar affiche le label si fourni                                   00:39 +645 -66: C:/Users/Thibaut/Desktop/PriorisProject/test/presentation/widgets/common/common_progress_bar_test.dart: CommonProgressBar affiche le label si fourni                                   00:39 +646 -66: C:/Users/Thibaut/Desktop/PriorisProject/test/presentation/widgets/common/common_progress_bar_test.dart: CommonProgressBar affiche le label si fourni                                   00:39 +647 -66: C:/Users/Thibaut/Desktop/PriorisProject/test/presentation/widgets/common/common_progress_bar_test.dart: CommonProgressBar affiche le label si fourni                                   00:39 +648 -66: C:/Users/Thibaut/Desktop/PriorisProject/test/presentation/widgets/common/common_progress_bar_test.dart: CommonProgressBar affiche le label si fourni                                   00:39 +649 -66: C:/Users/Thibaut/Desktop/PriorisProject/test/presentation/widgets/common/common_progress_bar_test.dart: CommonProgressBar affiche le label si fourni                                   00:39 +650 -66: C:/Users/Thibaut/Desktop/PriorisProject/test/presentation/widgets/common/common_progress_bar_test.dart: CommonProgressBar affiche le label si fourni                                   00:39 +651 -66: C:/Users/Thibaut/Desktop/PriorisProject/test/presentation/widgets/common/common_progress_bar_test.dart: CommonProgressBar affiche le label si fourni                                   00:39 +652 -66: C:/Users/Thibaut/Desktop/PriorisProject/test/presentation/widgets/common/common_progress_bar_test.dart: CommonProgressBar affiche le label si fourni                                   00:39 +653 -66: C:/Users/Thibaut/Desktop/PriorisProject/test/presentation/widgets/common/common_progress_bar_test.dart: CommonProgressBar affiche le label si fourni                                   00:39 +654 -66: C:/Users/Thibaut/Desktop/PriorisProject/test/presentation/widgets/common/common_progress_bar_test.dart: CommonProgressBar affiche le label si fourni                                   00:39 +655 -66: C:/Users/Thibaut/Desktop/PriorisProject/test/presentation/widgets/common/common_progress_bar_test.dart: CommonProgressBar affiche le label si fourni                                   00:39 +656 -66: C:/Users/Thibaut/Desktop/PriorisProject/test/presentation/widgets/common/common_progress_bar_test.dart: CommonProgressBar affiche le label si fourni                                   00:39 +657 -66: C:/Users/Thibaut/Desktop/PriorisProject/test/presentation/widgets/common/common_progress_bar_test.dart: CommonProgressBar affiche le label si fourni                                   00:39 +658 -66: C:/Users/Thibaut/Desktop/PriorisProject/test/presentation/widgets/common/common_progress_bar_test.dart: CommonProgressBar affiche le label si fourni                                   00:39 +658 -66: C:/Users/Thibaut/Desktop/PriorisProject/test/presentation/widgets/common/common_progress_bar_test.dart: CommonProgressBar n'affiche pas de label si non fourni                         00:39 +659 -66: C:/Users/Thibaut/Desktop/PriorisProject/test/presentation/widgets/common/common_progress_bar_test.dart: CommonProgressBar n'affiche pas de label si non fourni                         00:39 +659 -66: C:/Users/Thibaut/Desktop/PriorisProject/test/presentation/widgets/common/common_progress_bar_test.dart: CommonProgressBar affiche le pourcentage si showPercentage=true                00:39 +660 -66: C:/Users/Thibaut/Desktop/PriorisProject/test/presentation/widgets/common/common_progress_bar_test.dart: CommonProgressBar affiche le pourcentage si showPercentage=true                00:39 +660 -66: C:/Users/Thibaut/Desktop/PriorisProject/test/presentation/widgets/common/common_progress_bar_test.dart: CommonProgressBar n'affiche pas le pourcentage si showPercentage=false         00:39 +661 -66: C:/Users/Thibaut/Desktop/PriorisProject/test/presentation/widgets/common/common_progress_bar_test.dart: CommonProgressBar n'affiche pas le pourcentage si showPercentage=false         00:39 +661 -66: C:/Users/Thibaut/Desktop/PriorisProject/test/presentation/widgets/common/common_progress_bar_test.dart: CommonProgressBar utilise la couleur personnalisée si fournie                  00:39 +662 -66: C:/Users/Thibaut/Desktop/PriorisProject/test/presentation/widgets/common/common_section_header_test.dart: CommonSectionHeader should render with title only                            00:39 +663 -66: C:/Users/Thibaut/Desktop/PriorisProject/test/presentation/widgets/common/common_section_header_test.dart: CommonSectionHeader should render with title only                            00:39 +664 -66: C:/Users/Thibaut/Desktop/PriorisProject/test/presentation/widgets/common/common_section_header_test.dart: CommonSectionHeader should render with title only                            00:39 +665 -66: C:/Users/Thibaut/Desktop/PriorisProject/test/presentation/widgets/common/common_section_header_test.dart: CommonSectionHeader should render with title only                            00:39 +666 -66: C:/Users/Thibaut/Desktop/PriorisProject/test/presentation/widgets/common/common_section_header_test.dart: CommonSectionHeader should render with title only                            00:39 +667 -66: C:/Users/Thibaut/Desktop/PriorisProject/test/presentation/widgets/common/common_section_header_test.dart: CommonSectionHeader should render with title only                            00:39 +668 -66: C:/Users/Thibaut/Desktop/PriorisProject/test/presentation/widgets/common/common_section_header_test.dart: CommonSectionHeader should render with title only                            00:39 +669 -66: C:/Users/Thibaut/Desktop/PriorisProject/test/presentation/widgets/common/common_section_header_test.dart: CommonSectionHeader should render with title only                            00:39 +670 -66: C:/Users/Thibaut/Desktop/PriorisProject/test/presentation/widgets/common/common_section_header_test.dart: CommonSectionHeader should render with title only                            00:39 +671 -66: C:/Users/Thibaut/Desktop/PriorisProject/test/presentation/widgets/common/common_section_header_test.dart: CommonSectionHeader should render with title only                            00:39 +672 -66: C:/Users/Thibaut/Desktop/PriorisProject/test/presentation/widgets/common/common_section_header_test.dart: CommonSectionHeader should render with title only                            00:39 +673 -66: C:/Users/Thibaut/Desktop/PriorisProject/test/presentation/widgets/common/common_section_header_test.dart: CommonSectionHeader should render with title only                            00:39 +674 -66: C:/Users/Thibaut/Desktop/PriorisProject/test/presentation/widgets/common/common_section_header_test.dart: CommonSectionHeader should render with title only                            00:39 +675 -66: C:/Users/Thibaut/Desktop/PriorisProject/test/presentation/widgets/common/common_section_header_test.dart: CommonSectionHeader should render with title only                            00:39 +676 -66: C:/Users/Thibaut/Desktop/PriorisProject/test/presentation/widgets/common/common_section_header_test.dart: CommonSectionHeader should render with title only                            00:40 +676 -66: C:/Users/Thibaut/Desktop/PriorisProject/test/presentation/widgets/common/common_section_header_test.dart: CommonSectionHeader should render with title only                            00:40 +677 -66: C:/Users/Thibaut/Desktop/PriorisProject/test/presentation/widgets/common/common_section_header_test.dart: CommonSectionHeader should render with title only                            00:40 +677 -66: C:/Users/Thibaut/Desktop/PriorisProject/test/presentation/widgets/common/common_section_header_test.dart: CommonSectionHeader should render with title and subtitle                    00:40 +678 -66: C:/Users/Thibaut/Desktop/PriorisProject/test/presentation/widgets/common/common_section_header_test.dart: CommonSectionHeader should render with title and subtitle                    00:40 +678 -66: C:/Users/Thibaut/Desktop/PriorisProject/test/presentation/widgets/common/common_section_header_test.dart: CommonSectionHeader should render with icon                                  00:40 +679 -66: C:/Users/Thibaut/Desktop/PriorisProject/test/presentation/widgets/common/common_section_header_test.dart: CommonSectionHeader should render with icon                                  00:40 +679 -66: C:/Users/Thibaut/Desktop/PriorisProject/test/presentation/widgets/common/common_section_header_test.dart: CommonSectionHeader should render with action button                         00:40 +680 -66: C:/Users/Thibaut/Desktop/PriorisProject/test/presentation/widgets/common/common_text_field_test.dart: CommonTextField affiche le label si fourni                                       00:40 +681 -66: C:/Users/Thibaut/Desktop/PriorisProject/test/presentation/widgets/common/common_text_field_test.dart: CommonTextField affiche le label si fourni                                       00:40 +682 -66: C:/Users/Thibaut/Desktop/PriorisProject/test/presentation/widgets/common/common_text_field_test.dart: CommonTextField affiche le label si fourni                                       00:40 +683 -66: C:/Users/Thibaut/Desktop/PriorisProject/test/presentation/widgets/common/common_text_field_test.dart: CommonTextField affiche le label si fourni                                       00:40 +684 -66: C:/Users/Thibaut/Desktop/PriorisProject/test/presentation/widgets/common/common_text_field_test.dart: CommonTextField affiche le label si fourni                                       00:40 +685 -66: C:/Users/Thibaut/Desktop/PriorisProject/test/presentation/widgets/common/common_text_field_test.dart: CommonTextField affiche le label si fourni                                       00:40 +686 -66: C:/Users/Thibaut/Desktop/PriorisProject/test/presentation/widgets/common/common_text_field_test.dart: CommonTextField affiche le label si fourni                                       00:40 +687 -66: C:/Users/Thibaut/Desktop/PriorisProject/test/presentation/widgets/common/common_text_field_test.dart: CommonTextField affiche le label si fourni                                       00:40 +688 -66: C:/Users/Thibaut/Desktop/PriorisProject/test/presentation/widgets/common/common_text_field_test.dart: CommonTextField affiche le label si fourni                                       00:40 +689 -66: C:/Users/Thibaut/Desktop/PriorisProject/test/presentation/widgets/dialogs/habit_record_dialog_test.dart: HabitRecordDialog should display dialog and save value                        00:40 +690 -66: C:/Users/Thibaut/Desktop/PriorisProject/test/presentation/widgets/dialogs/habit_record_dialog_test.dart: HabitRecordDialog should display dialog and save value                        00:40 +691 -66: C:/Users/Thibaut/Desktop/PriorisProject/test/presentation/widgets/dialogs/habit_record_dialog_test.dart: HabitRecordDialog should display dialog and save value                        00:40 +692 -66: C:/Users/Thibaut/Desktop/PriorisProject/test/presentation/widgets/dialogs/habit_record_dialog_test.dart: HabitRecordDialog should display dialog and save value                        00:40 +693 -66: C:/Users/Thibaut/Desktop/PriorisProject/test/presentation/widgets/dialogs/habit_record_dialog_test.dart: HabitRecordDialog should display dialog and save value                        00:40 +694 -66: C:/Users/Thibaut/Desktop/PriorisProject/test/presentation/widgets/dialogs/habit_record_dialog_test.dart: HabitRecordDialog should display dialog and save value                        00:40 +695 -66: C:/Users/Thibaut/Desktop/PriorisProject/test/presentation/widgets/dialogs/habit_record_dialog_test.dart: HabitRecordDialog should display dialog and save value                        00:40 +696 -66: C:/Users/Thibaut/Desktop/PriorisProject/test/presentation/widgets/dialogs/habit_record_dialog_test.dart: HabitRecordDialog should display dialog and save value                        00:40 +697 -66: C:/Users/Thibaut/Desktop/PriorisProject/test/presentation/widgets/dialogs/habit_record_dialog_test.dart: HabitRecordDialog should display dialog and save value                        00:40 +698 -66: C:/Users/Thibaut/Desktop/PriorisProject/test/presentation/widgets/dialogs/habit_record_dialog_test.dart: HabitRecordDialog should display dialog and save value                        00:40 +699 -66: C:/Users/Thibaut/Desktop/PriorisProject/test/presentation/widgets/dialogs/habit_record_dialog_test.dart: HabitRecordDialog should display dialog and save value                        00:40 +700 -66: C:/Users/Thibaut/Desktop/PriorisProject/test/presentation/widgets/dialogs/habit_record_dialog_test.dart: HabitRecordDialog should display dialog and save value                        00:40 +701 -66: C:/Users/Thibaut/Desktop/PriorisProject/test/presentation/widgets/dialogs/habit_record_dialog_test.dart: HabitRecordDialog should display dialog and save value                        00:40 +702 -66: C:/Users/Thibaut/Desktop/PriorisProject/test/presentation/widgets/dialogs/habit_record_dialog_test.dart: HabitRecordDialog should display dialog and save value                        00:40 +703 -66: C:/Users/Thibaut/Desktop/PriorisProject/test/presentation/widgets/dialogs/habit_record_dialog_test.dart: HabitRecordDialog should display dialog and save value                        00:40 +704 -66: C:/Users/Thibaut/Desktop/PriorisProject/test/presentation/widgets/dialogs/habit_record_dialog_test.dart: HabitRecordDialog should display dialog and save value                        00:40 +705 -66: C:/Users/Thibaut/Desktop/PriorisProject/test/presentation/widgets/dialogs/habit_record_dialog_test.dart: HabitRecordDialog should display dialog and save value                        00:40 +706 -66: C:/Users/Thibaut/Desktop/PriorisProject/test/presentation/widgets/dialogs/habit_record_dialog_test.dart: HabitRecordDialog should display dialog and save value                        00:41 +706 -66: C:/Users/Thibaut/Desktop/PriorisProject/test/presentation/widgets/dialogs/habit_record_dialog_test.dart: HabitRecordDialog should display dialog and save value                        00:41 +707 -66: C:/Users/Thibaut/Desktop/PriorisProject/test/presentation/widgets/dialogs/habit_record_dialog_test.dart: HabitRecordDialog should display dialog and save value                        00:41 +707 -66: loading C:/Users/Thibaut/Desktop/PriorisProject/test/presentation/widgets/dialogs/list_form_dialog_test.dart                                                                           00:41 +707 -66: C:/Users/Thibaut/Desktop/PriorisProject/test/presentation/widgets/dialogs/list_form_dialog_test.dart: ListFormDialog affiche le titre de création                                      00:41 +708 -66: C:/Users/Thibaut/Desktop/PriorisProject/test/presentation/widgets/dialogs/list_item_form_dialog_test.dart: ListItemFormDialog Tests affiche le dialogue de création d'item             00:41 +709 -66: C:/Users/Thibaut/Desktop/PriorisProject/test/presentation/widgets/dialogs/list_item_form_dialog_test.dart: ListItemFormDialog Tests affiche le dialogue de création d'item             00:42 +709 -66: C:/Users/Thibaut/Desktop/PriorisProject/test/presentation/widgets/dialogs/list_item_form_dialog_test.dart: ListItemFormDialog Tests affiche le dialogue de création d'item             00:42 +710 -66: C:/Users/Thibaut/Desktop/PriorisProject/test/presentation/widgets/dialogs/list_item_form_dialog_test.dart: ListItemFormDialog Tests affiche le dialogue de création d'item             00:42 +711 -66: C:/Users/Thibaut/Desktop/PriorisProject/test/presentation/widgets/dialogs/list_item_form_dialog_test.dart: ListItemFormDialog Tests affiche le dialogue de création d'item             00:42 +712 -66: C:/Users/Thibaut/Desktop/PriorisProject/test/presentation/widgets/forms/habit_basic_info_form_test.dart: HabitBasicInfoForm should display all fields and change type                  00:42 +713 -66: C:/Users/Thibaut/Desktop/PriorisProject/test/presentation/widgets/forms/habit_basic_info_form_test.dart: HabitBasicInfoForm should display all fields and change type                  00:42 +714 -66: C:/Users/Thibaut/Desktop/PriorisProject/test/presentation/widgets/forms/habit_basic_info_form_test.dart: HabitBasicInfoForm should display all fields and change type                  00:42 +715 -66: C:/Users/Thibaut/Desktop/PriorisProject/test/presentation/widgets/forms/habit_basic_info_form_test.dart: HabitBasicInfoForm should display all fields and change type                  00:42 +716 -66: C:/Users/Thibaut/Desktop/PriorisProject/test/presentation/widgets/forms/habit_basic_info_form_test.dart: HabitBasicInfoForm should display all fields and change type                  00:42 +717 -66: C:/Users/Thibaut/Desktop/PriorisProject/test/presentation/widgets/forms/habit_quantitative_form_test.dart: HabitQuantitativeForm should not display if type is binary                  00:42 +718 -66: C:/Users/Thibaut/Desktop/PriorisProject/test/presentation/widgets/forms/habit_quantitative_form_test.dart: HabitQuantitativeForm should not display if type is binary                  00:42 +719 -66: C:/Users/Thibaut/Desktop/PriorisProject/test/presentation/widgets/dialogs/list_item_form_dialog_test.dart: ... Tests permet la saisie de description et catégorie optionnelles         00:42 +720 -66: C:/Users/Thibaut/Desktop/PriorisProject/test/presentation/widgets/forms/habit_quantitative_form_test.dart: HabitQuantitativeForm should display fields if type is quantitative         00:43 +720 -66: C:/Users/Thibaut/Desktop/PriorisProject/test/presentation/widgets/forms/habit_quantitative_form_test.dart: HabitQuantitativeForm should display fields if type is quantitative         00:43 +721 -66: C:/Users/Thibaut/Desktop/PriorisProject/test/presentation/widgets/forms/habit_recurrence_form_test.dart: HabitRecurrenceForm should display frequency dropdown and default options     00:43 +722 -66: C:/Users/Thibaut/Desktop/PriorisProject/test/presentation/widgets/forms/habit_recurrence_form_test.dart: HabitRecurrenceForm should display frequency dropdown and default options     00:43 +722 -66: C:/Users/Thibaut/Desktop/PriorisProject/test/presentation/widgets/forms/habit_recurrence_form_test.dart: HabitRecurrenceForm should display daily interval option                      00:43 +723 -66: C:/Users/Thibaut/Desktop/PriorisProject/test/presentation/widgets/habit_footer_test.dart: HabitFooter should display category and recurrence                                           00:43 +724 -66: C:/Users/Thibaut/Desktop/PriorisProject/test/presentation/widgets/habit_footer_test.dart: HabitFooter should display category and recurrence                                           00:43 +725 -66: C:/Users/Thibaut/Desktop/PriorisProject/test/presentation/widgets/habit_footer_test.dart: HabitFooter should display category and recurrence                                           00:43 +726 -66: C:/Users/Thibaut/Desktop/PriorisProject/test/presentation/widgets/habit_footer_test.dart: HabitFooter should display category and recurrence                                           00:43 +726 -66: C:/Users/Thibaut/Desktop/PriorisProject/test/presentation/widgets/habit_footer_test.dart: HabitFooter should display default recurrence if null                                        00:43 +727 -66: C:/Users/Thibaut/Desktop/PriorisProject/test/presentation/widgets/habit_footer_test.dart: HabitFooter should display default recurrence if null                                        00:43 +727 -66: C:/Users/Thibaut/Desktop/PriorisProject/test/presentation/widgets/habit_footer_test.dart: HabitFooter should display correct recurrence for weeklyDays                                 00:43 +728 -66: C:/Users/Thibaut/Desktop/PriorisProject/test/presentation/widgets/language_selector_test.dart: ... LanguageSelector should display language selector with all supported languages      00:44 +728 -66: C:/Users/Thibaut/Desktop/PriorisProject/test/presentation/widgets/language_selector_test.dart: ... LanguageSelector should display language selector with all supported languages      00:44 +729 -66: C:/Users/Thibaut/Desktop/PriorisProject/test/presentation/widgets/language_selector_test.dart: ... LanguageSelector should display language selector with all supported languages      00:44 +729 -66: C:/Users/Thibaut/Desktop/PriorisProject/test/presentation/widgets/language_selector_test.dart: LanguageSelector LanguageSelector should highlight current language                     00:44 +730 -66: C:/Users/Thibaut/Desktop/PriorisProject/test/presentation/widgets/language_selector_test.dart: LanguageSelector LanguageSelector should highlight current language                     00:44 +730 -66: C:/Users/Thibaut/Desktop/PriorisProject/test/presentation/widgets/language_selector_test.dart: LanguageSelector LanguageSelector should change language when tapped                    00:44 +731 -66: C:/Users/Thibaut/Desktop/PriorisProject/test/presentation/widgets/progress/habit_progress_bar_test.dart: HabitProgressBar should display progress bar for binary habit                 00:44 +732 -66: C:/Users/Thibaut/Desktop/PriorisProject/test/presentation/widgets/progress/habit_progress_bar_test.dart: HabitProgressBar should display progress bar for binary habit                 00:44 +733 -66: C:/Users/Thibaut/Desktop/PriorisProject/test/presentation/widgets/progress/habit_progress_bar_test.dart: HabitProgressBar should display progress bar for binary habit                 00:44 +734 -66: C:/Users/Thibaut/Desktop/PriorisProject/test/presentation/widgets/progress/habit_progress_bar_test.dart: HabitProgressBar should display progress bar for binary habit                 00:44 +735 -66: C:/Users/Thibaut/Desktop/PriorisProject/test/presentation/widgets/progress/habit_progress_bar_test.dart: HabitProgressBar should display progress bar for binary habit                 00:44 +736 -66: C:/Users/Thibaut/Desktop/PriorisProject/test/presentation/widgets/progress/habit_progress_bar_test.dart: HabitProgressBar should display progress bar for binary habit                 00:44 +737 -66: C:/Users/Thibaut/Desktop/PriorisProject/test/presentation/widgets/language_selector_test.dart: ... CompactLanguageSelector should change language when option is selected in dialog    00:44 +738 -66: C:/Users/Thibaut/Desktop/PriorisProject/test/presentation/widgets/progress/habit_progress_bar_test.dart: HabitProgressBar should display progress bar for quantitative habit           00:44 +739 -66: C:/Users/Thibaut/Desktop/PriorisProject/test/presentation/widgets/language_selector_test.dart: LanguageSelector CompactLanguageSelector should close dialog when cancel is tapped      00:44 +740 -66: C:/Users/Thibaut/Desktop/PriorisProject/test/presentation/widgets/language_selector_test.dart: LanguageSelector CompactLanguageSelector should close dialog when cancel is tapped      00:44 +741 -66: C:/Users/Thibaut/Desktop/PriorisProject/test/presentation/widgets/language_selector_test.dart: LanguageSelector CompactLanguageSelector should close dialog when cancel is tapped      00:44 +742 -66: C:/Users/Thibaut/Desktop/PriorisProject/test/presentation/widgets/sample_data/sample_data_action_buttons_test.dart: ... should display both buttons when not loading                   00:44 +743 -66: C:/Users/Thibaut/Desktop/PriorisProject/test/presentation/widgets/sample_data/sample_data_action_buttons_test.dart: ... should display both buttons when not loading                   00:44 +744 -66: C:/Users/Thibaut/Desktop/PriorisProject/test/presentation/widgets/sample_data/sample_data_action_buttons_test.dart: ... should display both buttons when not loading                   00:44 +745 -66: C:/Users/Thibaut/Desktop/PriorisProject/test/presentation/widgets/sample_data/sample_data_action_buttons_test.dart: ... should display both buttons when not loading                   00:44 +746 -66: C:/Users/Thibaut/Desktop/PriorisProject/test/presentation/widgets/sample_data/sample_data_action_buttons_test.dart: ... should display both buttons when not loading                   00:44 +747 -66: C:/Users/Thibaut/Desktop/PriorisProject/test/presentation/widgets/sample_data/sample_data_action_buttons_test.dart: ... should display both buttons when not loading                   00:44 +748 -66: C:/Users/Thibaut/Desktop/PriorisProject/test/presentation/widgets/sample_data/sample_data_action_buttons_test.dart: ... should display both buttons when not loading                   00:44 +749 -66: C:/Users/Thibaut/Desktop/PriorisProject/test/presentation/widgets/sample_data/sample_data_action_buttons_test.dart: ... should display both buttons when not loading                   00:44 +749 -66: C:/Users/Thibaut/Desktop/PriorisProject/test/presentation/widgets/sample_data/sample_data_action_buttons_test.dart: ... should show loading indicator when isLoading is true           00:44 +750 -66: C:/Users/Thibaut/Desktop/PriorisProject/test/presentation/widgets/sample_data/sample_data_action_buttons_test.dart: ... should show loading indicator when isLoading is true           00:44 +750 -66: C:/Users/Thibaut/Desktop/PriorisProject/test/presentation/widgets/sample_data/sample_data_action_buttons_test.dart: SampleDataActionButtons should disable buttons when loading        00:44 +751 -66: C:/Users/Thibaut/Desktop/PriorisProject/test/presentation/widgets/sample_data/sample_data_action_buttons_test.dart: SampleDataActionButtons should disable buttons when loading        00:44 +751 -66: C:/Users/Thibaut/Desktop/PriorisProject/test/presentation/widgets/sample_data/sample_data_action_buttons_test.dart: SampleDataActionButtons should enable buttons when not loading     00:44 +752 -66: C:/Users/Thibaut/Desktop/PriorisProject/test/presentation/widgets/sample_data/sample_data_error_display_test.dart: SampleDataErrorDisplay should display error message correctly       00:45 +752 -66: C:/Users/Thibaut/Desktop/PriorisProject/test/presentation/widgets/sample_data/sample_data_error_display_test.dart: SampleDataErrorDisplay should display error message correctly       00:45 +753 -66: C:/Users/Thibaut/Desktop/PriorisProject/test/presentation/widgets/sample_data/sample_data_error_display_test.dart: SampleDataErrorDisplay should display error message correctly       00:45 +754 -66: C:/Users/Thibaut/Desktop/PriorisProject/test/presentation/widgets/sample_data/sample_data_error_display_test.dart: SampleDataErrorDisplay should display error message correctly       00:45 +755 -66: C:/Users/Thibaut/Desktop/PriorisProject/test/presentation/widgets/sample_data/sample_data_error_display_test.dart: SampleDataErrorDisplay should display error message correctly       00:45 +756 -66: C:/Users/Thibaut/Desktop/PriorisProject/test/presentation/widgets/sample_data/sample_data_error_display_test.dart: SampleDataErrorDisplay should display error message correctly       00:45 +757 -66: C:/Users/Thibaut/Desktop/PriorisProject/test/presentation/widgets/sample_data/sample_data_error_display_test.dart: SampleDataErrorDisplay should display error message correctly       00:45 +757 -66: C:/Users/Thibaut/Desktop/PriorisProject/test/presentation/widgets/sample_data/sample_data_error_display_test.dart: SampleDataErrorDisplay should have correct layout structure         00:45 +758 -66: C:/Users/Thibaut/Desktop/PriorisProject/test/presentation/widgets/sample_data/sample_data_error_display_test.dart: SampleDataErrorDisplay should have correct layout structure         00:45 +758 -66: C:/Users/Thibaut/Desktop/PriorisProject/test/presentation/widgets/sample_data/sample_data_error_display_test.dart: SampleDataErrorDisplay should have correct styling with red theme   00:45 +759 -66: C:/Users/Thibaut/Desktop/PriorisProject/test/presentation/widgets/sample_data/sample_data_error_display_test.dart: SampleDataErrorDisplay should have correct styling with red theme   00:45 +759 -66: C:/Users/Thibaut/Desktop/PriorisProject/test/presentation/widgets/sample_data/sample_data_error_display_test.dart: SampleDataErrorDisplay should handle long error messages            00:45 +760 -66: C:/Users/Thibaut/Desktop/PriorisProject/test/presentation/widgets/sample_data/sample_data_error_display_test.dart: SampleDataErrorDisplay should handle long error messages            00:45 +760 -66: C:/Users/Thibaut/Desktop/PriorisProject/test/presentation/widgets/sample_data/sample_data_error_display_test.dart: SampleDataErrorDisplay should handle empty error message            00:45 +761 -66: C:/Users/Thibaut/Desktop/PriorisProject/test/presentation/widgets/sample_data/sample_data_error_display_test.dart: SampleDataErrorDisplay should handle empty error message            00:45 +761 -66: loading C:/Users/Thibaut/Desktop/PriorisProject/test/presentation/widgets/sample_data/sample_data_import_dialog_test.dart                                                              00:45 +761 -66: C:/Users/Thibaut/Desktop/PriorisProject/test/presentation/widgets/sample_data/sample_data_import_dialog_test.dart: SampleDataImportDialog affiche le titre du dialogue                 00:45 +762 -66: C:/Users/Thibaut/Desktop/PriorisProject/test/presentation/widgets/sample_data/sample_data_stats_display_test.dart: SampleDataStatsDisplay should display all statistics correctly      00:45 +763 -66: C:/Users/Thibaut/Desktop/PriorisProject/test/presentation/widgets/sample_data/sample_data_stats_display_test.dart: SampleDataStatsDisplay should display all statistics correctly      00:45 +764 -66: C:/Users/Thibaut/Desktop/PriorisProject/test/presentation/widgets/sample_data/sample_data_stats_display_test.dart: SampleDataStatsDisplay should display all statistics correctly      00:45 +765 -66: C:/Users/Thibaut/Desktop/PriorisProject/test/presentation/widgets/sample_data/sample_data_stats_display_test.dart: SampleDataStatsDisplay should display all statistics correctly      00:46 +766 -66: C:/Users/Thibaut/Desktop/PriorisProject/test/presentation/widgets/sample_data/sample_data_stats_display_test.dart: SampleDataStatsDisplay should display all statistics correctly      00:46 +767 -66: C:/Users/Thibaut/Desktop/PriorisProject/test/presentation/widgets/sample_data/sample_data_stats_display_test.dart: SampleDataStatsDisplay should display all statistics correctly      00:46 +767 -66: C:/Users/Thibaut/Desktop/PriorisProject/test/presentation/widgets/sample_data/sample_data_stats_display_test.dart: SampleDataStatsDisplay should display correct icons                 00:46 +768 -66: C:/Users/Thibaut/Desktop/PriorisProject/test/presentation/widgets/sample_data/sample_data_stats_display_test.dart: SampleDataStatsDisplay should display correct icons                 00:46 +768 -66: C:/Users/Thibaut/Desktop/PriorisProject/test/presentation/widgets/sample_data/sample_data_stats_display_test.dart: SampleDataStatsDisplay should have correct layout structure         00:46 +769 -66: C:/Users/Thibaut/Desktop/PriorisProject/test/presentation/widgets/sample_data/sample_data_stats_display_test.dart: SampleDataStatsDisplay should have correct layout structure         00:46 +769 -66: C:/Users/Thibaut/Desktop/PriorisProject/test/presentation/widgets/sample_data/sample_data_stats_display_test.dart: SampleDataStatsDisplay should handle different stats values         00:46 +770 -66: C:/Users/Thibaut/Desktop/PriorisProject/test/presentation/widgets/sample_data/sample_data_warning_banner_test.dart: ... should display warning message with correct styling            00:46 +771 -66: C:/Users/Thibaut/Desktop/PriorisProject/test/presentation/widgets/sample_data/sample_data_warning_banner_test.dart: ... should display warning message with correct styling            00:46 +772 -66: C:/Users/Thibaut/Desktop/PriorisProject/test/presentation/widgets/sample_data/sample_data_warning_banner_test.dart: ... should display warning message with correct styling            00:46 +772 -66: C:/Users/Thibaut/Desktop/PriorisProject/test/presentation/widgets/sample_data/sample_data_warning_banner_test.dart: SampleDataWarningBanner should have correct layout structure       00:46 +773 -66: C:/Users/Thibaut/Desktop/PriorisProject/test/presentation/widgets/sample_data/sample_data_warning_banner_test.dart: SampleDataWarningBanner should have correct layout structure       00:46 +773 -66: C:/Users/Thibaut/Desktop/PriorisProject/test/presentation/widgets/sample_data/sample_data_warning_banner_test.dart: SampleDataWarningBanner should have correct text styling           00:46 +774 -66: C:/Users/Thibaut/Desktop/PriorisProject/test/presentation/widgets/sample_data/sample_data_warning_banner_test.dart: SampleDataWarningBanner should have correct text styling           00:46 +774 -66: loading C:/Users/Thibaut/Desktop/PriorisProject/test/widget_test.dart                                                                                                                  00:46 +774 -66: C:/Users/Thibaut/Desktop/PriorisProject/test/widget_test.dart: App starts without crashing                                                                                             00:47 +774 -66: C:/Users/Thibaut/Desktop/PriorisProject/test/widget_test.dart: App starts without crashing                                                                                             00:47 +775 -66: C:/Users/Thibaut/Desktop/PriorisProject/test/widget_test.dart: App starts without crashing                                                                                             00:47 +775 -66: Some tests failed.                                                                                                                                                                     
